Java HotSpot(TM) 64-Bit Server VM (24.79-b02) for linux-amd64 JRE (1.7.0_79-b15), built on Apr 10 2015 11:34:48 by "java_re" with gcc 4.3.0 20080428 (Red Hat 4.3.0-8)
Memory: 4k page, physical 8046080k(3890708k free), swap 2097148k(2027304k free)
CommandLine flags: -XX:InitialHeapSize=3221225472 -XX:MaxDirectMemorySize=1073741824 -XX:MaxHeapSize=3221225472 -XX:MaxPermSize=268435456 -XX:MaxTenuringThreshold=6 -XX:NewRatio=4 -XX:OldPLABSize=16 -XX:+PrintGC -XX:+PrintGCDetails -XX:+PrintGCTimeStamps -XX:+UseCompressedOops -XX:+UseConcMarkSweepGC -XX:+UseParNewGC 
3.332: [GC3.333: [ParNew: 502385K->62911K(566208K), 0.0644440 secs] 502385K->74283K(3082816K), 0.0645700 secs] [Times: user=0.07 sys=0.02, real=0.06 secs] 
5.036: [GC5.037: [ParNew: 566207K->62912K(566208K), 0.0652150 secs] 577579K->144191K(3082816K), 0.0653210 secs] [Times: user=0.20 sys=0.03, real=0.07 secs] 
5.821: [GC5.822: [ParNew: 566208K->62912K(566208K), 0.2321100 secs] 647487K->255126K(3082816K), 0.2322100 secs] [Times: user=0.36 sys=0.06, real=0.23 secs] 
6.705: [GC6.706: [ParNew: 566208K->62912K(566208K), 0.1526030 secs] 758422K->417395K(3082816K), 0.1527030 secs] [Times: user=0.39 sys=0.07, real=0.15 secs] 
7.572: [GC7.572: [ParNew: 566208K->62912K(566208K), 0.1737930 secs] 920691K->587308K(3082816K), 0.1738860 secs] [Times: user=0.46 sys=0.08, real=0.17 secs] 
8.371: [GC8.371: [ParNew: 566208K->62912K(566208K), 0.1631680 secs] 1090604K->760129K(3082816K), 0.1641410 secs] [Times: user=0.45 sys=0.07, real=0.16 secs] 
9.181: [GC9.181: [ParNew: 566208K->62912K(566208K), 0.1665770 secs] 1263425K->936657K(3082816K), 0.1666810 secs] [Times: user=0.47 sys=0.07, real=0.16 secs] 
10.188: [GC10.189: [ParNew: 566208K->62912K(566208K), 0.1658750 secs] 1439953K->1107688K(3082816K), 0.1659740 secs] [Times: user=0.45 sys=0.06, real=0.17 secs] 
11.032: [GC11.032: [ParNew: 565297K->62912K(566208K), 0.2556040 secs] 1610073K->1278769K(3082816K), 0.2557260 secs] [Times: user=0.71 sys=0.12, real=0.25 secs] 
11.426: [GC11.426: [ParNew: 566208K->62908K(566208K), 0.0737710 secs] 1782065K->1357262K(3082816K), 0.0738750 secs] [Times: user=0.23 sys=0.03, real=0.07 secs] 
11.523: [GC [1 CMS-initial-mark: 1294353K(2516608K)] 1476243K(3082816K), 0.1105480 secs] [Times: user=0.11 sys=0.01, real=0.11 secs] 
11.633: [CMS-concurrent-mark-start]
11.708: [GC11.708: [ParNew: 566204K->49150K(566208K), 0.0371960 secs] 1860558K->1388067K(3082816K), 0.0373060 secs] [Times: user=0.11 sys=0.01, real=0.04 secs] 
11.846: [GC11.846: [ParNew: 552446K->12288K(566208K), 0.0049340 secs] 1891363K->1351204K(3082816K), 0.0050510 secs] [Times: user=0.02 sys=0.00, real=0.01 secs] 
11.962: [GC11.962: [ParNew: 515584K->3072K(566208K), 0.0042950 secs] 1854500K->1341989K(3082816K), 0.0044120 secs] [Times: user=0.02 sys=0.00, real=0.00 secs] 
12.069: [GC12.069: [ParNew: 506368K->769K(566208K), 0.0041460 secs] 1845285K->1339685K(3082816K), 0.0042450 secs] [Times: user=0.02 sys=0.00, real=0.01 secs] 
12.171: [GC12.171: [ParNew: 504065K->145K(566208K), 0.0064520 secs] 1842981K->1339061K(3082816K), 0.0065450 secs] [Times: user=0.02 sys=0.00, real=0.00 secs] 
12.293: [GC12.293: [ParNew: 503441K->75K(566208K), 0.0042670 secs] 1842357K->1338991K(3082816K), 0.0043670 secs] [Times: user=0.01 sys=0.00, real=0.00 secs] 
12.393: [GC12.393: [ParNew: 503371K->18K(566208K), 0.0043800 secs] 1842287K->1338936K(3082816K), 0.0044820 secs] [Times: user=0.02 sys=0.01, real=0.00 secs] 
12.495: [GC12.495: [ParNew: 503314K->12K(566208K), 0.0069030 secs] 1842232K->1338930K(3082816K), 0.0070020 secs] [Times: user=0.02 sys=0.00, real=0.01 secs] 
12.607: [CMS-concurrent-mark: 0.883/0.974 secs] [Times: user=3.76 sys=0.03, real=0.97 secs] 
12.607: [CMS-concurrent-preclean-start]
12.611: [GC12.611: [ParNew: 503308K->12K(566208K), 0.0064110 secs] 1842226K->1338930K(3082816K), 0.0065020 secs] [Times: user=0.02 sys=0.00, real=0.00 secs] 
12.619: [CMS-concurrent-preclean: 0.004/0.012 secs] [Times: user=0.02 sys=0.00, real=0.01 secs] 
12.619: [CMS-concurrent-abortable-preclean-start]
12.728: [CMS-concurrent-abortable-preclean: 0.009/0.109 secs] [Times: user=0.36 sys=0.02, real=0.11 secs] 
12.732: [GC[YG occupancy: 462675 K (566208 K)]12.732: [Rescan (parallel) , 0.3431580 secs]13.075: [weak refs processing, 0.0000480 secs]13.075: [scrub string table, 0.0003740 secs] [1 CMS-remark: 1338918K(2516608K)] 1801594K(3082816K), 0.3437270 secs] [Times: user=1.27 sys=0.02, real=0.34 secs] 
13.076: [CMS-concurrent-sweep-start]
13.092: [GC13.092: [ParNew: 503308K->1585K(566208K), 0.0059010 secs] 1822622K->1320900K(3082816K), 0.0060090 secs] [Times: user=0.02 sys=0.00, real=0.00 secs] 
13.433: [CMS-concurrent-sweep: 0.336/0.357 secs] [Times: user=0.89 sys=0.05, real=0.36 secs] 
13.434: [CMS-concurrent-reset-start]
13.441: [CMS-concurrent-reset: 0.007/0.007 secs] [Times: user=0.02 sys=0.01, real=0.01 secs] 
13.624: [GC13.624: [ParNew: 504881K->62912K(566208K), 0.0664850 secs] 1778639K->1383395K(3082816K), 0.0666080 secs] [Times: user=0.22 sys=0.01, real=0.06 secs] 
14.261: [GC14.261: [ParNew: 566208K->62912K(566208K), 0.1496450 secs] 1886691K->1550345K(3082816K), 0.1497450 secs] [Times: user=0.40 sys=0.06, real=0.14 secs] 
15.148: [GC15.148: [ParNew: 566208K->62912K(566208K), 0.1492550 secs] 2053641K->1720560K(3082816K), 0.1493600 secs] [Times: user=0.39 sys=0.08, real=0.15 secs] 
16.038: [GC16.038: [ParNew: 566208K->62912K(566208K), 0.1565040 secs] 2223856K->1901318K(3082816K), 0.1566510 secs] [Times: user=0.43 sys=0.07, real=0.16 secs] 
16.197: [GC [1 CMS-initial-mark: 1838406K(2516608K)] 1911088K(3082816K), 0.0264200 secs] [Times: user=0.03 sys=0.00, real=0.03 secs] 
16.224: [CMS-concurrent-mark-start]
16.723: [GC16.723: [ParNew: 566208K->62912K(566208K), 0.1893410 secs] 2404614K->1999940K(3082816K), 0.1895160 secs] [Times: user=0.32 sys=0.14, real=0.19 secs] 
17.196: [GC17.196: [ParNew: 566208K->62839K(566208K), 0.1035780 secs] 2503236K->2062777K(3082816K), 0.1037380 secs] [Times: user=0.18 sys=0.07, real=0.10 secs] 
17.402: [CMS-concurrent-mark: 0.883/1.178 secs] [Times: user=3.20 sys=0.29, real=1.18 secs] 
17.402: [CMS-concurrent-preclean-start]
17.416: [CMS-concurrent-preclean: 0.013/0.013 secs] [Times: user=0.04 sys=0.00, real=0.01 secs] 
17.416: [CMS-concurrent-abortable-preclean-start]
17.605: [GC17.605: [ParNew: 566135K->53834K(566208K), 0.0253230 secs] 2566073K->2053772K(3082816K), 0.0255030 secs] [Times: user=0.10 sys=0.01, real=0.03 secs] 
17.821: [GC17.821: [ParNew: 557130K->38541K(566208K), 0.0616640 secs] 2557068K->2061773K(3082816K), 0.0618100 secs] [Times: user=0.10 sys=0.05, real=0.06 secs] 
17.907: [CMS-concurrent-abortable-preclean: 0.401/0.491 secs] [Times: user=1.67 sys=0.11, real=0.49 secs] 
17.908: [GC[YG occupancy: 129189 K (566208 K)]17.908: [Rescan (parallel) , 0.0462140 secs]17.955: [weak refs processing, 0.0000350 secs]17.955: [scrub string table, 0.0004280 secs] [1 CMS-remark: 2023232K(2516608K)] 2152421K(3082816K), 0.0468930 secs] [Times: user=0.17 sys=0.00, real=0.05 secs] 
17.955: [CMS-concurrent-sweep-start]
18.119: [GC18.120: [ParNew: 541837K->45962K(566208K), 0.0222440 secs] 2564827K->2068952K(3082816K), 0.0224160 secs] [Times: user=0.07 sys=0.01, real=0.03 secs] 
18.297: [GC18.297: [ParNew: 549258K->32844K(566208K), 0.0468190 secs] 2572247K->2076745K(3082816K), 0.0469860 secs] [Times: user=0.10 sys=0.03, real=0.05 secs] 
18.494: [GC18.494: [ParNew: 536140K->30141K(566208K), 0.0128980 secs] 2580028K->2074029K(3082816K), 0.0130520 secs] [Times: user=0.04 sys=0.00, real=0.01 secs] 
18.657: [GC18.657: [ParNew: 533437K->38804K(566208K), 0.0138390 secs] 2577320K->2082688K(3082816K), 0.0139960 secs] [Times: user=0.04 sys=0.00, real=0.02 secs] 
18.873: [CMS-concurrent-sweep: 0.788/0.918 secs] [Times: user=3.20 sys=0.16, real=0.92 secs] 
18.873: [CMS-concurrent-reset-start]
18.880: [CMS-concurrent-reset: 0.007/0.007 secs] [Times: user=0.02 sys=0.00, real=0.00 secs] 
18.903: [GC18.903: [ParNew: 542100K->55868K(566208K), 0.0147400 secs] 2577772K->2091540K(3082816K), 0.0148820 secs] [Times: user=0.05 sys=0.00, real=0.01 secs] 
19.361: [GC19.361: [ParNew: 559164K->62912K(566208K), 0.0257020 secs] 2594836K->2105657K(3082816K), 0.0258680 secs] [Times: user=0.10 sys=0.00, real=0.03 secs] 
19.577: [GC19.577: [ParNew: 566208K->46402K(566208K), 0.0510790 secs] 2608953K->2111926K(3082816K), 0.0512360 secs] [Times: user=0.10 sys=0.03, real=0.05 secs] 
19.831: [GC19.831: [ParNew: 549698K->38263K(566208K), 0.0135740 secs] 2615222K->2103788K(3082816K), 0.0137140 secs] [Times: user=0.05 sys=0.00, real=0.02 secs] 
20.045: [GC20.045: [ParNew: 541559K->52004K(566208K), 0.0154920 secs] 2607084K->2117528K(3082816K), 0.0156370 secs] [Times: user=0.06 sys=0.00, real=0.01 secs] 
20.366: [GC20.366: [ParNew: 555300K->62912K(566208K), 0.0647580 secs] 2620824K->2141441K(3082816K), 0.0649110 secs] [Times: user=0.13 sys=0.05, real=0.06 secs] 
21.139: [GC21.139: [ParNew: 566208K->62912K(566208K), 0.1338770 secs] 2644737K->2237945K(3082816K), 0.1340200 secs] [Times: user=0.26 sys=0.08, real=0.14 secs] 
21.274: [GC [1 CMS-initial-mark: 2175033K(2516608K)] 2239760K(3082816K), 0.0228350 secs] [Times: user=0.03 sys=0.00, real=0.02 secs] 
21.297: [CMS-concurrent-mark-start]
21.812: [CMS-concurrent-mark: 0.515/0.515 secs] [Times: user=0.91 sys=0.03, real=0.52 secs] 
21.812: [CMS-concurrent-preclean-start]
21.818: [CMS-concurrent-preclean: 0.006/0.006 secs] [Times: user=0.01 sys=0.00, real=0.00 secs] 
21.818: [CMS-concurrent-abortable-preclean-start]
22.239: [GC22.239: [ParNew: 566208K->62912K(566208K), 0.2758800 secs] 2741241K->2400824K(3082816K), 0.2760230 secs] [Times: user=0.42 sys=0.19, real=0.28 secs] 
22.601: [CMS-concurrent-abortable-preclean: 0.406/0.783 secs] [Times: user=1.21 sys=0.21, real=0.78 secs] 
22.602: [GC[YG occupancy: 200337 K (566208 K)]22.602: [Rescan (parallel) , 0.0530260 secs]22.655: [weak refs processing, 0.0000290 secs]22.655: [scrub string table, 0.0003680 secs] [1 CMS-remark: 2337912K(2516608K)] 2538249K(3082816K), 0.0535580 secs] [Times: user=0.19 sys=0.01, real=0.05 secs] 
22.655: [CMS-concurrent-sweep-start]
23.267: [GC23.267: [ParNew: 566208K->62912K(566208K), 0.1464030 secs] 2128208K->1767396K(3082816K), 0.1465540 secs] [Times: user=0.45 sys=0.04, real=0.15 secs] 
23.495: [CMS-concurrent-sweep: 0.693/0.840 secs] [Times: user=1.72 sys=0.08, real=0.84 secs] 
23.495: [CMS-concurrent-reset-start]
23.506: [CMS-concurrent-reset: 0.011/0.011 secs] [Times: user=0.04 sys=0.00, real=0.01 secs] 
23.644: [GC23.644: [ParNew: 566208K->62912K(566208K), 0.0688690 secs] 2227478K->1793555K(3082816K), 0.0690290 secs] [Times: user=0.21 sys=0.02, real=0.07 secs] 
24.304: [GC24.304: [ParNew: 566208K->62912K(566208K), 0.0839610 secs] 2296851K->1887994K(3082816K), 0.0841240 secs] [Times: user=0.27 sys=0.01, real=0.08 secs] 
25.385: [GC25.385: [ParNew: 559333K->62912K(566208K), 0.1300520 secs] 2384416K->2054899K(3082816K), 0.1301940 secs] [Times: user=0.40 sys=0.04, real=0.13 secs] 
25.530: [GC [1 CMS-initial-mark: 1991987K(2516608K)] 2101399K(3082816K), 0.0356640 secs] [Times: user=0.03 sys=0.00, real=0.04 secs] 
25.565: [CMS-concurrent-mark-start]
25.714: [GC25.714: [ParNew: 566208K->62912K(566208K), 0.0655150 secs] 2558195K->2119212K(3082816K), 0.0656810 secs] [Times: user=0.21 sys=0.01, real=0.06 secs] 
25.921: [GC25.921: [ParNew: 566208K->49128K(566208K), 0.0426770 secs] 2622508K->2150016K(3082816K), 0.0428520 secs] [Times: user=0.14 sys=0.01, real=0.05 secs] 
26.108: [GC26.108: [ParNew: 552424K->37487K(566208K), 0.0156820 secs] 2653312K->2138375K(3082816K), 0.0158460 secs] [Times: user=0.05 sys=0.00, real=0.02 secs] 
26.264: [GC26.264: [ParNew: 540783K->52831K(566208K), 0.0183510 secs] 2641671K->2153719K(3082816K), 0.0185580 secs] [Times: user=0.07 sys=0.00, real=0.02 secs] 
26.418: [GC26.418: [ParNew: 556127K->45923K(566208K), 0.0278240 secs] 2657015K->2164326K(3082816K), 0.0279800 secs] [Times: user=0.09 sys=0.00, real=0.03 secs] 
26.595: [GC26.595: [ParNew: 549219K->33758K(566208K), 0.0252240 secs] 2667622K->2164311K(3082816K), 0.0253750 secs] [Times: user=0.09 sys=0.01, real=0.02 secs] 
26.713: [CMS-concurrent-mark: 0.944/1.147 secs] [Times: user=4.08 sys=0.13, real=1.14 secs] 
26.713: [CMS-concurrent-preclean-start]
26.737: [CMS-concurrent-preclean: 0.024/0.024 secs] [Times: user=0.08 sys=0.01, real=0.03 secs] 
26.737: [CMS-concurrent-abortable-preclean-start]
26.795: [GC26.795: [ParNew: 537054K->32527K(566208K), 0.0235650 secs] 2667607K->2163080K(3082816K), 0.0237340 secs] [Times: user=0.09 sys=0.00, real=0.02 secs] 
26.981: [GC26.982: [ParNew: 535823K->42155K(566208K), 0.0191680 secs] 2666376K->2172708K(3082816K), 0.0193510 secs] [Times: user=0.06 sys=0.00, real=0.02 secs] 
27.001: [CMS-concurrent-abortable-preclean: 0.198/0.264 secs] [Times: user=0.90 sys=0.06, real=0.26 secs] 
27.002: [GC[YG occupancy: 46500 K (566208 K)]27.002: [Rescan (parallel) , 0.0103300 secs]27.012: [weak refs processing, 0.0000470 secs]27.012: [scrub string table, 0.0004570 secs] [1 CMS-remark: 2130553K(2516608K)] 2177053K(3082816K), 0.0109840 secs] [Times: user=0.03 sys=0.00, real=0.02 secs] 
27.020: [CMS-concurrent-sweep-start]
27.165: [GC27.165: [ParNew: 545451K->33331K(566208K), 0.0159920 secs] 2675943K->2163823K(3082816K), 0.0161330 secs] [Times: user=0.06 sys=0.00, real=0.01 secs] 
27.332: [GC27.332: [ParNew: 536627K->21287K(566208K), 0.0191520 secs] 2667119K->2162292K(3082816K), 0.0193000 secs] [Times: user=0.07 sys=0.00, real=0.02 secs] 
27.538: [GC27.538: [ParNew: 524583K->15022K(566208K), 0.0119160 secs] 2653170K->2153709K(3082816K), 0.0120530 secs] [Times: user=0.04 sys=0.00, real=0.01 secs] 
27.616: [CMS-concurrent-sweep: 0.539/0.596 secs] [Times: user=2.03 sys=0.06, real=0.60 secs] 
27.616: [CMS-concurrent-reset-start]
27.625: [CMS-concurrent-reset: 0.009/0.009 secs] [Times: user=0.02 sys=0.01, real=0.01 secs] 
27.947: [GC27.947: [ParNew: 518318K->10725K(566208K), 0.0101180 secs] 2657003K->2152238K(3082816K), 0.0102950 secs] [Times: user=0.03 sys=0.00, real=0.01 secs] 
28.605: [GC28.606: [ParNew: 514021K->59589K(566208K), 0.0224260 secs] 2655534K->2201103K(3082816K), 0.0225760 secs] [Times: user=0.08 sys=0.00, real=0.02 secs] 
29.276: [GC29.277: [ParNew: 562885K->62912K(566208K), 0.0497980 secs] 2704399K->2257647K(3082816K), 0.0499430 secs] [Times: user=0.16 sys=0.01, real=0.05 secs] 
30.115: [GC30.115: [ParNew: 566208K->62912K(566208K), 0.0683750 secs] 2760943K->2329401K(3082816K), 0.0685480 secs] [Times: user=0.24 sys=0.00, real=0.07 secs] 
30.186: [GC [1 CMS-initial-mark: 2266489K(2516608K)] 2342737K(3082816K), 0.0258310 secs] [Times: user=0.03 sys=0.00, real=0.02 secs] 
30.212: [CMS-concurrent-mark-start]
30.811: [CMS-concurrent-mark: 0.598/0.599 secs] [Times: user=1.03 sys=0.05, real=0.60 secs] 
30.812: [CMS-concurrent-preclean-start]
30.819: [CMS-concurrent-preclean: 0.007/0.007 secs] [Times: user=0.01 sys=0.00, real=0.01 secs] 
30.819: [CMS-concurrent-abortable-preclean-start]
31.101: [GC31.101: [ParNew31.190: [CMS-concurrent-abortable-preclean: 0.271/0.371 secs] [Times: user=0.71 sys=0.04, real=0.37 secs] 
: 566208K->62912K(566208K), 0.2196250 secs] 2832697K->2481440K(3082816K), 0.2197630 secs] [Times: user=0.43 sys=0.11, real=0.22 secs] 
31.322: [GC[YG occupancy: 70866 K (566208 K)]31.322: [Rescan (parallel) , 0.0305070 secs]31.353: [weak refs processing, 0.0000320 secs]31.353: [scrub string table, 0.0003860 secs] [1 CMS-remark: 2418528K(2516608K)] 2489395K(3082816K), 0.0311280 secs] [Times: user=0.12 sys=0.00, real=0.04 secs] 
31.353: [CMS-concurrent-sweep-start]
32.111: [CMS-concurrent-sweep: 0.758/0.758 secs] [Times: user=1.18 sys=0.02, real=0.75 secs] 
32.111: [CMS-concurrent-reset-start]
32.117: [CMS-concurrent-reset: 0.006/0.006 secs] [Times: user=0.01 sys=0.00, real=0.01 secs] 
32.438: [GC32.438: [ParNew: 564126K->62912K(566208K), 0.1392430 secs] 2243168K->1914776K(3082816K), 0.1393930 secs] [Times: user=0.41 sys=0.04, real=0.14 secs] 
32.583: [GC [1 CMS-initial-mark: 1851864K(2516608K)] 1927102K(3082816K), 0.0411880 secs] [Times: user=0.04 sys=0.00, real=0.05 secs] 
32.624: [CMS-concurrent-mark-start]
33.399: [CMS-concurrent-mark: 0.775/0.775 secs] [Times: user=1.14 sys=0.02, real=0.77 secs] 
33.399: [CMS-concurrent-preclean-start]
33.404: [CMS-concurrent-preclean: 0.004/0.004 secs] [Times: user=0.01 sys=0.00, real=0.00 secs] 
33.404: [CMS-concurrent-abortable-preclean-start]
33.682: [GC33.682: [ParNew33.749: [CMS-concurrent-abortable-preclean: 0.246/0.346 secs] [Times: user=0.61 sys=0.02, real=0.34 secs] 
: 566208K->62912K(566208K), 0.1565200 secs] 2418072K->2073275K(3082816K), 0.1566770 secs] [Times: user=0.48 sys=0.04, real=0.16 secs] 
33.840: [GC[YG occupancy: 68562 K (566208 K)]33.840: [Rescan (parallel) , 0.0354340 secs]33.875: [weak refs processing, 0.0000230 secs]33.875: [scrub string table, 0.0004230 secs] [1 CMS-remark: 2010363K(2516608K)] 2078925K(3082816K), 0.0360230 secs] [Times: user=0.14 sys=0.00, real=0.04 secs] 
33.876: [CMS-concurrent-sweep-start]
34.037: [GC34.037: [ParNew: 566208K->62843K(566208K), 0.0543760 secs] 2576454K->2136000K(3082816K), 0.0545420 secs] [Times: user=0.16 sys=0.01, real=0.05 secs] 
34.249: [GC34.249: [ParNew: 566139K->52006K(566208K), 0.0199200 secs] 2637247K->2123114K(3082816K), 0.0200620 secs] [Times: user=0.07 sys=0.00, real=0.02 secs] 
34.402: [GC34.402: [ParNew: 555302K->37845K(566208K), 0.0320880 secs] 2626401K->2136389K(3082816K), 0.0322350 secs] [Times: user=0.10 sys=0.00, real=0.04 secs] 
34.561: [GC34.561: [ParNew: 541141K->54115K(566208K), 0.0167460 secs] 2635575K->2148549K(3082816K), 0.0169050 secs] [Times: user=0.07 sys=0.01, real=0.02 secs] 
34.621: [CMS-concurrent-sweep: 0.612/0.746 secs] [Times: user=2.51 sys=0.05, real=0.74 secs] 
34.621: [CMS-concurrent-reset-start]
34.634: [CMS-concurrent-reset: 0.012/0.012 secs] [Times: user=0.05 sys=0.00, real=0.02 secs] 
34.721: [GC34.721: [ParNew: 557411K->32429K(566208K), 0.0225840 secs] 2651844K->2141209K(3082816K), 0.0227550 secs] [Times: user=0.07 sys=0.01, real=0.03 secs] 
34.853: [GC34.853: [ParNew: 535725K->31793K(566208K), 0.0121460 secs] 2644505K->2140573K(3082816K), 0.0122900 secs] [Times: user=0.04 sys=0.00, real=0.02 secs] 
34.994: [GC34.994: [ParNew: 535089K->35529K(566208K), 0.0142610 secs] 2643869K->2144309K(3082816K), 0.0143980 secs] [Times: user=0.05 sys=0.01, real=0.01 secs] 
35.148: [GC35.148: [ParNew: 538825K->34874K(566208K), 0.0115480 secs] 2647605K->2143654K(3082816K), 0.0116850 secs] [Times: user=0.05 sys=0.00, real=0.01 secs] 
35.324: [GC35.324: [ParNew: 538170K->23141K(566208K), 0.0166000 secs] 2646950K->2146186K(3082816K), 0.0167390 secs] [Times: user=0.06 sys=0.01, real=0.01 secs] 
35.801: [GC35.801: [ParNew: 526437K->9993K(566208K), 0.0100380 secs] 2649482K->2137355K(3082816K), 0.0101790 secs] [Times: user=0.03 sys=0.00, real=0.01 secs] 
36.311: [GC36.311: [ParNew: 513289K->3696K(566208K), 0.0145290 secs] 2640651K->2135575K(3082816K), 0.0146730 secs] [Times: user=0.04 sys=0.00, real=0.02 secs] 
36.774: [GC36.774: [ParNew: 506992K->3771K(566208K), 0.0065840 secs] 2638871K->2135651K(3082816K), 0.0067310 secs] [Times: user=0.02 sys=0.00, real=0.00 secs] 
37.316: [GC37.316: [ParNew: 507067K->28718K(566208K), 0.0150790 secs] 2638947K->2160599K(3082816K), 0.0152100 secs] [Times: user=0.05 sys=0.01, real=0.01 secs] 
38.407: [GC38.407: [ParNew: 532014K->62912K(566208K), 0.0370150 secs] 2663895K->2209264K(3082816K), 0.0371950 secs] [Times: user=0.14 sys=0.00, real=0.04 secs] 
40.034: [GC40.034: [ParNew: 566208K->62912K(566208K), 0.0596740 secs] 2712560K->2268003K(3082816K), 0.0598360 secs] [Times: user=0.19 sys=0.01, real=0.06 secs] 
41.612: [GC41.612: [ParNew: 566208K->54728K(566208K), 0.0359880 secs] 2771299K->2314841K(3082816K), 0.0361830 secs] [Times: user=0.11 sys=0.00, real=0.04 secs] 
41.801: [GC41.801: [ParNew: 558024K->10260K(566208K), 0.0061340 secs] 2818137K->2270373K(3082816K), 0.0062660 secs] [Times: user=0.01 sys=0.00, real=0.01 secs] 
41.909: [GC41.909: [ParNew: 513556K->2612K(566208K), 0.0089350 secs] 2773669K->2262725K(3082816K), 0.0090820 secs] [Times: user=0.02 sys=0.01, real=0.01 secs] 
42.003: [GC42.003: [ParNew: 505908K->938K(566208K), 0.0094080 secs] 2766021K->2261052K(3082816K), 0.0095480 secs] [Times: user=0.02 sys=0.00, real=0.01 secs] 
42.111: [GC42.111: [ParNew: 504234K->585K(566208K), 0.0076670 secs] 2764348K->2260698K(3082816K), 0.0078050 secs] [Times: user=0.02 sys=0.00, real=0.01 secs] 
42.206: [GC42.207: [ParNew: 503881K->475K(566208K), 0.0074530 secs] 2763994K->2260588K(3082816K), 0.0075980 secs] [Times: user=0.02 sys=0.00, real=0.00 secs] 
42.313: [GC42.313: [ParNew: 503771K->304K(566208K), 0.0070330 secs] 2763884K->2260610K(3082816K), 0.0072040 secs] [Times: user=0.02 sys=0.00, real=0.01 secs] 
42.423: [GC42.423: [ParNew: 503600K->122K(566208K), 0.0075020 secs] 2763906K->2260600K(3082816K), 0.0076520 secs] [Times: user=0.02 sys=0.00, real=0.01 secs] 
42.534: [GC42.534: [ParNew: 503418K->23K(566208K), 0.0085150 secs] 2763896K->2260502K(3082816K), 0.0086500 secs] [Times: user=0.02 sys=0.00, real=0.01 secs] 
42.638: [GC42.638: [ParNew: 503319K->11K(566208K), 0.0060790 secs] 2763798K->2260491K(3082816K), 0.0062460 secs] [Times: user=0.01 sys=0.00, real=0.00 secs] 
42.729: [GC42.729: [ParNew: 503307K->10K(566208K), 0.0082740 secs] 2763787K->2260490K(3082816K), 0.0084100 secs] [Times: user=0.02 sys=0.00, real=0.01 secs] 
42.824: [GC42.824: [ParNew: 503306K->10K(566208K), 0.0057540 secs] 2763786K->2260490K(3082816K), 0.0058770 secs] [Times: user=0.02 sys=0.00, real=0.01 secs] 
42.967: [GC42.967: [ParNew: 503306K->155K(566208K), 0.0109920 secs] 2763786K->2260636K(3082816K), 0.0111410 secs] [Times: user=0.03 sys=0.00, real=0.01 secs] 
43.135: [GC43.135: [ParNew: 503451K->6217K(566208K), 0.0073030 secs] 2763932K->2266699K(3082816K), 0.0074540 secs] [Times: user=0.02 sys=0.00, real=0.00 secs] 
43.270: [GC43.270: [ParNew: 509513K->38868K(566208K), 0.0171880 secs] 2769995K->2299350K(3082816K), 0.0173300 secs] [Times: user=0.06 sys=0.01, real=0.02 secs] 
43.431: [GC43.432: [ParNew: 542164K->62912K(566208K), 0.0365170 secs] 2802646K->2331444K(3082816K), 0.0366710 secs] [Times: user=0.10 sys=0.00, real=0.04 secs] 
44.258: [GC44.258: [ParNew: 566208K->62912K(566208K), 0.1253670 secs] 2834740K->2477085K(3082816K), 0.1255000 secs] [Times: user=0.40 sys=0.02, real=0.12 secs] 
44.390: [GC [1 CMS-initial-mark: 2414173K(2516608K)] 2491994K(3082816K), 0.0303730 secs] [Times: user=0.03 sys=0.00, real=0.03 secs] 
44.420: [CMS-concurrent-mark-start]
45.101: [CMS-concurrent-mark: 0.680/0.680 secs] [Times: user=1.20 sys=0.05, real=0.68 secs] 
45.107: [CMS-concurrent-preclean-start]
45.112: [CMS-concurrent-preclean: 0.005/0.005 secs] [Times: user=0.01 sys=0.00, real=0.00 secs] 
45.112: [CMS-concurrent-abortable-preclean-start]
45.112: [CMS-concurrent-abortable-preclean: 0.000/0.000 secs] [Times: user=0.00 sys=0.00, real=0.00 secs] 
45.114: [GC[YG occupancy: 555062 K (566208 K)]45.114: [Rescan (parallel) , 0.1942770 secs]45.309: [weak refs processing, 0.0000290 secs]45.309: [scrub string table, 0.0003560 secs] [1 CMS-remark: 2414173K(2516608K)] 2969235K(3082816K), 0.1948180 secs] [Times: user=0.73 sys=0.02, real=0.20 secs] 
45.314: [CMS-concurrent-sweep-start]
45.314: [GC45.314: [ParNew: 566208K->566208K(566208K), 0.0000260 secs]45.314: [CMS46.086: [CMS-concurrent-sweep: 0.772/0.772 secs] [Times: user=0.73 sys=0.00, real=0.78 secs] 
 (concurrent mode failure): 2414173K->1906176K(2516608K), 2.9454450 secs] 2980381K->1906176K(3082816K), [CMS Perm : 45347K->45301K(74876K)], 2.9456530 secs] [Times: user=2.88 sys=0.00, real=2.95 secs] 
48.682: [GC48.682: [ParNew: 503296K->62912K(566208K), 0.0733690 secs] 2409472K->2038378K(3082816K), 0.0735340 secs] [Times: user=0.25 sys=0.00, real=0.08 secs] 
48.890: [GC48.890: [ParNew: 566208K->56081K(566208K), 0.0597510 secs] 2541674K->2094458K(3082816K), 0.0599000 secs] [Times: user=0.20 sys=0.01, real=0.06 secs] 
49.101: [GC49.101: [ParNew: 559377K->62845K(566208K), 0.0506200 secs] 2597754K->2138388K(3082816K), 0.0507650 secs] [Times: user=0.18 sys=0.00, real=0.05 secs] 
49.392: [GC49.392: [ParNew: 566141K->60362K(566208K), 0.0395850 secs] 2641684K->2175675K(3082816K), 0.0397440 secs] [Times: user=0.13 sys=0.00, real=0.04 secs] 
49.666: [GC49.666: [ParNew: 563658K->45975K(566208K), 0.0185840 secs] 2678971K->2161288K(3082816K), 0.0187220 secs] [Times: user=0.06 sys=0.01, real=0.01 secs] 
49.870: [GC49.870: [ParNew: 549271K->43399K(566208K), 0.0284700 secs] 2664584K->2186371K(3082816K), 0.0286160 secs] [Times: user=0.10 sys=0.00, real=0.03 secs] 
50.031: [GC50.031: [ParNew: 546695K->29460K(566208K), 0.0125560 secs] 2689667K->2172433K(3082816K), 0.0127390 secs] [Times: user=0.05 sys=0.00, real=0.01 secs] 
50.164: [GC50.164: [ParNew: 532756K->37700K(566208K), 0.0136820 secs] 2675729K->2180672K(3082816K), 0.0138330 secs] [Times: user=0.05 sys=0.00, real=0.02 secs] 
50.310: [GC50.310: [ParNew: 540996K->34080K(566208K), 0.0164340 secs] 2683968K->2177053K(3082816K), 0.0165800 secs] [Times: user=0.06 sys=0.01, real=0.02 secs] 
50.505: [GC50.505: [ParNew: 537376K->34522K(566208K), 0.0115340 secs] 2680349K->2177495K(3082816K), 0.0116750 secs] [Times: user=0.03 sys=0.01, real=0.02 secs] 
50.696: [GC50.696: [ParNew: 537818K->28861K(566208K), 0.0177430 secs] 2680791K->2183653K(3082816K), 0.0178860 secs] [Times: user=0.05 sys=0.01, real=0.01 secs] 
51.043: [GC51.043: [ParNew: 532157K->8596K(566208K), 0.0117790 secs] 2686949K->2173312K(3082816K), 0.0119750 secs] [Times: user=0.04 sys=0.00, real=0.01 secs] 
51.486: [GC51.486: [ParNew: 511892K->2406K(566208K), 0.0071930 secs] 2676608K->2168487K(3082816K), 0.0073400 secs] [Times: user=0.02 sys=0.00, real=0.00 secs] 
51.998: [GC51.998: [ParNew: 505702K->608K(566208K), 0.0066530 secs] 2671783K->2166690K(3082816K), 0.0068160 secs] [Times: user=0.02 sys=0.00, real=0.00 secs] 
52.483: [GC52.483: [ParNew: 503904K->18191K(566208K), 0.0126280 secs] 2669986K->2184274K(3082816K), 0.0127800 secs] [Times: user=0.04 sys=0.00, real=0.01 secs] 
53.044: [GC53.044: [ParNew: 521487K->62912K(566208K), 0.0256840 secs] 2687570K->2229011K(3082816K), 0.0258570 secs] [Times: user=0.10 sys=0.00, real=0.03 secs] 
53.845: [GC53.845: [ParNew: 566208K->62912K(566208K), 0.0708160 secs] 2732307K->2300025K(3082816K), 0.0709650 secs] [Times: user=0.23 sys=0.00, real=0.07 secs] 
54.639: [GC54.639: [ParNew: 566208K->62912K(566208K), 0.1372520 secs] 2803321K->2474019K(3082816K), 0.1374020 secs] [Times: user=0.46 sys=0.01, real=0.13 secs] 
54.783: [GC [1 CMS-initial-mark: 2411107K(2516608K)] 2492155K(3082816K), 0.0347520 secs] [Times: user=0.03 sys=0.00, real=0.04 secs] 
54.818: [CMS-concurrent-mark-start]
55.510: [CMS-concurrent-mark: 0.691/0.691 secs] [Times: user=1.09 sys=0.02, real=0.69 secs] 
55.510: [CMS-concurrent-preclean-start]
55.514: [CMS-concurrent-preclean: 0.004/0.004 secs] [Times: user=0.01 sys=0.00, real=0.00 secs] 
55.603: [CMS-concurrent-abortable-preclean-start]
55.603: [CMS-concurrent-abortable-preclean: 0.000/0.000 secs] [Times: user=0.00 sys=0.00, real=0.00 secs] 
55.604: [GC[YG occupancy: 449266 K (566208 K)]55.604: [Rescan (parallel) , 0.1481000 secs]55.752: [weak refs processing, 0.0000310 secs]55.752: [scrub string table, 0.0003690 secs] [1 CMS-remark: 2411107K(2516608K)] 2860373K(3082816K), 0.1486520 secs] [Times: user=0.55 sys=0.01, real=0.15 secs] 
55.754: [CMS-concurrent-sweep-start]
55.861: [GC55.861: [ParNew: 566208K->566208K(566208K), 0.0000270 secs]55.861: [CMS56.395: [CMS-concurrent-sweep: 0.640/0.641 secs] [Times: user=0.77 sys=0.01, real=0.64 secs] 
 (concurrent mode failure): 2410858K->1989171K(2516608K), 2.6984160 secs] 2977066K->1989171K(3082816K), [CMS Perm : 45307K->45307K(75504K)], 2.6986130 secs] [Times: user=2.70 sys=0.00, real=2.70 secs] 
58.793: [GC58.793: [ParNew: 503296K->62912K(566208K), 0.0391610 secs] 2492467K->2065407K(3082816K), 0.0393010 secs] [Times: user=0.13 sys=0.00, real=0.04 secs] 
58.944: [GC58.944: [ParNew: 566208K->61904K(566208K), 0.0488040 secs] 2568703K->2129738K(3082816K), 0.0489630 secs] [Times: user=0.16 sys=0.00, real=0.05 secs] 
59.113: [GC59.113: [ParNew: 565200K->32591K(566208K), 0.0147110 secs] 2633034K->2100424K(3082816K), 0.0148590 secs] [Times: user=0.06 sys=0.01, real=0.02 secs] 
59.245: [GC59.245: [ParNew: 535887K->50889K(566208K), 0.0185130 secs] 2603720K->2118723K(3082816K), 0.0186540 secs] [Times: user=0.07 sys=0.00, real=0.02 secs] 
59.380: [GC59.380: [ParNew: 554185K->62912K(566208K), 0.0456970 secs] 2622019K->2146052K(3082816K), 0.0458590 secs] [Times: user=0.15 sys=0.01, real=0.04 secs] 
59.567: [GC59.567: [ParNew: 566208K->49661K(566208K), 0.0368680 secs] 2649348K->2161391K(3082816K), 0.0370470 secs] [Times: user=0.12 sys=0.00, real=0.04 secs] 
59.720: [GC59.720: [ParNew: 552957K->41785K(566208K), 0.0239870 secs] 2664687K->2178957K(3082816K), 0.0241370 secs] [Times: user=0.08 sys=0.00, real=0.02 secs] 
59.875: [GC59.875: [ParNew: 545081K->24283K(566208K), 0.0108870 secs] 2682253K->2161455K(3082816K), 0.0110230 secs] [Times: user=0.04 sys=0.00, real=0.01 secs] 
60.041: [GC60.042: [ParNew: 527579K->17228K(566208K), 0.0127680 secs] 2664751K->2154400K(3082816K), 0.0129010 secs] [Times: user=0.04 sys=0.01, real=0.01 secs] 
60.217: [GC60.217: [ParNew: 520524K->21778K(566208K), 0.0147830 secs] 2657696K->2158950K(3082816K), 0.0149180 secs] [Times: user=0.05 sys=0.00, real=0.02 secs] 
60.396: [GC60.396: [ParNew: 525074K->23454K(566208K), 0.0112520 secs] 2662246K->2160626K(3082816K), 0.0113950 secs] [Times: user=0.04 sys=0.00, real=0.01 secs] 
60.593: [GC60.593: [ParNew: 526750K->8496K(566208K), 0.0395080 secs] 2663922K->2159384K(3082816K), 0.0396760 secs] [Times: user=0.04 sys=0.01, real=0.04 secs] 
61.024: [GC61.024: [ParNew: 511792K->2125K(566208K), 0.0076190 secs] 2662680K->2153014K(3082816K), 0.0077670 secs] [Times: user=0.02 sys=0.00, real=0.01 secs] 
61.419: [GC61.419: [ParNew: 505421K->4932K(566208K), 0.0082620 secs] 2656310K->2155821K(3082816K), 0.0084540 secs] [Times: user=0.02 sys=0.00, real=0.01 secs] 
61.856: [GC61.856: [ParNew: 508228K->25424K(566208K), 0.0128080 secs] 2659117K->2176314K(3082816K), 0.0129420 secs] [Times: user=0.04 sys=0.00, real=0.02 secs] 
62.288: [GC62.288: [ParNew: 528720K->62912K(566208K), 0.0228070 secs] 2679610K->2214242K(3082816K), 0.0229630 secs] [Times: user=0.08 sys=0.01, real=0.02 secs] 
62.825: [GC62.825: [ParNew: 566208K->62912K(566208K), 0.1376880 secs] 2717538K->2377922K(3082816K), 0.1378580 secs] [Times: user=0.45 sys=0.00, real=0.14 secs] 
62.982: [GC [1 CMS-initial-mark: 2315010K(2516608K)] 2405581K(3082816K), 0.0355420 secs] [Times: user=0.03 sys=0.00, real=0.03 secs] 
63.017: [CMS-concurrent-mark-start]
63.636: [GC63.636: [ParNew: 566208K->566208K(566208K), 0.0000290 secs]63.636: [CMS63.716: [CMS-concurrent-mark: 0.699/0.699 secs] [Times: user=1.26 sys=0.06, real=0.70 secs] 
 (concurrent mode failure): 2315010K->1909415K(2516608K), 2.1882050 secs] 2881218K->1909415K(3082816K), [CMS Perm : 45310K->45310K(75696K)], 2.1884160 secs] [Times: user=2.19 sys=0.01, real=2.19 secs] 
66.080: [GC66.080: [ParNew: 503296K->62912K(566208K), 0.0372680 secs] 2412711K->1986210K(3082816K), 0.0373960 secs] [Times: user=0.12 sys=0.01, real=0.03 secs] 
66.489: [GC66.490: [ParNew: 566208K->62912K(566208K), 0.0645250 secs] 2489506K->2058327K(3082816K), 0.0648140 secs] [Times: user=0.21 sys=0.01, real=0.06 secs] 
67.150: [GC67.151: [ParNew: 566208K->62912K(566208K), 0.0635370 secs] 2561623K->2120371K(3082816K), 0.0636740 secs] [Times: user=0.22 sys=0.00, real=0.06 secs] 
67.344: [GC67.344: [ParNew: 566208K->57938K(566208K), 0.0444910 secs] 2623667K->2175080K(3082816K), 0.0446380 secs] [Times: user=0.15 sys=0.00, real=0.04 secs] 
67.389: [GC [1 CMS-initial-mark: 2117141K(2516608K)] 2179067K(3082816K), 0.0029410 secs] [Times: user=0.00 sys=0.00, real=0.01 secs] 
67.396: [CMS-concurrent-mark-start]
67.546: [GC67.546: [ParNew: 561234K->28188K(566208K), 0.0121800 secs] 2678376K->2145329K(3082816K), 0.0123460 secs] [Times: user=0.05 sys=0.00, real=0.02 secs] 
67.702: [GC67.702: [ParNew: 531484K->34010K(566208K), 0.0145780 secs] 2648625K->2151151K(3082816K), 0.0147230 secs] [Times: user=0.04 sys=0.00, real=0.01 secs] 
67.844: [GC67.844: [ParNew: 537306K->39582K(566208K), 0.0146850 secs] 2654447K->2156723K(3082816K), 0.0148410 secs] [Times: user=0.06 sys=0.00, real=0.01 secs] 
68.029: [GC68.029: [ParNew: 542268K->36034K(566208K), 0.0126040 secs] 2659410K->2153175K(3082816K), 0.0127450 secs] [Times: user=0.04 sys=0.00, real=0.02 secs] 
68.172: [GC68.172: [ParNew: 539330K->36562K(566208K), 0.0179710 secs] 2656471K->2153703K(3082816K), 0.0183100 secs] [Times: user=0.05 sys=0.00, real=0.02 secs] 
68.331: [CMS-concurrent-mark: 0.853/0.935 secs] [Times: user=3.20 sys=0.16, real=0.94 secs] 
68.331: [CMS-concurrent-preclean-start]
68.340: [GC68.340: [ParNew: 539858K->30579K(566208K), 0.0270440 secs] 2656999K->2156372K(3082816K), 0.0272180 secs] [Times: user=0.08 sys=0.01, real=0.02 secs] 
68.369: [CMS-concurrent-preclean: 0.010/0.038 secs] [Times: user=0.12 sys=0.01, real=0.04 secs] 
68.369: [CMS-concurrent-abortable-preclean-start]
68.489: [CMS-concurrent-abortable-preclean: 0.120/0.120 secs] [Times: user=0.40 sys=0.04, real=0.12 secs] 
68.494: [GC[YG occupancy: 380577 K (566208 K)]68.494: [Rescan (parallel) , 0.2800430 secs]68.774: [weak refs processing, 0.0000220 secs]68.774: [scrub string table, 0.0004190 secs] [1 CMS-remark: 2125793K(2516608K)] 2506370K(3082816K), 0.2807450 secs] [Times: user=1.04 sys=0.01, real=0.28 secs] 
68.776: [CMS-concurrent-sweep-start]
68.843: [GC68.843: [ParNew: 533875K->15070K(566208K), 0.0169780 secs] 2659668K->2149514K(3082816K), 0.0172010 secs] [Times: user=0.05 sys=0.00, real=0.02 secs] 
69.017: [GC69.017: [ParNew: 518366K->5712K(566208K), 0.0147550 secs] 2652810K->2147340K(3082816K), 0.0149450 secs] [Times: user=0.05 sys=0.00, real=0.02 secs] 
69.204: [GC69.204: [ParNew: 509008K->1429K(566208K), 0.0053390 secs] 2610184K->2102606K(3082816K), 0.0054620 secs] [Times: user=0.02 sys=0.00, real=0.01 secs] 
69.381: [GC69.381: [ParNew: 504725K->359K(566208K), 0.0036960 secs] 2323333K->1818968K(3082816K), 0.0038340 secs] [Times: user=0.02 sys=0.00, real=0.00 secs] 
69.486: [CMS-concurrent-sweep: 0.666/0.710 secs] [Times: user=2.34 sys=0.22, real=0.71 secs] 
69.486: [CMS-concurrent-reset-start]
69.507: [CMS-concurrent-reset: 0.019/0.020 secs] [Times: user=0.05 sys=0.01, real=0.02 secs] 
69.571: [GC69.571: [ParNew: 503655K->95K(566208K), 0.0057870 secs] 2242434K->1738875K(3082816K), 0.0059130 secs] [Times: user=0.01 sys=0.00, real=0.00 secs] 
69.851: [GC69.851: [ParNew: 503391K->37K(566208K), 0.0082440 secs] 2242171K->1738817K(3082816K), 0.0083740 secs] [Times: user=0.02 sys=0.00, real=0.01 secs] 
Heap
 par new generation   total 566208K, used 157825K [0x0000000730000000, 0x0000000756660000, 0x0000000756660000)
  eden space 503296K,  31% used [0x0000000730000000, 0x0000000739a17218, 0x000000074eb80000)
  from space 62912K,   0% used [0x00000007528f0000, 0x00000007528f9408, 0x0000000756660000)
  to   space 62912K,   0% used [0x000000074eb80000, 0x000000074eb80000, 0x00000007528f0000)
 concurrent mark-sweep generation total 2516608K, used 1738780K [0x0000000756660000, 0x00000007f0000000, 0x00000007f0000000)
 concurrent-mark-sweep perm gen total 75696K, used 46433K [0x00000007f0000000, 0x00000007f49ec000, 0x0000000800000000)
