Java HotSpot(TM) 64-Bit Server VM (24.79-b02) for linux-amd64 JRE (1.7.0_79-b15), built on Apr 10 2015 11:34:48 by "java_re" with gcc 4.3.0 20080428 (Red Hat 4.3.0-8)
Memory: 4k page, physical 8046080k(5576744k free), swap 2097148k(2097148k free)
CommandLine flags: -XX:InitialHeapSize=3221225472 -XX:MaxDirectMemorySize=1073741824 -XX:MaxHeapSize=3221225472 -XX:MaxPermSize=268435456 -XX:NewRatio=4 -XX:+PrintGC -XX:+PrintGCDetails -XX:+PrintGCTimeStamps -XX:+UseCompressedOops -XX:+UseG1GC 
8.728: [GC pause (young), 0.2953720 secs]
   [Parallel Time: 206.1 ms, GC Workers: 4]
      [GC Worker Start (ms): Min: 8729.2, Avg: 8729.3, Max: 8729.5, Diff: 0.4]
      [Ext Root Scanning (ms): Min: 6.7, Avg: 26.3, Max: 33.6, Diff: 26.9, Sum: 105.1]
      [Update RS (ms): Min: 5.5, Avg: 6.0, Max: 6.2, Diff: 0.7, Sum: 23.8]
         [Processed Buffers: Min: 2, Avg: 7.8, Max: 20, Diff: 18, Sum: 31]
      [Scan RS (ms): Min: 8.6, Avg: 10.6, Max: 16.1, Diff: 7.5, Sum: 42.6]
      [Code Root Scanning (ms): Min: 0.0, Avg: 0.1, Max: 0.2, Diff: 0.2, Sum: 0.3]
      [Object Copy (ms): Min: 151.2, Avg: 162.8, Max: 183.9, Diff: 32.7, Sum: 651.4]
      [Termination (ms): Min: 0.0, Avg: 0.0, Max: 0.0, Diff: 0.0, Sum: 0.1]
      [GC Worker Other (ms): Min: 0.1, Avg: 0.1, Max: 0.1, Diff: 0.0, Sum: 0.3]
      [GC Worker Total (ms): Min: 205.7, Avg: 205.9, Max: 206.0, Diff: 0.4, Sum: 823.5]
      [GC Worker End (ms): Min: 8935.2, Avg: 8935.2, Max: 8935.2, Diff: 0.0]
   [Code Root Fixup: 0.1 ms]
   [Code Root Migration: 1.6 ms]
   [Clear CT: 0.4 ms]
   [Other: 87.1 ms]
      [Choose CSet: 0.0 ms]
      [Ref Proc: 85.1 ms]
      [Ref Enq: 0.3 ms]
      [Free CSet: 0.7 ms]
   [Eden: 614.0M(614.0M)->0.0B(537.0M) Survivors: 0.0B->77.0M Heap: 680.0M(3072.0M)->150.1M(3072.0M)]
 [Times: user=0.13 sys=0.73, real=0.29 secs] 
9.985: [GC pause (young), 0.8843090 secs]
   [Parallel Time: 881.5 ms, GC Workers: 4]
      [GC Worker Start (ms): Min: 9985.1, Avg: 9985.1, Max: 9985.2, Diff: 0.1]
      [Ext Root Scanning (ms): Min: 3.3, Avg: 4.1, Max: 5.3, Diff: 1.9, Sum: 16.5]
      [Update RS (ms): Min: 4.2, Avg: 12.3, Max: 33.2, Diff: 29.0, Sum: 49.2]
         [Processed Buffers: Min: 2, Avg: 3.0, Max: 5, Diff: 3, Sum: 12]
      [Scan RS (ms): Min: 318.2, Avg: 334.4, Max: 342.2, Diff: 24.0, Sum: 1337.6]
      [Code Root Scanning (ms): Min: 0.1, Avg: 0.2, Max: 0.4, Diff: 0.3, Sum: 0.7]
      [Object Copy (ms): Min: 522.4, Avg: 527.5, Max: 534.0, Diff: 11.6, Sum: 2109.9]
      [Termination (ms): Min: 0.0, Avg: 2.7, Max: 7.1, Diff: 7.1, Sum: 10.9]
      [GC Worker Other (ms): Min: 0.0, Avg: 0.0, Max: 0.0, Diff: 0.0, Sum: 0.1]
      [GC Worker Total (ms): Min: 881.2, Avg: 881.2, Max: 881.3, Diff: 0.1, Sum: 3524.9]
      [GC Worker End (ms): Min: 10866.4, Avg: 10866.4, Max: 10866.4, Diff: 0.0]
   [Code Root Fixup: 0.1 ms]
   [Code Root Migration: 0.3 ms]
   [Clear CT: 0.2 ms]
   [Other: 2.2 ms]
      [Choose CSet: 0.0 ms]
      [Ref Proc: 0.3 ms]
      [Ref Enq: 0.0 ms]
      [Free CSet: 0.7 ms]
   [Eden: 537.0M(537.0M)->0.0B(537.0M) Survivors: 77.0M->77.0M Heap: 699.1M(3072.0M)->317.5M(3072.0M)]
 [Times: user=0.44 sys=2.06, real=0.89 secs] 
11.647: [GC pause (young), 0.8834050 secs]
   [Parallel Time: 880.9 ms, GC Workers: 4]
      [GC Worker Start (ms): Min: 11647.6, Avg: 11648.3, Max: 11648.8, Diff: 1.2]
      [Ext Root Scanning (ms): Min: 2.9, Avg: 3.2, Max: 3.5, Diff: 0.5, Sum: 12.8]
      [Update RS (ms): Min: 3.8, Avg: 5.8, Max: 8.4, Diff: 4.6, Sum: 23.2]
         [Processed Buffers: Min: 2, Avg: 6.0, Max: 16, Diff: 14, Sum: 24]
      [Scan RS (ms): Min: 308.4, Avg: 311.4, Max: 313.7, Diff: 5.3, Sum: 1245.5]
      [Code Root Scanning (ms): Min: 0.0, Avg: 0.1, Max: 0.1, Diff: 0.0, Sum: 0.2]
      [Object Copy (ms): Min: 558.8, Avg: 559.6, Max: 560.4, Diff: 1.6, Sum: 2238.4]
      [Termination (ms): Min: 0.0, Avg: 0.0, Max: 0.0, Diff: 0.0, Sum: 0.1]
      [GC Worker Other (ms): Min: 0.0, Avg: 0.0, Max: 0.0, Diff: 0.0, Sum: 0.1]
      [GC Worker Total (ms): Min: 879.6, Avg: 880.1, Max: 880.8, Diff: 1.2, Sum: 3520.4]
      [GC Worker End (ms): Min: 12528.4, Avg: 12528.4, Max: 12528.4, Diff: 0.0]
   [Code Root Fixup: 0.0 ms]
   [Code Root Migration: 0.1 ms]
   [Clear CT: 0.2 ms]
   [Other: 2.2 ms]
      [Choose CSet: 0.0 ms]
      [Ref Proc: 0.2 ms]
      [Ref Enq: 0.0 ms]
      [Free CSet: 0.8 ms]
   [Eden: 537.0M(537.0M)->0.0B(537.0M) Survivors: 77.0M->77.0M Heap: 872.5M(3072.0M)->516.5M(3072.0M)]
 [Times: user=0.56 sys=2.21, real=0.88 secs] 
13.391: [GC pause (young), 0.6179070 secs]
   [Parallel Time: 610.9 ms, GC Workers: 4]
      [GC Worker Start (ms): Min: 13391.4, Avg: 13391.4, Max: 13391.5, Diff: 0.1]
      [Ext Root Scanning (ms): Min: 3.4, Avg: 3.7, Max: 4.4, Diff: 1.1, Sum: 14.8]
      [Update RS (ms): Min: 6.8, Avg: 10.2, Max: 20.1, Diff: 13.3, Sum: 40.8]
         [Processed Buffers: Min: 3, Avg: 6.5, Max: 15, Diff: 12, Sum: 26]
      [Scan RS (ms): Min: 2.5, Avg: 12.3, Max: 15.9, Diff: 13.4, Sum: 49.0]
      [Code Root Scanning (ms): Min: 0.0, Avg: 0.0, Max: 0.1, Diff: 0.1, Sum: 0.1]
      [Object Copy (ms): Min: 566.8, Avg: 578.3, Max: 583.4, Diff: 16.5, Sum: 2313.2]
      [Termination (ms): Min: 0.0, Avg: 5.3, Max: 17.6, Diff: 17.6, Sum: 21.3]
      [GC Worker Other (ms): Min: 0.0, Avg: 0.0, Max: 0.0, Diff: 0.0, Sum: 0.1]
      [GC Worker Total (ms): Min: 609.5, Avg: 609.8, Max: 610.6, Diff: 1.1, Sum: 2439.3]
      [GC Worker End (ms): Min: 14001.0, Avg: 14001.2, Max: 14002.1, Diff: 1.1]
   [Code Root Fixup: 0.0 ms]
   [Code Root Migration: 0.4 ms]
   [Clear CT: 4.0 ms]
   [Other: 2.6 ms]
      [Choose CSet: 0.0 ms]
      [Ref Proc: 0.7 ms]
      [Ref Enq: 0.0 ms]
      [Free CSet: 0.7 ms]
   [Eden: 537.0M(537.0M)->0.0B(537.0M) Survivors: 77.0M->77.0M Heap: 1053.5M(3072.0M)->703.5M(3072.0M)]
 [Times: user=0.52 sys=1.87, real=0.62 secs] 
14.775: [GC pause (young), 0.7598140 secs]
   [Parallel Time: 757.4 ms, GC Workers: 4]
      [GC Worker Start (ms): Min: 14775.2, Avg: 14776.5, Max: 14779.7, Diff: 4.5]
      [Ext Root Scanning (ms): Min: 0.0, Avg: 3.1, Max: 4.8, Diff: 4.8, Sum: 12.6]
      [Update RS (ms): Min: 5.0, Avg: 6.0, Max: 6.9, Diff: 1.9, Sum: 24.1]
         [Processed Buffers: Min: 1, Avg: 7.0, Max: 13, Diff: 12, Sum: 28]
      [Scan RS (ms): Min: 21.4, Avg: 22.1, Max: 22.8, Diff: 1.4, Sum: 88.4]
      [Code Root Scanning (ms): Min: 0.0, Avg: 0.0, Max: 0.0, Diff: 0.0, Sum: 0.1]
      [Object Copy (ms): Min: 723.6, Avg: 724.0, Max: 724.6, Diff: 1.0, Sum: 2896.0]
      [Termination (ms): Min: 0.0, Avg: 0.7, Max: 0.9, Diff: 0.9, Sum: 2.6]
      [GC Worker Other (ms): Min: 0.0, Avg: 0.0, Max: 0.0, Diff: 0.0, Sum: 0.1]
      [GC Worker Total (ms): Min: 752.8, Avg: 756.0, Max: 757.3, Diff: 4.5, Sum: 3023.8]
      [GC Worker End (ms): Min: 15532.5, Avg: 15532.5, Max: 15532.5, Diff: 0.0]
   [Code Root Fixup: 0.0 ms]
   [Code Root Migration: 0.1 ms]
   [Clear CT: 0.2 ms]
   [Other: 2.2 ms]
      [Choose CSet: 0.0 ms]
      [Ref Proc: 0.3 ms]
      [Ref Enq: 0.0 ms]
      [Free CSet: 0.7 ms]
   [Eden: 537.0M(537.0M)->0.0B(537.0M) Survivors: 77.0M->77.0M Heap: 1272.5M(3072.0M)->917.5M(3072.0M)]
 [Times: user=0.47 sys=2.49, real=0.76 secs] 
16.293: [GC pause (young), 0.5092840 secs]
   [Parallel Time: 506.6 ms, GC Workers: 4]
      [GC Worker Start (ms): Min: 16293.2, Avg: 16294.4, Max: 16294.8, Diff: 1.7]
      [Ext Root Scanning (ms): Min: 2.7, Avg: 3.2, Max: 3.9, Diff: 1.3, Sum: 12.7]
      [Update RS (ms): Min: 9.3, Avg: 11.4, Max: 14.6, Diff: 5.3, Sum: 45.6]
         [Processed Buffers: Min: 3, Avg: 7.2, Max: 18, Diff: 15, Sum: 29]
      [Scan RS (ms): Min: 8.5, Avg: 11.5, Max: 13.7, Diff: 5.2, Sum: 46.1]
      [Code Root Scanning (ms): Min: 0.0, Avg: 0.0, Max: 0.0, Diff: 0.0, Sum: 0.1]
      [Object Copy (ms): Min: 471.6, Avg: 473.6, Max: 479.3, Diff: 7.8, Sum: 1894.4]
      [Termination (ms): Min: 0.0, Avg: 5.5, Max: 7.3, Diff: 7.3, Sum: 21.9]
      [GC Worker Other (ms): Min: 0.0, Avg: 0.0, Max: 0.0, Diff: 0.0, Sum: 0.1]
      [GC Worker Total (ms): Min: 504.8, Avg: 505.2, Max: 506.4, Diff: 1.7, Sum: 2020.9]
      [GC Worker End (ms): Min: 16799.6, Avg: 16799.6, Max: 16799.6, Diff: 0.0]
   [Code Root Fixup: 0.0 ms]
   [Code Root Migration: 0.1 ms]
   [Clear CT: 0.3 ms]
   [Other: 2.3 ms]
      [Choose CSet: 0.0 ms]
      [Ref Proc: 0.2 ms]
      [Ref Enq: 0.0 ms]
      [Free CSet: 1.0 ms]
   [Eden: 537.0M(537.0M)->0.0B(537.0M) Survivors: 77.0M->77.0M Heap: 1454.5M(3072.0M)->1103.0M(3072.0M)]
 [Times: user=0.50 sys=1.47, real=0.51 secs] 
17.539: [GC pause (young), 0.6025860 secs]
   [Parallel Time: 600.3 ms, GC Workers: 4]
      [GC Worker Start (ms): Min: 17539.0, Avg: 17539.1, Max: 17539.1, Diff: 0.1]
      [Ext Root Scanning (ms): Min: 3.0, Avg: 3.5, Max: 3.9, Diff: 0.9, Sum: 14.2]
      [Update RS (ms): Min: 31.8, Avg: 32.3, Max: 32.9, Diff: 1.1, Sum: 129.2]
         [Processed Buffers: Min: 17, Avg: 23.2, Max: 27, Diff: 10, Sum: 93]
      [Scan RS (ms): Min: 18.8, Avg: 19.6, Max: 20.4, Diff: 1.6, Sum: 78.5]
      [Code Root Scanning (ms): Min: 0.0, Avg: 0.0, Max: 0.0, Diff: 0.0, Sum: 0.1]
      [Object Copy (ms): Min: 544.5, Avg: 544.7, Max: 544.8, Diff: 0.3, Sum: 2178.7]
      [Termination (ms): Min: 0.0, Avg: 0.0, Max: 0.0, Diff: 0.0, Sum: 0.0]
      [GC Worker Other (ms): Min: 0.0, Avg: 0.0, Max: 0.0, Diff: 0.0, Sum: 0.1]
      [GC Worker Total (ms): Min: 600.1, Avg: 600.2, Max: 600.2, Diff: 0.2, Sum: 2400.8]
      [GC Worker End (ms): Min: 18139.2, Avg: 18139.2, Max: 18139.3, Diff: 0.0]
   [Code Root Fixup: 0.0 ms]
   [Code Root Migration: 0.1 ms]
   [Clear CT: 0.2 ms]
   [Other: 2.0 ms]
      [Choose CSet: 0.0 ms]
      [Ref Proc: 0.2 ms]
      [Ref Enq: 0.0 ms]
      [Free CSet: 0.7 ms]
   [Eden: 537.0M(537.0M)->0.0B(537.0M) Survivors: 77.0M->77.0M Heap: 1655.2M(3072.0M)->1303.2M(3072.0M)]
 [Times: user=0.58 sys=1.77, real=0.60 secs] 
18.453: [GC pause (young), 0.1328620 secs]
   [Parallel Time: 130.5 ms, GC Workers: 4]
      [GC Worker Start (ms): Min: 18453.7, Avg: 18455.8, Max: 18461.9, Diff: 8.2]
      [Ext Root Scanning (ms): Min: 0.4, Avg: 3.1, Max: 4.6, Diff: 4.2, Sum: 12.4]
      [Update RS (ms): Min: 3.1, Avg: 7.7, Max: 11.9, Diff: 8.8, Sum: 30.6]
         [Processed Buffers: Min: 3, Avg: 7.5, Max: 16, Diff: 13, Sum: 30]
      [Scan RS (ms): Min: 0.8, Avg: 4.3, Max: 5.8, Diff: 5.1, Sum: 17.3]
      [Code Root Scanning (ms): Min: 0.0, Avg: 0.0, Max: 0.0, Diff: 0.0, Sum: 0.0]
      [Object Copy (ms): Min: 105.4, Avg: 109.3, Max: 113.2, Diff: 7.8, Sum: 437.1]
      [Termination (ms): Min: 0.0, Avg: 3.9, Max: 7.6, Diff: 7.6, Sum: 15.5]
      [GC Worker Other (ms): Min: 0.0, Avg: 0.0, Max: 0.0, Diff: 0.0, Sum: 0.1]
      [GC Worker Total (ms): Min: 122.2, Avg: 128.3, Max: 130.4, Diff: 8.2, Sum: 513.1]
      [GC Worker End (ms): Min: 18584.1, Avg: 18584.1, Max: 18584.1, Diff: 0.0]
   [Code Root Fixup: 0.0 ms]
   [Code Root Migration: 0.1 ms]
   [Clear CT: 0.3 ms]
   [Other: 1.9 ms]
      [Choose CSet: 0.1 ms]
      [Ref Proc: 0.2 ms]
      [Ref Enq: 0.0 ms]
      [Free CSet: 1.0 ms]
   [Eden: 537.0M(537.0M)->0.0B(594.0M) Survivors: 77.0M->20.0M Heap: 1847.8M(3072.0M)->1332.3M(3072.0M)]
 [Times: user=0.26 sys=0.27, real=0.13 secs] 
18.770: [GC pause (young), 0.0260960 secs]
   [Parallel Time: 25.0 ms, GC Workers: 4]
      [GC Worker Start (ms): Min: 18770.3, Avg: 18770.3, Max: 18770.4, Diff: 0.1]
      [Ext Root Scanning (ms): Min: 2.9, Avg: 3.1, Max: 3.4, Diff: 0.5, Sum: 12.3]
      [Update RS (ms): Min: 3.2, Avg: 3.7, Max: 4.2, Diff: 1.0, Sum: 15.0]
         [Processed Buffers: Min: 2, Avg: 5.2, Max: 10, Diff: 8, Sum: 21]
      [Scan RS (ms): Min: 0.7, Avg: 1.0, Max: 1.5, Diff: 0.8, Sum: 4.1]
      [Code Root Scanning (ms): Min: 0.0, Avg: 0.0, Max: 0.0, Diff: 0.0, Sum: 0.0]
      [Object Copy (ms): Min: 16.9, Avg: 16.9, Max: 16.9, Diff: 0.1, Sum: 67.6]
      [Termination (ms): Min: 0.0, Avg: 0.0, Max: 0.0, Diff: 0.0, Sum: 0.0]
      [GC Worker Other (ms): Min: 0.0, Avg: 0.0, Max: 0.0, Diff: 0.0, Sum: 0.1]
      [GC Worker Total (ms): Min: 24.7, Avg: 24.8, Max: 24.8, Diff: 0.1, Sum: 99.2]
      [GC Worker End (ms): Min: 18795.1, Avg: 18795.1, Max: 18795.1, Diff: 0.0]
   [Code Root Fixup: 0.0 ms]
   [Code Root Migration: 0.1 ms]
   [Clear CT: 0.2 ms]
   [Other: 0.8 ms]
      [Choose CSet: 0.0 ms]
      [Ref Proc: 0.3 ms]
      [Ref Enq: 0.0 ms]
      [Free CSet: 0.5 ms]
   [Eden: 594.0M(594.0M)->0.0B(591.0M) Survivors: 20.0M->23.0M Heap: 1933.9M(3072.0M)->1343.4M(3072.0M)]
 [Times: user=0.09 sys=0.01, real=0.02 secs] 
18.922: [GC pause (young), 0.0206020 secs]
   [Parallel Time: 19.4 ms, GC Workers: 4]
      [GC Worker Start (ms): Min: 18921.6, Avg: 18922.0, Max: 18922.9, Diff: 1.3]
      [Ext Root Scanning (ms): Min: 2.7, Avg: 3.0, Max: 3.2, Diff: 0.5, Sum: 12.1]
      [Update RS (ms): Min: 2.4, Avg: 3.9, Max: 5.0, Diff: 2.5, Sum: 15.4]
         [Processed Buffers: Min: 3, Avg: 3.8, Max: 6, Diff: 3, Sum: 15]
      [Scan RS (ms): Min: 0.0, Avg: 0.2, Max: 0.5, Diff: 0.4, Sum: 0.6]
      [Code Root Scanning (ms): Min: 0.0, Avg: 0.0, Max: 0.0, Diff: 0.0, Sum: 0.0]
      [Object Copy (ms): Min: 11.0, Avg: 11.8, Max: 12.3, Diff: 1.3, Sum: 47.0]
      [Termination (ms): Min: 0.0, Avg: 0.0, Max: 0.0, Diff: 0.0, Sum: 0.0]
      [GC Worker Other (ms): Min: 0.0, Avg: 0.0, Max: 0.1, Diff: 0.0, Sum: 0.1]
      [GC Worker Total (ms): Min: 17.9, Avg: 18.8, Max: 19.2, Diff: 1.3, Sum: 75.4]
      [GC Worker End (ms): Min: 18940.9, Avg: 18940.9, Max: 18940.9, Diff: 0.0]
   [Code Root Fixup: 0.0 ms]
   [Code Root Migration: 0.1 ms]
   [Clear CT: 0.4 ms]
   [Other: 0.7 ms]
      [Choose CSet: 0.0 ms]
      [Ref Proc: 0.2 ms]
      [Ref Enq: 0.0 ms]
      [Free CSet: 0.4 ms]
   [Eden: 591.0M(591.0M)->0.0B(592.0M) Survivors: 23.0M->22.0M Heap: 1934.4M(3072.0M)->1342.9M(3072.0M)]
 [Times: user=0.07 sys=0.01, real=0.02 secs] 
19.072: [GC pause (young), 0.0217790 secs]
   [Parallel Time: 20.8 ms, GC Workers: 4]
      [GC Worker Start (ms): Min: 19071.7, Avg: 19073.9, Max: 19079.5, Diff: 7.9]
      [Ext Root Scanning (ms): Min: 0.0, Avg: 3.3, Max: 5.2, Diff: 5.2, Sum: 13.1]
      [Update RS (ms): Min: 1.4, Avg: 3.9, Max: 5.2, Diff: 3.8, Sum: 15.7]
         [Processed Buffers: Min: 3, Avg: 4.0, Max: 5, Diff: 2, Sum: 16]
      [Scan RS (ms): Min: 0.0, Avg: 0.2, Max: 0.4, Diff: 0.3, Sum: 0.8]
      [Code Root Scanning (ms): Min: 0.0, Avg: 0.0, Max: 0.0, Diff: 0.0, Sum: 0.0]
      [Object Copy (ms): Min: 10.8, Avg: 10.9, Max: 11.1, Diff: 0.3, Sum: 43.7]
      [Termination (ms): Min: 0.0, Avg: 0.0, Max: 0.0, Diff: 0.0, Sum: 0.0]
      [GC Worker Other (ms): Min: 0.0, Avg: 0.1, Max: 0.1, Diff: 0.1, Sum: 0.2]
      [GC Worker Total (ms): Min: 12.7, Avg: 18.4, Max: 20.6, Diff: 7.9, Sum: 73.7]
      [GC Worker End (ms): Min: 19092.3, Avg: 19092.3, Max: 19092.4, Diff: 0.1]
   [Code Root Fixup: 0.0 ms]
   [Code Root Migration: 0.1 ms]
   [Clear CT: 0.2 ms]
   [Other: 0.7 ms]
      [Choose CSet: 0.0 ms]
      [Ref Proc: 0.2 ms]
      [Ref Enq: 0.0 ms]
      [Free CSet: 0.4 ms]
   [Eden: 592.0M(592.0M)->0.0B(592.0M) Survivors: 22.0M->22.0M Heap: 1934.9M(3072.0M)->1343.4M(3072.0M)]
 [Times: user=0.08 sys=0.01, real=0.02 secs] 
19.214: [GC pause (young), 0.0362730 secs]
   [Parallel Time: 32.5 ms, GC Workers: 4]
      [GC Worker Start (ms): Min: 19213.8, Avg: 19213.9, Max: 19214.3, Diff: 0.5]
      [Ext Root Scanning (ms): Min: 3.2, Avg: 4.4, Max: 7.9, Diff: 4.7, Sum: 17.6]
      [Update RS (ms): Min: 0.1, Avg: 4.2, Max: 6.3, Diff: 6.2, Sum: 16.8]
         [Processed Buffers: Min: 3, Avg: 5.5, Max: 11, Diff: 8, Sum: 22]
      [Scan RS (ms): Min: 0.0, Avg: 0.1, Max: 0.5, Diff: 0.4, Sum: 0.6]
      [Code Root Scanning (ms): Min: 0.0, Avg: 0.0, Max: 0.0, Diff: 0.0, Sum: 0.0]
      [Object Copy (ms): Min: 15.2, Avg: 18.6, Max: 23.8, Diff: 8.6, Sum: 74.4]
      [Termination (ms): Min: 0.0, Avg: 4.9, Max: 8.2, Diff: 8.2, Sum: 19.7]
      [GC Worker Other (ms): Min: 0.0, Avg: 0.0, Max: 0.0, Diff: 0.0, Sum: 0.1]
      [GC Worker Total (ms): Min: 32.0, Avg: 32.3, Max: 32.5, Diff: 0.5, Sum: 129.2]
      [GC Worker End (ms): Min: 19246.2, Avg: 19246.2, Max: 19246.2, Diff: 0.0]
   [Code Root Fixup: 0.0 ms]
   [Code Root Migration: 0.1 ms]
   [Clear CT: 0.3 ms]
   [Other: 3.4 ms]
      [Choose CSet: 0.0 ms]
      [Ref Proc: 2.5 ms]
      [Ref Enq: 0.0 ms]
      [Free CSet: 0.8 ms]
   [Eden: 592.0M(592.0M)->0.0B(592.0M) Survivors: 22.0M->22.0M Heap: 1935.4M(3072.0M)->1344.7M(3072.0M)]
 [Times: user=0.11 sys=0.03, real=0.04 secs] 
19.390: [GC pause (young), 0.0254370 secs]
   [Parallel Time: 22.6 ms, GC Workers: 4]
      [GC Worker Start (ms): Min: 19389.8, Avg: 19390.0, Max: 19390.4, Diff: 0.7]
      [Ext Root Scanning (ms): Min: 3.2, Avg: 4.3, Max: 6.6, Diff: 3.4, Sum: 17.4]
      [Update RS (ms): Min: 2.1, Avg: 4.5, Max: 6.4, Diff: 4.4, Sum: 18.1]
         [Processed Buffers: Min: 2, Avg: 4.5, Max: 10, Diff: 8, Sum: 18]
      [Scan RS (ms): Min: 0.0, Avg: 0.2, Max: 0.3, Diff: 0.3, Sum: 0.6]
      [Code Root Scanning (ms): Min: 0.0, Avg: 0.0, Max: 0.0, Diff: 0.0, Sum: 0.0]
      [Object Copy (ms): Min: 11.5, Avg: 12.4, Max: 13.0, Diff: 1.5, Sum: 49.5]
      [Termination (ms): Min: 0.0, Avg: 0.4, Max: 0.5, Diff: 0.5, Sum: 1.6]
      [GC Worker Other (ms): Min: 0.0, Avg: 0.0, Max: 0.1, Diff: 0.0, Sum: 0.1]
      [GC Worker Total (ms): Min: 21.3, Avg: 21.8, Max: 22.1, Diff: 0.7, Sum: 87.3]
      [GC Worker End (ms): Min: 19411.8, Avg: 19411.8, Max: 19411.8, Diff: 0.0]
   [Code Root Fixup: 0.0 ms]
   [Code Root Migration: 0.1 ms]
   [Clear CT: 0.3 ms]
   [Other: 2.5 ms]
      [Choose CSet: 0.0 ms]
      [Ref Proc: 1.9 ms]
      [Ref Enq: 0.0 ms]
      [Free CSet: 0.5 ms]
   [Eden: 592.0M(592.0M)->0.0B(592.0M) Survivors: 22.0M->22.0M Heap: 1936.7M(3072.0M)->1344.9M(3072.0M)]
 [Times: user=0.08 sys=0.01, real=0.02 secs] 
19.546: [GC pause (young), 0.0525280 secs]
   [Parallel Time: 51.0 ms, GC Workers: 4]
      [GC Worker Start (ms): Min: 19546.1, Avg: 19550.2, Max: 19555.1, Diff: 9.0]
      [Ext Root Scanning (ms): Min: 0.0, Avg: 5.1, Max: 7.3, Diff: 7.3, Sum: 20.5]
      [Update RS (ms): Min: 1.4, Avg: 5.5, Max: 9.4, Diff: 8.0, Sum: 21.9]
         [Processed Buffers: Min: 1, Avg: 3.2, Max: 6, Diff: 5, Sum: 13]
      [Scan RS (ms): Min: 0.0, Avg: 0.1, Max: 0.4, Diff: 0.4, Sum: 0.6]
      [Code Root Scanning (ms): Min: 0.0, Avg: 0.0, Max: 0.0, Diff: 0.0, Sum: 0.0]
      [Object Copy (ms): Min: 20.3, Avg: 25.5, Max: 35.7, Diff: 15.4, Sum: 101.9]
      [Termination (ms): Min: 0.0, Avg: 9.9, Max: 13.7, Diff: 13.7, Sum: 39.7]
      [GC Worker Other (ms): Min: 0.0, Avg: 0.0, Max: 0.0, Diff: 0.0, Sum: 0.1]
      [GC Worker Total (ms): Min: 41.1, Avg: 46.2, Max: 50.1, Diff: 9.0, Sum: 184.7]
      [GC Worker End (ms): Min: 19596.2, Avg: 19596.4, Max: 19596.8, Diff: 0.5]
   [Code Root Fixup: 0.0 ms]
   [Code Root Migration: 0.1 ms]
   [Clear CT: 0.3 ms]
   [Other: 1.1 ms]
      [Choose CSet: 0.0 ms]
      [Ref Proc: 0.5 ms]
      [Ref Enq: 0.0 ms]
      [Free CSet: 0.4 ms]
   [Eden: 592.0M(592.0M)->0.0B(592.0M) Survivors: 22.0M->22.0M Heap: 1936.9M(3072.0M)->1344.9M(3072.0M)]
 [Times: user=0.16 sys=0.04, real=0.06 secs] 
19.734: [GC pause (young), 0.0248090 secs]
   [Parallel Time: 23.3 ms, GC Workers: 4]
      [GC Worker Start (ms): Min: 19734.4, Avg: 19734.4, Max: 19734.5, Diff: 0.1]
      [Ext Root Scanning (ms): Min: 2.9, Avg: 3.1, Max: 3.2, Diff: 0.2, Sum: 12.3]
      [Update RS (ms): Min: 3.6, Avg: 4.0, Max: 4.3, Diff: 0.7, Sum: 15.9]
         [Processed Buffers: Min: 3, Avg: 4.8, Max: 7, Diff: 4, Sum: 19]
      [Scan RS (ms): Min: 0.0, Avg: 0.2, Max: 0.3, Diff: 0.3, Sum: 0.6]
      [Code Root Scanning (ms): Min: 0.0, Avg: 0.0, Max: 0.0, Diff: 0.0, Sum: 0.0]
      [Object Copy (ms): Min: 12.4, Avg: 13.4, Max: 15.7, Diff: 3.3, Sum: 53.7]
      [Termination (ms): Min: 0.0, Avg: 2.5, Max: 3.4, Diff: 3.4, Sum: 10.1]
      [GC Worker Other (ms): Min: 0.0, Avg: 0.0, Max: 0.0, Diff: 0.0, Sum: 0.1]
      [GC Worker Total (ms): Min: 23.1, Avg: 23.2, Max: 23.2, Diff: 0.1, Sum: 92.6]
      [GC Worker End (ms): Min: 19757.6, Avg: 19757.6, Max: 19757.6, Diff: 0.0]
   [Code Root Fixup: 0.0 ms]
   [Code Root Migration: 0.1 ms]
   [Clear CT: 0.3 ms]
   [Other: 1.1 ms]
      [Choose CSet: 0.0 ms]
      [Ref Proc: 0.6 ms]
      [Ref Enq: 0.0 ms]
      [Free CSet: 0.4 ms]
   [Eden: 592.0M(592.0M)->0.0B(592.0M) Survivors: 22.0M->22.0M Heap: 1936.9M(3072.0M)->1344.9M(3072.0M)]
 [Times: user=0.09 sys=0.00, real=0.03 secs] 
19.958: [GC pause (young), 0.0201510 secs]
   [Parallel Time: 18.4 ms, GC Workers: 4]
      [GC Worker Start (ms): Min: 19958.2, Avg: 19958.3, Max: 19958.3, Diff: 0.1]
      [Ext Root Scanning (ms): Min: 3.6, Avg: 4.0, Max: 4.5, Diff: 1.0, Sum: 16.1]
      [Update RS (ms): Min: 3.1, Avg: 3.6, Max: 3.9, Diff: 0.8, Sum: 14.3]
         [Processed Buffers: Min: 3, Avg: 5.2, Max: 10, Diff: 7, Sum: 21]
      [Scan RS (ms): Min: 0.0, Avg: 0.2, Max: 0.2, Diff: 0.2, Sum: 0.7]
      [Code Root Scanning (ms): Min: 0.0, Avg: 0.0, Max: 0.0, Diff: 0.0, Sum: 0.1]
      [Object Copy (ms): Min: 10.1, Avg: 10.2, Max: 10.5, Diff: 0.4, Sum: 41.0]
      [Termination (ms): Min: 0.0, Avg: 0.1, Max: 0.1, Diff: 0.1, Sum: 0.3]
      [GC Worker Other (ms): Min: 0.0, Avg: 0.0, Max: 0.1, Diff: 0.1, Sum: 0.1]
      [GC Worker Total (ms): Min: 18.1, Avg: 18.2, Max: 18.2, Diff: 0.0, Sum: 72.7]
      [GC Worker End (ms): Min: 19976.4, Avg: 19976.4, Max: 19976.5, Diff: 0.1]
   [Code Root Fixup: 0.0 ms]
   [Code Root Migration: 0.1 ms]
   [Clear CT: 0.2 ms]
   [Other: 1.5 ms]
      [Choose CSet: 0.0 ms]
      [Ref Proc: 1.0 ms]
      [Ref Enq: 0.0 ms]
      [Free CSet: 0.4 ms]
   [Eden: 592.0M(592.0M)->0.0B(591.0M) Survivors: 22.0M->23.0M Heap: 1936.9M(3072.0M)->1345.9M(3072.0M)]
 [Times: user=0.08 sys=0.00, real=0.02 secs] 
20.823: [GC pause (young), 0.3956070 secs]
   [Parallel Time: 393.6 ms, GC Workers: 4]
      [GC Worker Start (ms): Min: 20823.3, Avg: 20823.3, Max: 20823.3, Diff: 0.1]
      [Ext Root Scanning (ms): Min: 3.2, Avg: 5.2, Max: 9.9, Diff: 6.8, Sum: 20.8]
      [Update RS (ms): Min: 16.2, Avg: 19.6, Max: 22.6, Diff: 6.5, Sum: 78.5]
         [Processed Buffers: Min: 6, Avg: 10.5, Max: 21, Diff: 15, Sum: 42]
      [Scan RS (ms): Min: 8.0, Avg: 9.4, Max: 11.6, Diff: 3.6, Sum: 37.4]
      [Code Root Scanning (ms): Min: 0.0, Avg: 0.0, Max: 0.0, Diff: 0.0, Sum: 0.1]
      [Object Copy (ms): Min: 358.9, Avg: 359.0, Max: 359.1, Diff: 0.2, Sum: 1436.0]
      [Termination (ms): Min: 0.0, Avg: 0.2, Max: 0.3, Diff: 0.3, Sum: 0.9]
      [GC Worker Other (ms): Min: 0.0, Avg: 0.0, Max: 0.0, Diff: 0.0, Sum: 0.0]
      [GC Worker Total (ms): Min: 393.4, Avg: 393.5, Max: 393.5, Diff: 0.1, Sum: 1573.8]
      [GC Worker End (ms): Min: 21216.8, Avg: 21216.8, Max: 21216.8, Diff: 0.0]
   [Code Root Fixup: 0.0 ms]
   [Code Root Migration: 0.1 ms]
   [Clear CT: 0.4 ms]
   [Other: 1.6 ms]
      [Choose CSet: 0.0 ms]
      [Ref Proc: 0.5 ms]
      [Ref Enq: 0.0 ms]
      [Free CSet: 0.6 ms]
   [Eden: 591.0M(591.0M)->0.0B(537.0M) Survivors: 23.0M->77.0M Heap: 1945.9M(3072.0M)->1481.9M(3072.0M)]
 [Times: user=0.37 sys=1.14, real=0.40 secs] 
21.371: [GC pause (young) (initial-mark), 0.1767480 secs]
   [Parallel Time: 174.9 ms, GC Workers: 4]
      [GC Worker Start (ms): Min: 21371.3, Avg: 21372.1, Max: 21372.3, Diff: 1.0]
      [Ext Root Scanning (ms): Min: 20.1, Avg: 27.9, Max: 36.6, Diff: 16.5, Sum: 111.5]
      [Code Root Marking (ms): Min: 0.1, Avg: 0.3, Max: 0.7, Diff: 0.6, Sum: 1.1]
      [Update RS (ms): Min: 2.4, Avg: 7.8, Max: 12.9, Diff: 10.6, Sum: 31.2]
         [Processed Buffers: Min: 3, Avg: 9.5, Max: 17, Diff: 14, Sum: 38]
      [Scan RS (ms): Min: 5.5, Avg: 8.9, Max: 11.2, Diff: 5.7, Sum: 35.7]
      [Code Root Scanning (ms): Min: 0.0, Avg: 0.0, Max: 0.0, Diff: 0.0, Sum: 0.0]
      [Object Copy (ms): Min: 116.5, Avg: 125.4, Max: 134.9, Diff: 18.4, Sum: 501.5]
      [Termination (ms): Min: 0.0, Avg: 3.9, Max: 5.5, Diff: 5.5, Sum: 15.5]
      [GC Worker Other (ms): Min: 0.0, Avg: 0.0, Max: 0.0, Diff: 0.0, Sum: 0.1]
      [GC Worker Total (ms): Min: 173.8, Avg: 174.1, Max: 174.8, Diff: 1.0, Sum: 696.4]
      [GC Worker End (ms): Min: 21546.2, Avg: 21546.2, Max: 21546.2, Diff: 0.0]
   [Code Root Fixup: 0.0 ms]
   [Code Root Migration: 0.0 ms]
   [Clear CT: 0.1 ms]
   [Other: 1.7 ms]
      [Choose CSet: 0.0 ms]
      [Ref Proc: 0.6 ms]
      [Ref Enq: 0.0 ms]
      [Free CSet: 0.2 ms]
   [Eden: 80.0M(537.0M)->0.0B(585.0M) Survivors: 77.0M->29.0M Heap: 1561.6M(3072.0M)->1512.9M(3072.0M)]
 [Times: user=0.29 sys=0.19, real=0.17 secs] 
21.548: [GC concurrent-root-region-scan-start]
21.582: [GC concurrent-root-region-scan-end, 0.0337210 secs]
21.582: [GC concurrent-mark-start]
22.796: [GC pause (young), 0.7000180 secs]
   [Parallel Time: 697.8 ms, GC Workers: 4]
      [GC Worker Start (ms): Min: 22795.8, Avg: 22795.8, Max: 22795.9, Diff: 0.1]
      [Ext Root Scanning (ms): Min: 3.9, Avg: 6.1, Max: 8.9, Diff: 5.0, Sum: 24.5]
      [SATB Filtering (ms): Min: 0.0, Avg: 0.0, Max: 0.0, Diff: 0.0, Sum: 0.0]
      [Update RS (ms): Min: 12.5, Avg: 16.4, Max: 17.9, Diff: 5.5, Sum: 65.6]
         [Processed Buffers: Min: 4, Avg: 10.0, Max: 22, Diff: 18, Sum: 40]
      [Scan RS (ms): Min: 12.8, Avg: 12.9, Max: 13.1, Diff: 0.3, Sum: 51.8]
      [Code Root Scanning (ms): Min: 0.0, Avg: 0.1, Max: 0.2, Diff: 0.1, Sum: 0.3]
      [Object Copy (ms): Min: 660.5, Avg: 661.9, Max: 663.0, Diff: 2.5, Sum: 2647.8]
      [Termination (ms): Min: 0.0, Avg: 0.2, Max: 0.3, Diff: 0.2, Sum: 0.6]
      [GC Worker Other (ms): Min: 0.0, Avg: 0.0, Max: 0.0, Diff: 0.0, Sum: 0.1]
      [GC Worker Total (ms): Min: 697.6, Avg: 697.7, Max: 697.7, Diff: 0.1, Sum: 2790.7]
      [GC Worker End (ms): Min: 23493.5, Avg: 23493.5, Max: 23493.5, Diff: 0.0]
   [Code Root Fixup: 0.0 ms]
   [Code Root Migration: 0.1 ms]
   [Clear CT: 0.3 ms]
   [Other: 1.7 ms]
      [Choose CSet: 0.0 ms]
      [Ref Proc: 0.2 ms]
      [Ref Enq: 0.0 ms]
      [Free CSet: 0.6 ms]
   [Eden: 585.0M(585.0M)->0.0B(537.0M) Survivors: 29.0M->77.0M Heap: 2114.9M(3072.0M)->1724.4M(3072.0M)]
 [Times: user=0.52 sys=2.20, real=0.70 secs] 
24.675: [GC concurrent-mark-end, 3.0933190 secs]
24.677: [GC remark 24.677: [GC ref-proc, 0.0002820 secs], 0.0084010 secs]
 [Times: user=0.02 sys=0.01, real=0.01 secs] 
24.686: [GC cleanup 2216M->2139M(3072M), 0.0076830 secs]
 [Times: user=0.01 sys=0.00, real=0.01 secs] 
24.694: [GC concurrent-cleanup-start]
24.694: [GC concurrent-cleanup-end, 0.0003240 secs]
24.811: [GC pause (young), 0.4567470 secs]
   [Parallel Time: 453.5 ms, GC Workers: 4]
      [GC Worker Start (ms): Min: 24811.5, Avg: 24813.6, Max: 24815.6, Diff: 4.1]
      [Ext Root Scanning (ms): Min: 3.5, Avg: 5.3, Max: 8.0, Diff: 4.5, Sum: 21.3]
      [Update RS (ms): Min: 16.2, Avg: 17.4, Max: 20.0, Diff: 3.7, Sum: 69.4]
         [Processed Buffers: Min: 4, Avg: 10.8, Max: 24, Diff: 20, Sum: 43]
      [Scan RS (ms): Min: 22.8, Avg: 29.0, Max: 38.7, Diff: 16.0, Sum: 116.2]
      [Code Root Scanning (ms): Min: 0.0, Avg: 0.0, Max: 0.1, Diff: 0.0, Sum: 0.1]
      [Object Copy (ms): Min: 372.8, Avg: 386.8, Max: 403.7, Diff: 30.9, Sum: 1547.3]
      [Termination (ms): Min: 0.6, Avg: 12.7, Max: 29.3, Diff: 28.8, Sum: 50.8]
      [GC Worker Other (ms): Min: 0.0, Avg: 0.0, Max: 0.0, Diff: 0.0, Sum: 0.1]
      [GC Worker Total (ms): Min: 449.3, Avg: 451.3, Max: 453.3, Diff: 4.1, Sum: 1805.3]
      [GC Worker End (ms): Min: 25264.9, Avg: 25264.9, Max: 25264.9, Diff: 0.1]
   [Code Root Fixup: 0.0 ms]
   [Code Root Migration: 0.1 ms]
   [Clear CT: 0.4 ms]
   [Other: 2.7 ms]
      [Choose CSet: 0.0 ms]
      [Ref Proc: 0.2 ms]
      [Ref Enq: 0.0 ms]
      [Free CSet: 1.2 ms]
   [Eden: 537.0M(537.0M)->0.0B(537.0M) Survivors: 77.0M->77.0M Heap: 2196.9M(3072.0M)->1843.9M(3072.0M)]
 [Times: user=0.71 sys=1.04, real=0.45 secs] 
25.821: [GC pause (young) (initial-mark), 0.0972420 secs]
   [Parallel Time: 95.1 ms, GC Workers: 4]
      [GC Worker Start (ms): Min: 25821.4, Avg: 25821.4, Max: 25821.5, Diff: 0.1]
      [Ext Root Scanning (ms): Min: 3.1, Avg: 3.1, Max: 3.2, Diff: 0.2, Sum: 12.5]
      [Code Root Marking (ms): Min: 0.2, Avg: 0.2, Max: 0.3, Diff: 0.0, Sum: 0.9]
      [Update RS (ms): Min: 17.5, Avg: 18.1, Max: 19.5, Diff: 2.0, Sum: 72.4]
         [Processed Buffers: Min: 4, Avg: 10.5, Max: 19, Diff: 15, Sum: 42]
      [Scan RS (ms): Min: 4.7, Avg: 6.1, Max: 7.0, Diff: 2.3, Sum: 24.6]
      [Code Root Scanning (ms): Min: 0.0, Avg: 0.0, Max: 0.0, Diff: 0.0, Sum: 0.0]
      [Object Copy (ms): Min: 66.8, Avg: 66.9, Max: 66.9, Diff: 0.2, Sum: 267.5]
      [Termination (ms): Min: 0.0, Avg: 0.3, Max: 0.4, Diff: 0.4, Sum: 1.2]
      [GC Worker Other (ms): Min: 0.0, Avg: 0.0, Max: 0.0, Diff: 0.0, Sum: 0.1]
      [GC Worker Total (ms): Min: 94.8, Avg: 94.8, Max: 94.9, Diff: 0.1, Sum: 379.3]
      [GC Worker End (ms): Min: 25916.2, Avg: 25916.2, Max: 25916.3, Diff: 0.0]
   [Code Root Fixup: 0.0 ms]
   [Code Root Migration: 0.0 ms]
   [Clear CT: 0.1 ms]
   [Other: 2.0 ms]
      [Choose CSet: 0.0 ms]
      [Ref Proc: 0.7 ms]
      [Ref Enq: 0.0 ms]
      [Free CSet: 0.3 ms]
   [Eden: 205.0M(537.0M)->0.0B(544.0M) Survivors: 77.0M->70.0M Heap: 2056.8M(3072.0M)->1922.9M(3072.0M)]
 [Times: user=0.35 sys=0.02, real=0.10 secs] 
25.919: [GC concurrent-root-region-scan-start]
25.958: [GC concurrent-root-region-scan-end, 0.0394520 secs]
25.958: [GC concurrent-mark-start]
27.154: [GC pause (young), 0.5461490 secs]
   [Parallel Time: 544.1 ms, GC Workers: 4]
      [GC Worker Start (ms): Min: 27154.6, Avg: 27154.8, Max: 27155.3, Diff: 0.7]
      [Ext Root Scanning (ms): Min: 3.1, Avg: 3.4, Max: 3.9, Diff: 0.8, Sum: 13.7]
      [SATB Filtering (ms): Min: 0.0, Avg: 0.0, Max: 0.0, Diff: 0.0, Sum: 0.0]
      [Update RS (ms): Min: 15.9, Avg: 16.6, Max: 17.6, Diff: 1.7, Sum: 66.3]
         [Processed Buffers: Min: 8, Avg: 12.0, Max: 22, Diff: 14, Sum: 48]
      [Scan RS (ms): Min: 6.0, Avg: 7.3, Max: 7.7, Diff: 1.7, Sum: 29.0]
      [Code Root Scanning (ms): Min: 0.0, Avg: 0.0, Max: 0.0, Diff: 0.0, Sum: 0.1]
      [Object Copy (ms): Min: 516.4, Avg: 516.5, Max: 516.6, Diff: 0.2, Sum: 2066.1]
      [Termination (ms): Min: 0.0, Avg: 0.0, Max: 0.0, Diff: 0.0, Sum: 0.0]
      [GC Worker Other (ms): Min: 0.0, Avg: 0.0, Max: 0.0, Diff: 0.0, Sum: 0.1]
      [GC Worker Total (ms): Min: 543.3, Avg: 543.8, Max: 544.0, Diff: 0.8, Sum: 2175.3]
      [GC Worker End (ms): Min: 27698.6, Avg: 27698.6, Max: 27698.6, Diff: 0.0]
   [Code Root Fixup: 0.0 ms]
   [Code Root Migration: 0.1 ms]
   [Clear CT: 0.5 ms]
   [Other: 1.5 ms]
      [Choose CSet: 0.0 ms]
      [Ref Proc: 0.2 ms]
      [Ref Enq: 0.0 ms]
      [Free CSet: 0.5 ms]
   [Eden: 544.0M(544.0M)->0.0B(537.0M) Survivors: 70.0M->77.0M Heap: 2482.9M(3072.0M)->2047.4M(3072.0M)]
 [Times: user=0.33 sys=1.81, real=0.55 secs] 
28.167: [GC pause (young), 0.1309890 secs]
   [Parallel Time: 129.4 ms, GC Workers: 4]
      [GC Worker Start (ms): Min: 28166.9, Avg: 28167.0, Max: 28167.0, Diff: 0.1]
      [Ext Root Scanning (ms): Min: 3.0, Avg: 3.2, Max: 3.5, Diff: 0.5, Sum: 12.8]
      [SATB Filtering (ms): Min: 0.0, Avg: 0.0, Max: 0.0, Diff: 0.0, Sum: 0.0]
      [Update RS (ms): Min: 4.7, Avg: 5.6, Max: 7.4, Diff: 2.6, Sum: 22.4]
         [Processed Buffers: Min: 7, Avg: 12.0, Max: 23, Diff: 16, Sum: 48]
      [Scan RS (ms): Min: 2.8, Avg: 4.2, Max: 5.2, Diff: 2.4, Sum: 16.9]
      [Code Root Scanning (ms): Min: 0.0, Avg: 0.0, Max: 0.0, Diff: 0.0, Sum: 0.0]
      [Object Copy (ms): Min: 114.9, Avg: 115.2, Max: 116.0, Diff: 1.1, Sum: 460.9]
      [Termination (ms): Min: 0.0, Avg: 1.0, Max: 1.3, Diff: 1.3, Sum: 3.8]
      [GC Worker Other (ms): Min: 0.0, Avg: 0.0, Max: 0.0, Diff: 0.0, Sum: 0.1]
      [GC Worker Total (ms): Min: 129.2, Avg: 129.2, Max: 129.3, Diff: 0.1, Sum: 517.0]
      [GC Worker End (ms): Min: 28296.2, Avg: 28296.2, Max: 28296.2, Diff: 0.0]
   [Code Root Fixup: 0.0 ms]
   [Code Root Migration: 0.1 ms]
   [Clear CT: 0.2 ms]
   [Other: 1.4 ms]
      [Choose CSet: 0.0 ms]
      [Ref Proc: 0.3 ms]
      [Ref Enq: 0.0 ms]
      [Free CSet: 0.5 ms]
   [Eden: 537.0M(537.0M)->0.0B(581.0M) Survivors: 77.0M->33.0M Heap: 2584.4M(3072.0M)->2080.9M(3072.0M)]
 [Times: user=0.20 sys=0.32, real=0.13 secs] 
28.772: [GC pause (young), 0.1684330 secs]
   [Parallel Time: 167.0 ms, GC Workers: 4]
      [GC Worker Start (ms): Min: 28772.1, Avg: 28772.1, Max: 28772.2, Diff: 0.1]
      [Ext Root Scanning (ms): Min: 3.3, Avg: 3.6, Max: 3.8, Diff: 0.5, Sum: 14.4]
      [SATB Filtering (ms): Min: 0.0, Avg: 0.0, Max: 0.0, Diff: 0.0, Sum: 0.0]
      [Update RS (ms): Min: 11.5, Avg: 12.8, Max: 15.0, Diff: 3.4, Sum: 51.1]
         [Processed Buffers: Min: 4, Avg: 13.5, Max: 28, Diff: 24, Sum: 54]
      [Scan RS (ms): Min: 0.0, Avg: 0.5, Max: 1.2, Diff: 1.1, Sum: 2.0]
      [Code Root Scanning (ms): Min: 0.0, Avg: 0.0, Max: 0.0, Diff: 0.0, Sum: 0.0]
      [Object Copy (ms): Min: 145.1, Avg: 148.3, Max: 150.7, Diff: 5.6, Sum: 593.1]
      [Termination (ms): Min: 0.0, Avg: 1.6, Max: 2.9, Diff: 2.9, Sum: 6.6]
      [GC Worker Other (ms): Min: 0.0, Avg: 0.0, Max: 0.1, Diff: 0.0, Sum: 0.1]
      [GC Worker Total (ms): Min: 166.8, Avg: 166.8, Max: 166.9, Diff: 0.1, Sum: 667.3]
      [GC Worker End (ms): Min: 28939.0, Avg: 28939.0, Max: 28939.0, Diff: 0.0]
   [Code Root Fixup: 0.0 ms]
   [Code Root Migration: 0.1 ms]
   [Clear CT: 0.3 ms]
   [Other: 1.0 ms]
      [Choose CSet: 0.0 ms]
      [Ref Proc: 0.3 ms]
      [Ref Enq: 0.0 ms]
      [Free CSet: 0.5 ms]
   [Eden: 581.0M(581.0M)->0.0B(537.0M) Survivors: 33.0M->77.0M Heap: 2661.9M(3072.0M)->2128.9M(3072.0M)]
 [Times: user=0.18 sys=0.46, real=0.17 secs] 
29.146: [GC concurrent-mark-end, 3.1876430 secs]
29.148: [GC remark 29.148: [GC ref-proc, 0.0003100 secs], 0.0121680 secs]
 [Times: user=0.03 sys=0.01, real=0.02 secs] 
29.160: [GC cleanup 2542M->2524M(3072M), 0.0045160 secs]
 [Times: user=0.01 sys=0.01, real=0.00 secs] 
29.165: [GC concurrent-cleanup-start]
29.165: [GC concurrent-cleanup-end, 0.0000530 secs]
29.231: [GC pause (young), 0.1249300 secs]
   [Parallel Time: 121.8 ms, GC Workers: 4]
      [GC Worker Start (ms): Min: 29231.0, Avg: 29231.1, Max: 29231.1, Diff: 0.1]
      [Ext Root Scanning (ms): Min: 3.0, Avg: 3.1, Max: 3.2, Diff: 0.2, Sum: 12.4]
      [Update RS (ms): Min: 11.4, Avg: 12.7, Max: 14.0, Diff: 2.6, Sum: 50.6]
         [Processed Buffers: Min: 5, Avg: 12.5, Max: 21, Diff: 16, Sum: 50]
      [Scan RS (ms): Min: 0.0, Avg: 1.1, Max: 2.2, Diff: 2.1, Sum: 4.3]
      [Code Root Scanning (ms): Min: 0.0, Avg: 0.0, Max: 0.0, Diff: 0.0, Sum: 0.0]
      [Object Copy (ms): Min: 98.4, Avg: 101.4, Max: 104.6, Diff: 6.2, Sum: 405.7]
      [Termination (ms): Min: 0.0, Avg: 3.3, Max: 6.6, Diff: 6.6, Sum: 13.2]
      [GC Worker Other (ms): Min: 0.0, Avg: 0.0, Max: 0.1, Diff: 0.0, Sum: 0.1]
      [GC Worker Total (ms): Min: 121.5, Avg: 121.6, Max: 121.6, Diff: 0.1, Sum: 486.3]
      [GC Worker End (ms): Min: 29352.6, Avg: 29352.7, Max: 29352.7, Diff: 0.1]
   [Code Root Fixup: 0.0 ms]
   [Code Root Migration: 0.1 ms]
   [Clear CT: 0.3 ms]
   [Other: 2.7 ms]
      [Choose CSet: 0.0 ms]
      [Ref Proc: 1.7 ms]
      [Ref Enq: 0.0 ms]
      [Free CSet: 0.5 ms]
   [Eden: 537.0M(537.0M)->0.0B(568.0M) Survivors: 77.0M->46.0M Heap: 2647.4M(3072.0M)->2157.4M(3072.0M)]
 [Times: user=0.27 sys=0.21, real=0.12 secs] 
29.526: [GC pause (young), 0.0431840 secs]
   [Parallel Time: 41.9 ms, GC Workers: 4]
      [GC Worker Start (ms): Min: 29525.7, Avg: 29527.7, Max: 29533.8, Diff: 8.0]
      [Ext Root Scanning (ms): Min: 0.0, Avg: 3.3, Max: 4.9, Diff: 4.9, Sum: 13.1]
      [Update RS (ms): Min: 0.0, Avg: 1.7, Max: 3.0, Diff: 3.0, Sum: 6.6]
         [Processed Buffers: Min: 0, Avg: 11.2, Max: 18, Diff: 18, Sum: 45]
      [Scan RS (ms): Min: 0.8, Avg: 2.4, Max: 4.9, Diff: 4.1, Sum: 9.7]
      [Code Root Scanning (ms): Min: 0.0, Avg: 0.0, Max: 0.0, Diff: 0.0, Sum: 0.0]
      [Object Copy (ms): Min: 30.7, Avg: 32.3, Max: 32.9, Diff: 2.2, Sum: 129.0]
      [Termination (ms): Min: 0.0, Avg: 0.0, Max: 0.0, Diff: 0.0, Sum: 0.0]
      [GC Worker Other (ms): Min: 0.0, Avg: 0.0, Max: 0.1, Diff: 0.0, Sum: 0.1]
      [GC Worker Total (ms): Min: 33.6, Avg: 39.7, Max: 41.7, Diff: 8.1, Sum: 158.6]
      [GC Worker End (ms): Min: 29567.4, Avg: 29567.4, Max: 29567.4, Diff: 0.0]
   [Code Root Fixup: 0.0 ms]
   [Code Root Migration: 0.1 ms]
   [Clear CT: 0.2 ms]
   [Other: 1.0 ms]
      [Choose CSet: 0.0 ms]
      [Ref Proc: 0.2 ms]
      [Ref Enq: 0.0 ms]
      [Free CSet: 0.4 ms]
   [Eden: 568.0M(568.0M)->0.0B(609.0M) Survivors: 46.0M->5120.0K Heap: 2725.4M(3072.0M)->2161.9M(3072.0M)]
 [Times: user=0.09 sys=0.07, real=0.05 secs] 
29.752: [GC pause (young) (initial-mark), 0.0097970 secs]
   [Parallel Time: 8.3 ms, GC Workers: 4]
      [GC Worker Start (ms): Min: 29752.4, Avg: 29752.7, Max: 29753.7, Diff: 1.3]
      [Ext Root Scanning (ms): Min: 2.9, Avg: 3.5, Max: 4.2, Diff: 1.3, Sum: 14.1]
      [Code Root Marking (ms): Min: 0.0, Avg: 0.3, Max: 0.4, Diff: 0.4, Sum: 1.0]
      [Update RS (ms): Min: 0.7, Avg: 1.1, Max: 1.3, Diff: 0.6, Sum: 4.4]
         [Processed Buffers: Min: 9, Avg: 11.5, Max: 14, Diff: 5, Sum: 46]
      [Scan RS (ms): Min: 0.2, Avg: 0.3, Max: 0.3, Diff: 0.1, Sum: 1.1]
      [Code Root Scanning (ms): Min: 0.0, Avg: 0.0, Max: 0.0, Diff: 0.0, Sum: 0.0]
      [Object Copy (ms): Min: 2.1, Avg: 2.6, Max: 2.9, Diff: 0.8, Sum: 10.5]
      [Termination (ms): Min: 0.0, Avg: 0.0, Max: 0.0, Diff: 0.0, Sum: 0.0]
      [GC Worker Other (ms): Min: 0.0, Avg: 0.0, Max: 0.0, Diff: 0.0, Sum: 0.1]
      [GC Worker Total (ms): Min: 6.9, Avg: 7.8, Max: 8.2, Diff: 1.3, Sum: 31.3]
      [GC Worker End (ms): Min: 29760.5, Avg: 29760.5, Max: 29760.6, Diff: 0.0]
   [Code Root Fixup: 0.0 ms]
   [Code Root Migration: 0.1 ms]
   [Clear CT: 0.3 ms]
   [Other: 1.0 ms]
      [Choose CSet: 0.0 ms]
      [Ref Proc: 0.2 ms]
      [Ref Enq: 0.0 ms]
      [Free CSet: 0.5 ms]
   [Eden: 609.0M(609.0M)->0.0B(610.0M) Survivors: 5120.0K->4096.0K Heap: 2770.9M(3072.0M)->2161.4M(3072.0M)]
 [Times: user=0.04 sys=0.00, real=0.01 secs] 
29.762: [GC concurrent-root-region-scan-start]
29.763: [GC concurrent-root-region-scan-end, 0.0009940 secs]
29.763: [GC concurrent-mark-start]
30.049: [GC pause (young), 0.0131070 secs]
   [Parallel Time: 11.8 ms, GC Workers: 4]
      [GC Worker Start (ms): Min: 30049.5, Avg: 30049.6, Max: 30049.6, Diff: 0.1]
      [Ext Root Scanning (ms): Min: 5.2, Avg: 6.5, Max: 8.0, Diff: 2.8, Sum: 26.1]
      [SATB Filtering (ms): Min: 0.0, Avg: 0.0, Max: 0.0, Diff: 0.0, Sum: 0.0]
      [Update RS (ms): Min: 0.0, Avg: 0.4, Max: 0.7, Diff: 0.7, Sum: 1.4]
         [Processed Buffers: Min: 0, Avg: 3.2, Max: 11, Diff: 11, Sum: 13]
      [Scan RS (ms): Min: 0.0, Avg: 0.1, Max: 0.2, Diff: 0.2, Sum: 0.6]
      [Code Root Scanning (ms): Min: 0.0, Avg: 0.0, Max: 0.0, Diff: 0.0, Sum: 0.0]
      [Object Copy (ms): Min: 2.4, Avg: 3.7, Max: 5.2, Diff: 2.9, Sum: 14.8]
      [Termination (ms): Min: 0.0, Avg: 1.0, Max: 1.3, Diff: 1.3, Sum: 3.9]
      [GC Worker Other (ms): Min: 0.0, Avg: 0.0, Max: 0.0, Diff: 0.0, Sum: 0.0]
      [GC Worker Total (ms): Min: 11.7, Avg: 11.7, Max: 11.7, Diff: 0.1, Sum: 46.8]
      [GC Worker End (ms): Min: 30061.3, Avg: 30061.3, Max: 30061.3, Diff: 0.0]
   [Code Root Fixup: 0.0 ms]
   [Code Root Migration: 0.1 ms]
   [Clear CT: 0.3 ms]
   [Other: 0.9 ms]
      [Choose CSet: 0.0 ms]
      [Ref Proc: 0.4 ms]
      [Ref Enq: 0.0 ms]
      [Free CSet: 0.4 ms]
   [Eden: 610.0M(610.0M)->0.0B(610.0M) Survivors: 4096.0K->4096.0K Heap: 2771.4M(3072.0M)->2161.9M(3072.0M)]
 [Times: user=0.03 sys=0.01, real=0.01 secs] 
30.386: [GC pause (young), 0.0227410 secs]
   [Parallel Time: 18.7 ms, GC Workers: 4]
      [GC Worker Start (ms): Min: 30386.5, Avg: 30388.2, Max: 30392.7, Diff: 6.2]
      [Ext Root Scanning (ms): Min: 0.0, Avg: 4.0, Max: 7.8, Diff: 7.8, Sum: 16.1]
      [SATB Filtering (ms): Min: 0.0, Avg: 0.0, Max: 0.0, Diff: 0.0, Sum: 0.0]
      [Update RS (ms): Min: 0.0, Avg: 0.4, Max: 1.3, Diff: 1.3, Sum: 1.6]
         [Processed Buffers: Min: 0, Avg: 4.0, Max: 12, Diff: 12, Sum: 16]
      [Scan RS (ms): Min: 0.1, Avg: 0.2, Max: 0.5, Diff: 0.4, Sum: 0.8]
      [Code Root Scanning (ms): Min: 0.0, Avg: 0.0, Max: 0.1, Diff: 0.1, Sum: 0.1]
      [Object Copy (ms): Min: 2.6, Avg: 8.3, Max: 13.1, Diff: 10.5, Sum: 33.2]
      [Termination (ms): Min: 0.0, Avg: 4.0, Max: 8.0, Diff: 8.0, Sum: 16.2]
      [GC Worker Other (ms): Min: 0.0, Avg: 0.0, Max: 0.0, Diff: 0.0, Sum: 0.1]
      [GC Worker Total (ms): Min: 12.5, Avg: 17.0, Max: 18.7, Diff: 6.2, Sum: 68.0]
      [GC Worker End (ms): Min: 30405.2, Avg: 30405.2, Max: 30405.2, Diff: 0.0]
   [Code Root Fixup: 0.0 ms]
   [Code Root Migration: 0.1 ms]
   [Clear CT: 0.5 ms]
   [Other: 3.5 ms]
      [Choose CSet: 0.0 ms]
      [Ref Proc: 2.9 ms]
      [Ref Enq: 0.0 ms]
      [Free CSet: 0.4 ms]
   [Eden: 610.0M(610.0M)->0.0B(608.0M) Survivors: 4096.0K->6144.0K Heap: 2771.9M(3072.0M)->2163.4M(3072.0M)]
 [Times: user=0.06 sys=0.03, real=0.03 secs] 
30.645: [GC pause (young), 0.0752160 secs]
   [Parallel Time: 73.7 ms, GC Workers: 4]
      [GC Worker Start (ms): Min: 30644.6, Avg: 30645.5, Max: 30648.2, Diff: 3.6]
      [Ext Root Scanning (ms): Min: 2.7, Avg: 4.8, Max: 5.8, Diff: 3.0, Sum: 19.2]
      [SATB Filtering (ms): Min: 0.0, Avg: 0.0, Max: 0.0, Diff: 0.0, Sum: 0.0]
      [Update RS (ms): Min: 0.6, Avg: 1.8, Max: 2.8, Diff: 2.2, Sum: 7.2]
         [Processed Buffers: Min: 2, Avg: 4.2, Max: 11, Diff: 9, Sum: 17]
      [Scan RS (ms): Min: 0.0, Avg: 0.5, Max: 1.6, Diff: 1.6, Sum: 2.0]
      [Code Root Scanning (ms): Min: 0.0, Avg: 0.0, Max: 0.0, Diff: 0.0, Sum: 0.0]
      [Object Copy (ms): Min: 62.0, Avg: 63.5, Max: 65.5, Diff: 3.5, Sum: 254.0]
      [Termination (ms): Min: 0.0, Avg: 2.0, Max: 2.9, Diff: 2.9, Sum: 7.8]
      [GC Worker Other (ms): Min: 0.0, Avg: 0.0, Max: 0.0, Diff: 0.0, Sum: 0.1]
      [GC Worker Total (ms): Min: 69.9, Avg: 72.6, Max: 73.5, Diff: 3.6, Sum: 290.4]
      [GC Worker End (ms): Min: 30718.1, Avg: 30718.1, Max: 30718.2, Diff: 0.0]
   [Code Root Fixup: 0.0 ms]
   [Code Root Migration: 0.1 ms]
   [Clear CT: 0.3 ms]
   [Other: 1.1 ms]
      [Choose CSet: 0.0 ms]
      [Ref Proc: 0.5 ms]
      [Ref Enq: 0.0 ms]
      [Free CSet: 0.5 ms]
   [Eden: 608.0M(608.0M)->0.0B(598.0M) Survivors: 6144.0K->16.0M Heap: 2771.9M(3072.0M)->2173.9M(3072.0M)]
 [Times: user=0.07 sys=0.22, real=0.08 secs] 
31.103: [GC pause (young), 0.0696960 secs]
   [Parallel Time: 67.5 ms, GC Workers: 4]
      [GC Worker Start (ms): Min: 31102.8, Avg: 31104.1, Max: 31107.7, Diff: 4.9]
      [Ext Root Scanning (ms): Min: 0.0, Avg: 3.3, Max: 5.1, Diff: 5.1, Sum: 13.4]
      [SATB Filtering (ms): Min: 0.0, Avg: 0.0, Max: 0.0, Diff: 0.0, Sum: 0.0]
      [Update RS (ms): Min: 4.6, Avg: 5.8, Max: 7.4, Diff: 2.8, Sum: 23.1]
         [Processed Buffers: Min: 3, Avg: 7.0, Max: 18, Diff: 15, Sum: 28]
      [Scan RS (ms): Min: 0.0, Avg: 0.2, Max: 0.4, Diff: 0.4, Sum: 0.7]
      [Code Root Scanning (ms): Min: 0.0, Avg: 0.1, Max: 0.3, Diff: 0.3, Sum: 0.3]
      [Object Copy (ms): Min: 54.8, Avg: 55.6, Max: 57.0, Diff: 2.2, Sum: 222.3]
      [Termination (ms): Min: 0.0, Avg: 1.2, Max: 1.7, Diff: 1.7, Sum: 5.0]
      [GC Worker Other (ms): Min: 0.0, Avg: 0.0, Max: 0.0, Diff: 0.0, Sum: 0.0]
      [GC Worker Total (ms): Min: 62.5, Avg: 66.2, Max: 67.5, Diff: 4.9, Sum: 264.9]
      [GC Worker End (ms): Min: 31170.3, Avg: 31170.3, Max: 31170.3, Diff: 0.0]
   [Code Root Fixup: 0.0 ms]
   [Code Root Migration: 0.1 ms]
   [Clear CT: 0.3 ms]
   [Other: 1.8 ms]
      [Choose CSet: 0.0 ms]
      [Ref Proc: 1.3 ms]
      [Ref Enq: 0.0 ms]
      [Free CSet: 0.4 ms]
   [Eden: 598.0M(598.0M)->0.0B(583.0M) Survivors: 16.0M->31.0M Heap: 2772.9M(3072.0M)->2189.9M(3072.0M)]
 [Times: user=0.11 sys=0.15, real=0.07 secs] 
31.561: [GC pause (young), 0.0915480 secs]
   [Parallel Time: 90.5 ms, GC Workers: 4]
      [GC Worker Start (ms): Min: 31560.9, Avg: 31561.0, Max: 31561.0, Diff: 0.1]
      [Ext Root Scanning (ms): Min: 3.0, Avg: 3.1, Max: 3.3, Diff: 0.3, Sum: 12.6]
      [SATB Filtering (ms): Min: 0.0, Avg: 0.0, Max: 0.0, Diff: 0.0, Sum: 0.0]
      [Update RS (ms): Min: 10.4, Avg: 10.9, Max: 11.3, Diff: 0.9, Sum: 43.5]
         [Processed Buffers: Min: 5, Avg: 9.0, Max: 18, Diff: 13, Sum: 36]
      [Scan RS (ms): Min: 0.0, Avg: 0.1, Max: 0.4, Diff: 0.3, Sum: 0.5]
      [Code Root Scanning (ms): Min: 0.0, Avg: 0.0, Max: 0.0, Diff: 0.0, Sum: 0.0]
      [Object Copy (ms): Min: 75.1, Avg: 75.6, Max: 75.9, Diff: 0.8, Sum: 302.2]
      [Termination (ms): Min: 0.0, Avg: 0.0, Max: 0.1, Diff: 0.1, Sum: 0.2]
      [GC Worker Other (ms): Min: 0.0, Avg: 0.0, Max: 0.0, Diff: 0.0, Sum: 0.1]
      [GC Worker Total (ms): Min: 89.7, Avg: 89.8, Max: 89.8, Diff: 0.1, Sum: 359.1]
      [GC Worker End (ms): Min: 31650.8, Avg: 31650.8, Max: 31650.8, Diff: 0.0]
   [Code Root Fixup: 0.0 ms]
   [Code Root Migration: 0.1 ms]
   [Clear CT: 0.2 ms]
   [Other: 0.7 ms]
      [Choose CSet: 0.0 ms]
      [Ref Proc: 0.2 ms]
      [Ref Enq: 0.0 ms]
      [Free CSet: 0.4 ms]
   [Eden: 583.0M(583.0M)->0.0B(567.0M) Survivors: 31.0M->47.0M Heap: 2774.9M(3072.0M)->2207.9M(3072.0M)]
 [Times: user=0.16 sys=0.18, real=0.09 secs] 
32.686: [GC pause (young), 0.1329390 secs]
   [Parallel Time: 130.9 ms, GC Workers: 4]
      [GC Worker Start (ms): Min: 32686.4, Avg: 32686.4, Max: 32686.5, Diff: 0.1]
      [Ext Root Scanning (ms): Min: 2.9, Avg: 3.4, Max: 4.2, Diff: 1.3, Sum: 13.6]
      [SATB Filtering (ms): Min: 0.0, Avg: 0.0, Max: 0.0, Diff: 0.0, Sum: 0.0]
      [Update RS (ms): Min: 12.2, Avg: 14.1, Max: 15.3, Diff: 3.1, Sum: 56.3]
         [Processed Buffers: Min: 8, Avg: 12.8, Max: 23, Diff: 15, Sum: 51]
      [Scan RS (ms): Min: 0.1, Avg: 0.2, Max: 0.4, Diff: 0.4, Sum: 0.8]
      [Code Root Scanning (ms): Min: 0.0, Avg: 0.0, Max: 0.0, Diff: 0.0, Sum: 0.0]
      [Object Copy (ms): Min: 106.6, Avg: 108.8, Max: 113.9, Diff: 7.4, Sum: 435.3]
      [Termination (ms): Min: 0.0, Avg: 4.3, Max: 6.1, Diff: 6.1, Sum: 17.1]
      [GC Worker Other (ms): Min: 0.0, Avg: 0.0, Max: 0.0, Diff: 0.0, Sum: 0.1]
      [GC Worker Total (ms): Min: 130.8, Avg: 130.8, Max: 130.9, Diff: 0.1, Sum: 523.3]
      [GC Worker End (ms): Min: 32817.3, Avg: 32817.3, Max: 32817.3, Diff: 0.0]
   [Code Root Fixup: 0.0 ms]
   [Code Root Migration: 0.1 ms]
   [Clear CT: 0.2 ms]
   [Other: 1.7 ms]
      [Choose CSet: 0.0 ms]
      [Ref Proc: 0.3 ms]
      [Ref Enq: 0.0 ms]
      [Free CSet: 1.1 ms]
   [Eden: 567.0M(567.0M)->0.0B(552.0M) Survivors: 47.0M->62.0M Heap: 2774.9M(3072.0M)->2237.2M(3072.0M)]
 [Times: user=0.20 sys=0.30, real=0.13 secs] 
32.887: [GC concurrent-mark-end, 3.1240010 secs]
32.887: [GC remark 33.050: [GC ref-proc, 0.0003150 secs], 0.1734940 secs]
 [Times: user=0.63 sys=0.04, real=0.18 secs] 
33.061: [GC cleanup 2306M->2275M(3072M), 0.0048850 secs]
 [Times: user=0.01 sys=0.00, real=0.00 secs] 
33.066: [GC concurrent-cleanup-start]
33.068: [GC concurrent-cleanup-end, 0.0010820 secs]
34.112: [GC pause (young), 0.5263830 secs]
   [Parallel Time: 522.7 ms, GC Workers: 4]
      [GC Worker Start (ms): Min: 34112.3, Avg: 34112.3, Max: 34112.4, Diff: 0.1]
      [Ext Root Scanning (ms): Min: 3.2, Avg: 3.6, Max: 4.0, Diff: 0.8, Sum: 14.2]
      [Update RS (ms): Min: 55.5, Avg: 60.9, Max: 70.1, Diff: 14.6, Sum: 243.8]
         [Processed Buffers: Min: 14, Avg: 19.0, Max: 29, Diff: 15, Sum: 76]
      [Scan RS (ms): Min: 84.4, Avg: 95.0, Max: 99.9, Diff: 15.5, Sum: 380.1]
      [Code Root Scanning (ms): Min: 0.0, Avg: 0.0, Max: 0.1, Diff: 0.1, Sum: 0.1]
      [Object Copy (ms): Min: 360.6, Avg: 362.7, Max: 363.8, Diff: 3.1, Sum: 1450.9]
      [Termination (ms): Min: 0.0, Avg: 0.0, Max: 0.0, Diff: 0.0, Sum: 0.0]
      [GC Worker Other (ms): Min: 0.0, Avg: 0.0, Max: 0.1, Diff: 0.1, Sum: 0.1]
      [GC Worker Total (ms): Min: 522.3, Avg: 522.3, Max: 522.4, Diff: 0.1, Sum: 2089.3]
      [GC Worker End (ms): Min: 34634.7, Avg: 34634.7, Max: 34634.7, Diff: 0.1]
   [Code Root Fixup: 0.0 ms]
   [Code Root Migration: 0.1 ms]
   [Clear CT: 0.4 ms]
   [Other: 3.2 ms]
      [Choose CSet: 0.0 ms]
      [Ref Proc: 1.8 ms]
      [Ref Enq: 0.0 ms]
      [Free CSet: 0.5 ms]
   [Eden: 552.0M(552.0M)->0.0B(537.0M) Survivors: 62.0M->77.0M Heap: 2769.7M(3072.0M)->2369.9M(3072.0M)]
 [Times: user=0.51 sys=1.41, real=0.52 secs] 
34.658: [GC pause (young) (initial-mark), 0.1017390 secs]
   [Parallel Time: 100.4 ms, GC Workers: 4]
      [GC Worker Start (ms): Min: 34658.2, Avg: 34658.3, Max: 34658.4, Diff: 0.2]
      [Ext Root Scanning (ms): Min: 4.4, Avg: 5.1, Max: 5.8, Diff: 1.5, Sum: 20.6]
      [Code Root Marking (ms): Min: 0.0, Avg: 0.2, Max: 0.8, Diff: 0.7, Sum: 0.9]
      [Update RS (ms): Min: 51.1, Avg: 51.4, Max: 51.5, Diff: 0.5, Sum: 205.6]
         [Processed Buffers: Min: 244, Avg: 253.0, Max: 276, Diff: 32, Sum: 1012]
      [Scan RS (ms): Min: 1.9, Avg: 2.1, Max: 2.2, Diff: 0.3, Sum: 8.2]
      [Code Root Scanning (ms): Min: 0.0, Avg: 0.0, Max: 0.0, Diff: 0.0, Sum: 0.0]
      [Object Copy (ms): Min: 41.0, Avg: 41.1, Max: 41.4, Diff: 0.4, Sum: 164.6]
      [Termination (ms): Min: 0.0, Avg: 0.0, Max: 0.0, Diff: 0.0, Sum: 0.1]
      [GC Worker Other (ms): Min: 0.0, Avg: 0.0, Max: 0.0, Diff: 0.0, Sum: 0.1]
      [GC Worker Total (ms): Min: 99.9, Avg: 100.0, Max: 100.1, Diff: 0.2, Sum: 400.1]
      [GC Worker End (ms): Min: 34758.3, Avg: 34758.3, Max: 34758.3, Diff: 0.0]
   [Code Root Fixup: 0.0 ms]
   [Code Root Migration: 0.0 ms]
   [Clear CT: 0.2 ms]
   [Other: 1.1 ms]
      [Choose CSet: 0.0 ms]
      [Ref Proc: 0.2 ms]
      [Ref Enq: 0.0 ms]
      [Free CSet: 0.1 ms]
   [Eden: 14.0M(537.0M)->0.0B(608.0M) Survivors: 77.0M->6144.0K Heap: 2383.6M(3072.0M)->2376.4M(3072.0M)]
 [Times: user=0.38 sys=0.01, real=0.11 secs] 
34.760: [GC concurrent-root-region-scan-start]
34.769: [GC concurrent-root-region-scan-end, 0.0092500 secs]
34.769: [GC concurrent-mark-start]
35.351: [GC pause (young) (to-space exhausted), 0.3852000 secs]
   [Parallel Time: 327.0 ms, GC Workers: 4]
      [GC Worker Start (ms): Min: 35351.4, Avg: 35354.2, Max: 35357.3, Diff: 5.9]
      [Ext Root Scanning (ms): Min: 1.4, Avg: 6.3, Max: 15.5, Diff: 14.1, Sum: 25.4]
      [SATB Filtering (ms): Min: 0.0, Avg: 0.0, Max: 0.0, Diff: 0.0, Sum: 0.0]
      [Update RS (ms): Min: 16.5, Avg: 22.5, Max: 26.6, Diff: 10.1, Sum: 90.1]
         [Processed Buffers: Min: 7, Avg: 13.0, Max: 23, Diff: 16, Sum: 52]
      [Scan RS (ms): Min: 0.0, Avg: 1.3, Max: 2.5, Diff: 2.5, Sum: 5.3]
      [Code Root Scanning (ms): Min: 0.0, Avg: 0.0, Max: 0.0, Diff: 0.0, Sum: 0.1]
      [Object Copy (ms): Min: 293.7, Avg: 293.8, Max: 293.8, Diff: 0.2, Sum: 1175.0]
      [Termination (ms): Min: 0.0, Avg: 0.0, Max: 0.0, Diff: 0.0, Sum: 0.1]
      [GC Worker Other (ms): Min: 0.0, Avg: 0.0, Max: 0.0, Diff: 0.0, Sum: 0.1]
      [GC Worker Total (ms): Min: 321.0, Avg: 324.0, Max: 326.9, Diff: 5.9, Sum: 1296.1]
      [GC Worker End (ms): Min: 35678.3, Avg: 35678.3, Max: 35678.3, Diff: 0.0]
   [Code Root Fixup: 0.0 ms]
   [Code Root Migration: 0.1 ms]
   [Clear CT: 0.2 ms]
   [Other: 57.9 ms]
      [Choose CSet: 0.0 ms]
      [Ref Proc: 0.2 ms]
      [Ref Enq: 0.0 ms]
      [Free CSet: 0.4 ms]
   [Eden: 608.0M(608.0M)->0.0B(553.0M) Survivors: 6144.0K->61.0M Heap: 2990.9M(3072.0M)->2656.9M(3072.0M)]
 [Times: user=0.60 sys=0.50, real=0.38 secs] 
36.108: [GC pause (young) (to-space exhausted), 1.2202760 secs]
   [Parallel Time: 1089.9 ms, GC Workers: 4]
      [GC Worker Start (ms): Min: 36108.0, Avg: 36108.3, Max: 36108.5, Diff: 0.5]
      [Ext Root Scanning (ms): Min: 0.6, Avg: 5.2, Max: 7.7, Diff: 7.1, Sum: 20.6]
      [SATB Filtering (ms): Min: 0.0, Avg: 0.0, Max: 0.0, Diff: 0.0, Sum: 0.0]
      [Update RS (ms): Min: 26.3, Avg: 28.0, Max: 33.1, Diff: 6.8, Sum: 112.2]
         [Processed Buffers: Min: 6, Avg: 14.8, Max: 25, Diff: 19, Sum: 59]
      [Scan RS (ms): Min: 0.0, Avg: 4.1, Max: 5.9, Diff: 5.8, Sum: 16.3]
      [Code Root Scanning (ms): Min: 0.0, Avg: 0.0, Max: 0.0, Diff: 0.0, Sum: 0.0]
      [Object Copy (ms): Min: 907.2, Avg: 970.2, Max: 1050.7, Diff: 143.5, Sum: 3880.9]
      [Termination (ms): Min: 0.0, Avg: 81.9, Max: 144.0, Diff: 144.0, Sum: 327.8]
      [GC Worker Other (ms): Min: 0.0, Avg: 0.0, Max: 0.0, Diff: 0.0, Sum: 0.1]
      [GC Worker Total (ms): Min: 1089.3, Avg: 1089.5, Max: 1089.8, Diff: 0.5, Sum: 4358.0]
      [GC Worker End (ms): Min: 37197.8, Avg: 37197.8, Max: 37197.8, Diff: 0.0]
   [Code Root Fixup: 0.0 ms]
   [Code Root Migration: 0.1 ms]
   [Clear CT: 0.2 ms]
   [Other: 130.1 ms]
      [Choose CSet: 0.0 ms]
      [Ref Proc: 0.2 ms]
      [Ref Enq: 0.0 ms]
      [Free CSet: 0.2 ms]
   [Eden: 385.0M(553.0M)->0.0B(614.0M) Survivors: 61.0M->0.0B Heap: 3049.9M(3072.0M)->3027.9M(3072.0M)]
 [Times: user=1.90 sys=0.94, real=1.22 secs] 
37.359: [GC pause (young) (to-space exhausted), 0.1126950 secs]
   [Parallel Time: 107.6 ms, GC Workers: 4]
      [GC Worker Start (ms): Min: 37359.2, Avg: 37359.2, Max: 37359.2, Diff: 0.1]
      [Ext Root Scanning (ms): Min: 2.9, Avg: 3.4, Max: 3.8, Diff: 0.9, Sum: 13.7]
      [SATB Filtering (ms): Min: 0.0, Avg: 0.0, Max: 0.0, Diff: 0.0, Sum: 0.0]
      [Update RS (ms): Min: 32.1, Avg: 36.4, Max: 38.5, Diff: 6.4, Sum: 145.8]
         [Processed Buffers: Min: 341, Avg: 395.5, Max: 442, Diff: 101, Sum: 1582]
      [Scan RS (ms): Min: 0.0, Avg: 0.0, Max: 0.1, Diff: 0.1, Sum: 0.1]
      [Code Root Scanning (ms): Min: 0.0, Avg: 0.0, Max: 0.0, Diff: 0.0, Sum: 0.0]
      [Object Copy (ms): Min: 66.0, Avg: 67.5, Max: 71.7, Diff: 5.7, Sum: 270.2]
      [Termination (ms): Min: 0.0, Avg: 0.0, Max: 0.0, Diff: 0.0, Sum: 0.1]
      [GC Worker Other (ms): Min: 0.0, Avg: 0.0, Max: 0.0, Diff: 0.0, Sum: 0.1]
      [GC Worker Total (ms): Min: 107.5, Avg: 107.5, Max: 107.5, Diff: 0.1, Sum: 430.0]
      [GC Worker End (ms): Min: 37466.7, Avg: 37466.7, Max: 37466.7, Diff: 0.0]
   [Code Root Fixup: 0.0 ms]
   [Code Root Migration: 0.0 ms]
   [Clear CT: 0.2 ms]
   [Other: 4.9 ms]
      [Choose CSet: 0.0 ms]
      [Ref Proc: 0.1 ms]
      [Ref Enq: 0.0 ms]
      [Free CSet: 0.0 ms]
   [Eden: 22.0M(614.0M)->0.0B(614.0M) Survivors: 0.0B->0.0B Heap: 3049.9M(3072.0M)->3049.9M(3072.0M)]
 [Times: user=0.23 sys=0.06, real=0.12 secs] 
37.478: [GC pause (young), 0.0106470 secs]
   [Parallel Time: 10.2 ms, GC Workers: 4]
      [GC Worker Start (ms): Min: 37478.0, Avg: 37478.7, Max: 37480.4, Diff: 2.3]
      [Ext Root Scanning (ms): Min: 4.3, Avg: 6.1, Max: 9.6, Diff: 5.3, Sum: 24.3]
      [SATB Filtering (ms): Min: 0.0, Avg: 0.0, Max: 0.0, Diff: 0.0, Sum: 0.0]
      [Update RS (ms): Min: 0.0, Avg: 1.2, Max: 3.1, Diff: 3.1, Sum: 5.0]
         [Processed Buffers: Min: 0, Avg: 17.2, Max: 39, Diff: 39, Sum: 69]
      [Scan RS (ms): Min: 0.0, Avg: 0.0, Max: 0.0, Diff: 0.0, Sum: 0.0]
      [Code Root Scanning (ms): Min: 0.0, Avg: 0.0, Max: 0.0, Diff: 0.0, Sum: 0.0]
      [Object Copy (ms): Min: 0.1, Avg: 0.3, Max: 0.5, Diff: 0.4, Sum: 1.1]
      [Termination (ms): Min: 0.0, Avg: 1.7, Max: 2.3, Diff: 2.3, Sum: 6.6]
      [GC Worker Other (ms): Min: 0.0, Avg: 0.0, Max: 0.0, Diff: 0.0, Sum: 0.1]
      [GC Worker Total (ms): Min: 7.6, Avg: 9.3, Max: 9.9, Diff: 2.3, Sum: 37.1]
      [GC Worker End (ms): Min: 37487.9, Avg: 37487.9, Max: 37488.0, Diff: 0.1]
   [Code Root Fixup: 0.0 ms]
   [Code Root Migration: 0.0 ms]
   [Clear CT: 0.2 ms]
   [Other: 0.3 ms]
      [Choose CSet: 0.0 ms]
      [Ref Proc: 0.2 ms]
      [Ref Enq: 0.0 ms]
      [Free CSet: 0.0 ms]
   [Eden: 0.0B(614.0M)->0.0B(614.0M) Survivors: 0.0B->0.0B Heap: 3049.9M(3072.0M)->3049.9M(3072.0M)]
 [Times: user=0.03 sys=0.00, real=0.01 secs] 
37.489: [Full GC 3049M->1607M(3072M), 1.9612080 secs]
   [Eden: 0.0B(614.0M)->0.0B(614.0M) Survivors: 0.0B->0.0B Heap: 3049.9M(3072.0M)->1607.8M(3072.0M)], [Perm: 44845K->44845K(45056K)]
 [Times: user=2.41 sys=0.00, real=1.96 secs] 
39.451: [GC concurrent-mark-abort]
39.507: [GC pause (young) (initial-mark), 0.0299280 secs]
   [Parallel Time: 29.1 ms, GC Workers: 4]
      [GC Worker Start (ms): Min: 39507.5, Avg: 39507.7, Max: 39508.1, Diff: 0.6]
      [Ext Root Scanning (ms): Min: 4.2, Avg: 4.4, Max: 4.6, Diff: 0.4, Sum: 17.6]
      [Code Root Marking (ms): Min: 0.3, Avg: 0.7, Max: 1.2, Diff: 0.9, Sum: 2.7]
      [Update RS (ms): Min: 3.6, Avg: 4.7, Max: 5.4, Diff: 1.8, Sum: 18.7]
         [Processed Buffers: Min: 1, Avg: 5.8, Max: 14, Diff: 13, Sum: 23]
      [Scan RS (ms): Min: 0.0, Avg: 0.0, Max: 0.1, Diff: 0.1, Sum: 0.1]
      [Code Root Scanning (ms): Min: 0.0, Avg: 0.0, Max: 0.0, Diff: 0.0, Sum: 0.0]
      [Object Copy (ms): Min: 18.3, Avg: 18.9, Max: 20.3, Diff: 2.0, Sum: 75.7]
      [Termination (ms): Min: 0.0, Avg: 0.0, Max: 0.0, Diff: 0.0, Sum: 0.1]
      [GC Worker Other (ms): Min: 0.0, Avg: 0.0, Max: 0.0, Diff: 0.0, Sum: 0.1]
      [GC Worker Total (ms): Min: 28.3, Avg: 28.7, Max: 28.9, Diff: 0.6, Sum: 114.9]
      [GC Worker End (ms): Min: 39536.4, Avg: 39536.4, Max: 39536.4, Diff: 0.0]
   [Code Root Fixup: 0.0 ms]
   [Code Root Migration: 0.0 ms]
   [Clear CT: 0.2 ms]
   [Other: 0.6 ms]
      [Choose CSet: 0.0 ms]
      [Ref Proc: 0.2 ms]
      [Ref Enq: 0.0 ms]
      [Free CSet: 0.1 ms]
   [Eden: 102.0M(614.0M)->0.0B(577.0M) Survivors: 0.0B->37.0M Heap: 1709.7M(3072.0M)->1644.6M(3072.0M)]
 [Times: user=0.11 sys=0.00, real=0.03 secs] 
39.537: [GC concurrent-root-region-scan-start]
39.548: [GC concurrent-root-region-scan-end, 0.0108650 secs]
39.548: [GC concurrent-mark-start]
40.814: [GC pause (young), 0.2055040 secs]
   [Parallel Time: 203.1 ms, GC Workers: 4]
      [GC Worker Start (ms): Min: 40814.5, Avg: 40814.6, Max: 40814.7, Diff: 0.2]
      [Ext Root Scanning (ms): Min: 3.7, Avg: 6.4, Max: 13.0, Diff: 9.2, Sum: 25.6]
      [SATB Filtering (ms): Min: 0.0, Avg: 0.0, Max: 0.1, Diff: 0.1, Sum: 0.1]
      [Update RS (ms): Min: 11.8, Avg: 17.4, Max: 19.7, Diff: 7.9, Sum: 69.5]
         [Processed Buffers: Min: 7, Avg: 11.2, Max: 20, Diff: 13, Sum: 45]
      [Scan RS (ms): Min: 23.5, Avg: 24.6, Max: 25.1, Diff: 1.6, Sum: 98.3]
      [Code Root Scanning (ms): Min: 0.0, Avg: 0.0, Max: 0.0, Diff: 0.0, Sum: 0.1]
      [Object Copy (ms): Min: 141.8, Avg: 146.6, Max: 154.2, Diff: 12.4, Sum: 586.5]
      [Termination (ms): Min: 0.0, Avg: 7.8, Max: 12.4, Diff: 12.4, Sum: 31.0]
      [GC Worker Other (ms): Min: 0.0, Avg: 0.0, Max: 0.0, Diff: 0.0, Sum: 0.1]
      [GC Worker Total (ms): Min: 202.7, Avg: 202.8, Max: 202.9, Diff: 0.2, Sum: 811.2]
      [GC Worker End (ms): Min: 41017.4, Avg: 41017.4, Max: 41017.4, Diff: 0.0]
   [Code Root Fixup: 0.0 ms]
   [Code Root Migration: 0.1 ms]
   [Clear CT: 0.2 ms]
   [Other: 2.1 ms]
      [Choose CSet: 0.0 ms]
      [Ref Proc: 0.2 ms]
      [Ref Enq: 0.0 ms]
      [Free CSet: 1.0 ms]
   [Eden: 577.0M(577.0M)->0.0B(537.0M) Survivors: 37.0M->77.0M Heap: 2245.1M(3072.0M)->1855.3M(3072.0M)]
 [Times: user=0.65 sys=0.10, real=0.20 secs] 
41.876: [GC concurrent-mark-end, 2.3278450 secs]
41.876: [GC remark 41.877: [GC ref-proc, 0.0002440 secs], 0.0082790 secs]
 [Times: user=0.02 sys=0.01, real=0.01 secs] 
41.885: [GC cleanup 2318M->2318M(3072M), 0.0043090 secs]
 [Times: user=0.01 sys=0.00, real=0.00 secs] 
42.019: [GC pause (young), 0.1925780 secs]
   [Parallel Time: 189.4 ms, GC Workers: 4]
      [GC Worker Start (ms): Min: 42019.2, Avg: 42019.3, Max: 42019.4, Diff: 0.2]
      [Ext Root Scanning (ms): Min: 3.2, Avg: 3.5, Max: 4.0, Diff: 0.8, Sum: 14.1]
      [Update RS (ms): Min: 20.5, Avg: 23.0, Max: 26.8, Diff: 6.4, Sum: 92.0]
         [Processed Buffers: Min: 9, Avg: 14.8, Max: 19, Diff: 10, Sum: 59]
      [Scan RS (ms): Min: 21.9, Avg: 26.7, Max: 30.5, Diff: 8.6, Sum: 107.0]
      [Code Root Scanning (ms): Min: 0.0, Avg: 0.0, Max: 0.0, Diff: 0.0, Sum: 0.1]
      [Object Copy (ms): Min: 128.5, Avg: 135.7, Max: 139.9, Diff: 11.4, Sum: 542.9]
      [Termination (ms): Min: 0.0, Avg: 0.0, Max: 0.0, Diff: 0.0, Sum: 0.1]
      [GC Worker Other (ms): Min: 0.0, Avg: 0.0, Max: 0.1, Diff: 0.0, Sum: 0.1]
      [GC Worker Total (ms): Min: 188.9, Avg: 189.1, Max: 189.2, Diff: 0.2, Sum: 756.3]
      [GC Worker End (ms): Min: 42208.3, Avg: 42208.3, Max: 42208.4, Diff: 0.0]
   [Code Root Fixup: 0.0 ms]
   [Code Root Migration: 0.1 ms]
   [Clear CT: 0.3 ms]
   [Other: 2.7 ms]
      [Choose CSet: 0.0 ms]
      [Ref Proc: 0.8 ms]
      [Ref Enq: 0.0 ms]
      [Free CSet: 0.8 ms]
   [Eden: 537.0M(537.0M)->0.0B(537.0M) Survivors: 77.0M->77.0M Heap: 2404.3M(3072.0M)->2046.8M(3072.0M)]
 [Times: user=0.64 sys=0.06, real=0.20 secs] 
42.963: [GC pause (young), 0.0680450 secs]
   [Parallel Time: 66.3 ms, GC Workers: 4]
      [GC Worker Start (ms): Min: 42963.1, Avg: 42963.1, Max: 42963.1, Diff: 0.1]
      [Ext Root Scanning (ms): Min: 3.3, Avg: 4.3, Max: 6.2, Diff: 2.9, Sum: 17.3]
      [Update RS (ms): Min: 7.4, Avg: 10.3, Max: 12.1, Diff: 4.7, Sum: 41.2]
         [Processed Buffers: Min: 3, Avg: 11.2, Max: 20, Diff: 17, Sum: 45]
      [Scan RS (ms): Min: 2.7, Avg: 4.3, Max: 5.6, Diff: 2.9, Sum: 17.3]
      [Code Root Scanning (ms): Min: 0.0, Avg: 0.0, Max: 0.0, Diff: 0.0, Sum: 0.1]
      [Object Copy (ms): Min: 46.8, Avg: 47.1, Max: 47.2, Diff: 0.4, Sum: 188.4]
      [Termination (ms): Min: 0.0, Avg: 0.0, Max: 0.0, Diff: 0.0, Sum: 0.0]
      [GC Worker Other (ms): Min: 0.0, Avg: 0.0, Max: 0.0, Diff: 0.0, Sum: 0.1]
      [GC Worker Total (ms): Min: 66.0, Avg: 66.1, Max: 66.1, Diff: 0.1, Sum: 264.3]
      [GC Worker End (ms): Min: 43029.2, Avg: 43029.2, Max: 43029.2, Diff: 0.0]
   [Code Root Fixup: 0.0 ms]
   [Code Root Migration: 0.1 ms]
   [Clear CT: 0.2 ms]
   [Other: 1.5 ms]
      [Choose CSet: 0.0 ms]
      [Ref Proc: 0.3 ms]
      [Ref Enq: 0.0 ms]
      [Free CSet: 0.5 ms]
   [Eden: 537.0M(537.0M)->0.0B(568.0M) Survivors: 77.0M->46.0M Heap: 2583.8M(3072.0M)->2093.8M(3072.0M)]
 [Times: user=0.25 sys=0.00, real=0.07 secs] 
43.287: [GC pause (young) (initial-mark), 0.0461730 secs]
   [Parallel Time: 44.0 ms, GC Workers: 4]
      [GC Worker Start (ms): Min: 43287.5, Avg: 43288.7, Max: 43292.3, Diff: 4.8]
      [Ext Root Scanning (ms): Min: 0.0, Avg: 3.4, Max: 5.3, Diff: 5.3, Sum: 13.5]
      [Code Root Marking (ms): Min: 0.1, Avg: 0.3, Max: 0.9, Diff: 0.8, Sum: 1.2]
      [Update RS (ms): Min: 8.2, Avg: 9.5, Max: 12.9, Diff: 4.8, Sum: 37.9]
         [Processed Buffers: Min: 2, Avg: 10.2, Max: 22, Diff: 20, Sum: 41]
      [Scan RS (ms): Min: 0.1, Avg: 0.7, Max: 1.2, Diff: 1.2, Sum: 2.7]
      [Code Root Scanning (ms): Min: 0.0, Avg: 0.0, Max: 0.0, Diff: 0.0, Sum: 0.1]
      [Object Copy (ms): Min: 24.5, Avg: 27.3, Max: 30.0, Diff: 5.6, Sum: 109.0]
      [Termination (ms): Min: 0.0, Avg: 0.0, Max: 0.0, Diff: 0.0, Sum: 0.0]
      [GC Worker Other (ms): Min: 0.0, Avg: 1.5, Max: 5.8, Diff: 5.8, Sum: 6.0]
      [GC Worker Total (ms): Min: 39.0, Avg: 42.6, Max: 43.8, Diff: 4.8, Sum: 170.3]
      [GC Worker End (ms): Min: 43331.3, Avg: 43331.3, Max: 43331.3, Diff: 0.0]
   [Code Root Fixup: 0.0 ms]
   [Code Root Migration: 0.1 ms]
   [Clear CT: 0.2 ms]
   [Other: 1.9 ms]
      [Choose CSet: 0.0 ms]
      [Ref Proc: 0.3 ms]
      [Ref Enq: 0.0 ms]
      [Free CSet: 0.4 ms]
   [Eden: 568.0M(568.0M)->0.0B(596.0M) Survivors: 46.0M->18.0M Heap: 2661.8M(3072.0M)->2111.3M(3072.0M)]
 [Times: user=0.15 sys=0.01, real=0.05 secs] 
43.334: [GC concurrent-root-region-scan-start]
43.350: [GC concurrent-root-region-scan-end, 0.0163340 secs]
43.350: [GC concurrent-mark-start]
43.809: [GC pause (young), 0.0310920 secs]
   [Parallel Time: 29.4 ms, GC Workers: 4]
      [GC Worker Start (ms): Min: 43809.4, Avg: 43809.5, Max: 43809.5, Diff: 0.1]
      [Ext Root Scanning (ms): Min: 3.2, Avg: 3.4, Max: 3.7, Diff: 0.5, Sum: 13.7]
      [SATB Filtering (ms): Min: 0.0, Avg: 0.0, Max: 0.1, Diff: 0.1, Sum: 0.1]
      [Update RS (ms): Min: 5.0, Avg: 7.4, Max: 10.8, Diff: 5.8, Sum: 29.6]
         [Processed Buffers: Min: 7, Avg: 11.2, Max: 15, Diff: 8, Sum: 45]
      [Scan RS (ms): Min: 0.0, Avg: 0.9, Max: 2.1, Diff: 2.1, Sum: 3.8]
      [Code Root Scanning (ms): Min: 0.0, Avg: 0.0, Max: 0.0, Diff: 0.0, Sum: 0.0]
      [Object Copy (ms): Min: 14.7, Avg: 17.3, Max: 18.3, Diff: 3.6, Sum: 69.0]
      [Termination (ms): Min: 0.0, Avg: 0.0, Max: 0.1, Diff: 0.0, Sum: 0.2]
      [GC Worker Other (ms): Min: 0.0, Avg: 0.0, Max: 0.1, Diff: 0.1, Sum: 0.2]
      [GC Worker Total (ms): Min: 29.1, Avg: 29.1, Max: 29.2, Diff: 0.1, Sum: 116.6]
      [GC Worker End (ms): Min: 43838.6, Avg: 43838.6, Max: 43838.6, Diff: 0.1]
   [Code Root Fixup: 0.0 ms]
   [Code Root Migration: 0.1 ms]
   [Clear CT: 0.2 ms]
   [Other: 1.4 ms]
      [Choose CSet: 0.0 ms]
      [Ref Proc: 0.9 ms]
      [Ref Enq: 0.0 ms]
      [Free CSet: 0.4 ms]
   [Eden: 596.0M(596.0M)->0.0B(575.0M) Survivors: 18.0M->39.0M Heap: 2707.3M(3072.0M)->2132.3M(3072.0M)]
 [Times: user=0.12 sys=0.00, real=0.03 secs] 
44.078: [GC pause (young), 0.0374590 secs]
   [Parallel Time: 36.2 ms, GC Workers: 4]
      [GC Worker Start (ms): Min: 44078.2, Avg: 44080.4, Max: 44087.0, Diff: 8.8]
      [Ext Root Scanning (ms): Min: 0.0, Avg: 3.4, Max: 5.2, Diff: 5.2, Sum: 13.6]
      [SATB Filtering (ms): Min: 0.0, Avg: 0.0, Max: 0.0, Diff: 0.0, Sum: 0.0]
      [Update RS (ms): Min: 2.9, Avg: 5.3, Max: 8.1, Diff: 5.2, Sum: 21.3]
         [Processed Buffers: Min: 3, Avg: 5.5, Max: 9, Diff: 6, Sum: 22]
      [Scan RS (ms): Min: 0.0, Avg: 0.2, Max: 0.4, Diff: 0.4, Sum: 0.6]
      [Code Root Scanning (ms): Min: 0.0, Avg: 0.0, Max: 0.0, Diff: 0.0, Sum: 0.0]
      [Object Copy (ms): Min: 24.1, Avg: 24.6, Max: 25.8, Diff: 1.7, Sum: 98.4]
      [Termination (ms): Min: 0.0, Avg: 0.3, Max: 0.4, Diff: 0.4, Sum: 1.3]
      [GC Worker Other (ms): Min: 0.0, Avg: 0.0, Max: 0.0, Diff: 0.0, Sum: 0.1]
      [GC Worker Total (ms): Min: 27.2, Avg: 33.8, Max: 36.1, Diff: 8.8, Sum: 135.4]
      [GC Worker End (ms): Min: 44114.2, Avg: 44114.2, Max: 44114.3, Diff: 0.0]
   [Code Root Fixup: 0.0 ms]
   [Code Root Migration: 0.1 ms]
   [Clear CT: 0.2 ms]
   [Other: 0.9 ms]
      [Choose CSet: 0.0 ms]
      [Ref Proc: 0.2 ms]
      [Ref Enq: 0.0 ms]
      [Free CSet: 0.7 ms]
   [Eden: 575.0M(575.0M)->0.0B(562.0M) Survivors: 39.0M->52.0M Heap: 2707.3M(3072.0M)->2144.8M(3072.0M)]
 [Times: user=0.13 sys=0.01, real=0.04 secs] 
44.405: [GC pause (young), 0.0274370 secs]
   [Parallel Time: 26.4 ms, GC Workers: 4]
      [GC Worker Start (ms): Min: 44404.9, Avg: 44405.0, Max: 44405.0, Diff: 0.1]
      [Ext Root Scanning (ms): Min: 3.0, Avg: 3.3, Max: 3.6, Diff: 0.6, Sum: 13.3]
      [SATB Filtering (ms): Min: 0.0, Avg: 0.0, Max: 0.0, Diff: 0.0, Sum: 0.0]
      [Update RS (ms): Min: 4.9, Avg: 5.2, Max: 5.4, Diff: 0.5, Sum: 20.7]
         [Processed Buffers: Min: 3, Avg: 6.5, Max: 16, Diff: 13, Sum: 26]
      [Scan RS (ms): Min: 0.0, Avg: 0.1, Max: 0.5, Diff: 0.5, Sum: 0.6]
      [Code Root Scanning (ms): Min: 0.0, Avg: 0.0, Max: 0.1, Diff: 0.1, Sum: 0.1]
      [Object Copy (ms): Min: 17.2, Avg: 17.5, Max: 17.7, Diff: 0.4, Sum: 69.9]
      [Termination (ms): Min: 0.0, Avg: 0.0, Max: 0.0, Diff: 0.0, Sum: 0.0]
      [GC Worker Other (ms): Min: 0.0, Avg: 0.0, Max: 0.1, Diff: 0.0, Sum: 0.2]
      [GC Worker Total (ms): Min: 26.1, Avg: 26.2, Max: 26.2, Diff: 0.1, Sum: 104.7]
      [GC Worker End (ms): Min: 44431.1, Avg: 44431.2, Max: 44431.2, Diff: 0.0]
   [Code Root Fixup: 0.0 ms]
   [Code Root Migration: 0.1 ms]
   [Clear CT: 0.2 ms]
   [Other: 0.7 ms]
      [Choose CSet: 0.0 ms]
      [Ref Proc: 0.1 ms]
      [Ref Enq: 0.0 ms]
      [Free CSet: 0.4 ms]
   [Eden: 562.0M(562.0M)->0.0B(579.0M) Survivors: 52.0M->35.0M Heap: 2706.8M(3072.0M)->2145.8M(3072.0M)]
 [Times: user=0.10 sys=0.00, real=0.03 secs] 
44.667: [GC pause (young), 0.0184790 secs]
   [Parallel Time: 17.4 ms, GC Workers: 4]
      [GC Worker Start (ms): Min: 44667.1, Avg: 44667.2, Max: 44667.2, Diff: 0.1]
      [Ext Root Scanning (ms): Min: 2.9, Avg: 3.0, Max: 3.2, Diff: 0.3, Sum: 12.1]
      [SATB Filtering (ms): Min: 0.0, Avg: 0.0, Max: 0.0, Diff: 0.0, Sum: 0.0]
      [Update RS (ms): Min: 2.2, Avg: 2.3, Max: 2.4, Diff: 0.3, Sum: 9.1]
         [Processed Buffers: Min: 3, Avg: 8.8, Max: 12, Diff: 9, Sum: 35]
      [Scan RS (ms): Min: 0.8, Avg: 0.8, Max: 0.9, Diff: 0.1, Sum: 3.4]
      [Code Root Scanning (ms): Min: 0.0, Avg: 0.0, Max: 0.0, Diff: 0.0, Sum: 0.1]
      [Object Copy (ms): Min: 10.9, Avg: 10.9, Max: 11.0, Diff: 0.1, Sum: 43.7]
      [Termination (ms): Min: 0.0, Avg: 0.0, Max: 0.0, Diff: 0.0, Sum: 0.0]
      [GC Worker Other (ms): Min: 0.0, Avg: 0.0, Max: 0.1, Diff: 0.0, Sum: 0.1]
      [GC Worker Total (ms): Min: 17.1, Avg: 17.1, Max: 17.2, Diff: 0.1, Sum: 68.6]
      [GC Worker End (ms): Min: 44684.3, Avg: 44684.3, Max: 44684.3, Diff: 0.0]
   [Code Root Fixup: 0.0 ms]
   [Code Root Migration: 0.1 ms]
   [Clear CT: 0.2 ms]
   [Other: 0.8 ms]
      [Choose CSet: 0.0 ms]
      [Ref Proc: 0.3 ms]
      [Ref Enq: 0.0 ms]
      [Free CSet: 0.4 ms]
   [Eden: 579.0M(579.0M)->0.0B(579.0M) Survivors: 35.0M->35.0M Heap: 2724.8M(3072.0M)->2145.8M(3072.0M)]
 [Times: user=0.07 sys=0.00, real=0.02 secs] 
44.897: [GC pause (young), 0.0244400 secs]
   [Parallel Time: 23.2 ms, GC Workers: 4]
      [GC Worker Start (ms): Min: 44896.8, Avg: 44896.8, Max: 44896.9, Diff: 0.1]
      [Ext Root Scanning (ms): Min: 3.3, Avg: 4.1, Max: 4.6, Diff: 1.3, Sum: 16.4]
      [SATB Filtering (ms): Min: 0.0, Avg: 0.0, Max: 0.0, Diff: 0.0, Sum: 0.0]
      [Update RS (ms): Min: 1.6, Avg: 2.8, Max: 4.2, Diff: 2.6, Sum: 11.3]
         [Processed Buffers: Min: 2, Avg: 5.5, Max: 14, Diff: 12, Sum: 22]
      [Scan RS (ms): Min: 0.0, Avg: 0.2, Max: 0.5, Diff: 0.5, Sum: 0.6]
      [Code Root Scanning (ms): Min: 0.0, Avg: 0.0, Max: 0.0, Diff: 0.0, Sum: 0.0]
      [Object Copy (ms): Min: 15.4, Avg: 15.9, Max: 16.2, Diff: 0.8, Sum: 63.7]
      [Termination (ms): Min: 0.0, Avg: 0.0, Max: 0.0, Diff: 0.0, Sum: 0.0]
      [GC Worker Other (ms): Min: 0.0, Avg: 0.0, Max: 0.1, Diff: 0.1, Sum: 0.2]
      [GC Worker Total (ms): Min: 23.0, Avg: 23.1, Max: 23.1, Diff: 0.1, Sum: 92.2]
      [GC Worker End (ms): Min: 44919.9, Avg: 44919.9, Max: 44919.9, Diff: 0.1]
   [Code Root Fixup: 0.0 ms]
   [Code Root Migration: 0.1 ms]
   [Clear CT: 0.3 ms]
   [Other: 0.8 ms]
      [Choose CSet: 0.0 ms]
      [Ref Proc: 0.2 ms]
      [Ref Enq: 0.0 ms]
      [Free CSet: 0.5 ms]
   [Eden: 579.0M(579.0M)->0.0B(579.0M) Survivors: 35.0M->35.0M Heap: 2724.8M(3072.0M)->2146.3M(3072.0M)]
 [Times: user=0.10 sys=0.00, real=0.02 secs] 
45.165: [GC pause (young), 0.0214200 secs]
   [Parallel Time: 20.3 ms, GC Workers: 4]
      [GC Worker Start (ms): Min: 45165.0, Avg: 45165.0, Max: 45165.1, Diff: 0.1]
      [Ext Root Scanning (ms): Min: 3.1, Avg: 3.1, Max: 3.2, Diff: 0.1, Sum: 12.5]
      [SATB Filtering (ms): Min: 0.0, Avg: 0.0, Max: 0.0, Diff: 0.0, Sum: 0.0]
      [Update RS (ms): Min: 3.0, Avg: 3.9, Max: 5.1, Diff: 2.1, Sum: 15.4]
         [Processed Buffers: Min: 2, Avg: 3.5, Max: 4, Diff: 2, Sum: 14]
      [Scan RS (ms): Min: 0.0, Avg: 0.2, Max: 0.3, Diff: 0.3, Sum: 0.7]
      [Code Root Scanning (ms): Min: 0.0, Avg: 0.0, Max: 0.1, Diff: 0.1, Sum: 0.1]
      [Object Copy (ms): Min: 11.6, Avg: 12.9, Max: 13.5, Diff: 1.9, Sum: 51.4]
      [Termination (ms): Min: 0.0, Avg: 0.0, Max: 0.0, Diff: 0.0, Sum: 0.0]
      [GC Worker Other (ms): Min: 0.0, Avg: 0.0, Max: 0.1, Diff: 0.1, Sum: 0.1]
      [GC Worker Total (ms): Min: 20.0, Avg: 20.1, Max: 20.1, Diff: 0.1, Sum: 80.3]
      [GC Worker End (ms): Min: 45185.1, Avg: 45185.1, Max: 45185.2, Diff: 0.1]
   [Code Root Fixup: 0.0 ms]
   [Code Root Migration: 0.1 ms]
   [Clear CT: 0.2 ms]
   [Other: 0.8 ms]
      [Choose CSet: 0.0 ms]
      [Ref Proc: 0.2 ms]
      [Ref Enq: 0.0 ms]
      [Free CSet: 0.5 ms]
   [Eden: 579.0M(579.0M)->0.0B(579.0M) Survivors: 35.0M->35.0M Heap: 2725.3M(3072.0M)->2145.8M(3072.0M)]
 [Times: user=0.07 sys=0.00, real=0.02 secs] 
45.446: [GC pause (young), 0.0657320 secs]
   [Parallel Time: 34.5 ms, GC Workers: 4]
      [GC Worker Start (ms): Min: 45445.9, Avg: 45448.0, Max: 45454.2, Diff: 8.3]
      [Ext Root Scanning (ms): Min: 0.0, Avg: 7.4, Max: 18.1, Diff: 18.0, Sum: 29.7]
      [SATB Filtering (ms): Min: 0.0, Avg: 0.0, Max: 0.0, Diff: 0.0, Sum: 0.0]
      [Update RS (ms): Min: 0.0, Avg: 3.3, Max: 4.7, Diff: 4.7, Sum: 13.1]
         [Processed Buffers: Min: 0, Avg: 5.5, Max: 17, Diff: 17, Sum: 22]
      [Scan RS (ms): Min: 0.0, Avg: 0.2, Max: 0.4, Diff: 0.4, Sum: 0.6]
      [Code Root Scanning (ms): Min: 0.0, Avg: 0.0, Max: 0.0, Diff: 0.0, Sum: 0.0]
      [Object Copy (ms): Min: 15.2, Avg: 20.4, Max: 23.1, Diff: 7.9, Sum: 81.6]
      [Termination (ms): Min: 0.0, Avg: 0.0, Max: 0.0, Diff: 0.0, Sum: 0.0]
      [GC Worker Other (ms): Min: 0.0, Avg: 0.0, Max: 0.1, Diff: 0.0, Sum: 0.1]
      [GC Worker Total (ms): Min: 25.2, Avg: 31.3, Max: 33.4, Diff: 8.2, Sum: 125.3]
      [GC Worker End (ms): Min: 45479.3, Avg: 45479.4, Max: 45479.4, Diff: 0.0]
   [Code Root Fixup: 0.0 ms]
   [Code Root Migration: 0.2 ms]
   [Clear CT: 1.0 ms]
   [Other: 30.1 ms]
      [Choose CSet: 0.0 ms]
      [Ref Proc: 29.2 ms]
      [Ref Enq: 0.0 ms]
      [Free CSet: 0.7 ms]
   [Eden: 579.0M(579.0M)->0.0B(579.0M) Survivors: 35.0M->35.0M Heap: 2724.8M(3072.0M)->2146.3M(3072.0M)]
 [Times: user=0.21 sys=0.03, real=0.07 secs] 
46.048: [GC pause (young), 0.0235880 secs]
   [Parallel Time: 20.5 ms, GC Workers: 4]
      [GC Worker Start (ms): Min: 46047.7, Avg: 46047.9, Max: 46048.3, Diff: 0.5]
      [Ext Root Scanning (ms): Min: 2.7, Avg: 3.9, Max: 4.6, Diff: 1.9, Sum: 15.5]
      [SATB Filtering (ms): Min: 0.0, Avg: 0.0, Max: 0.0, Diff: 0.0, Sum: 0.0]
      [Update RS (ms): Min: 2.7, Avg: 3.2, Max: 3.9, Diff: 1.2, Sum: 12.8]
         [Processed Buffers: Min: 2, Avg: 7.8, Max: 21, Diff: 19, Sum: 31]
      [Scan RS (ms): Min: 0.1, Avg: 0.2, Max: 0.2, Diff: 0.1, Sum: 0.6]
      [Code Root Scanning (ms): Min: 0.0, Avg: 0.0, Max: 0.0, Diff: 0.0, Sum: 0.0]
      [Object Copy (ms): Min: 12.3, Avg: 12.3, Max: 12.4, Diff: 0.1, Sum: 49.3]
      [Termination (ms): Min: 0.0, Avg: 0.1, Max: 0.2, Diff: 0.2, Sum: 0.3]
      [GC Worker Other (ms): Min: 0.0, Avg: 0.0, Max: 0.0, Diff: 0.0, Sum: 0.0]
      [GC Worker Total (ms): Min: 19.3, Avg: 19.7, Max: 19.8, Diff: 0.6, Sum: 78.7]
      [GC Worker End (ms): Min: 46067.5, Avg: 46067.6, Max: 46067.6, Diff: 0.1]
   [Code Root Fixup: 0.0 ms]
   [Code Root Migration: 0.1 ms]
   [Clear CT: 0.3 ms]
   [Other: 2.7 ms]
      [Choose CSet: 0.0 ms]
      [Ref Proc: 2.1 ms]
      [Ref Enq: 0.0 ms]
      [Free CSet: 0.5 ms]
   [Eden: 579.0M(579.0M)->0.0B(574.0M) Survivors: 35.0M->40.0M Heap: 2725.3M(3072.0M)->2150.8M(3072.0M)]
 [Times: user=0.09 sys=0.00, real=0.02 secs] 
46.199: [GC concurrent-mark-end, 2.8492060 secs]
46.202: [GC remark 46.202: [GC ref-proc, 0.0002420 secs], 0.0079910 secs]
 [Times: user=0.02 sys=0.01, real=0.00 secs] 
46.211: [GC cleanup 2301M->2270M(3072M), 0.0094890 secs]
 [Times: user=0.02 sys=0.00, real=0.01 secs] 
46.220: [GC concurrent-cleanup-start]
46.220: [GC concurrent-cleanup-end, 0.0000550 secs]
46.718: [GC pause (young), 0.0448120 secs]
   [Parallel Time: 43.4 ms, GC Workers: 4]
      [GC Worker Start (ms): Min: 46717.9, Avg: 46718.3, Max: 46719.0, Diff: 1.1]
      [Ext Root Scanning (ms): Min: 2.7, Avg: 3.2, Max: 3.7, Diff: 0.9, Sum: 12.7]
      [Update RS (ms): Min: 8.5, Avg: 9.1, Max: 9.8, Diff: 1.3, Sum: 36.5]
         [Processed Buffers: Min: 5, Avg: 9.5, Max: 19, Diff: 14, Sum: 38]
      [Scan RS (ms): Min: 0.1, Avg: 0.2, Max: 0.3, Diff: 0.2, Sum: 0.6]
      [Code Root Scanning (ms): Min: 0.0, Avg: 0.0, Max: 0.0, Diff: 0.0, Sum: 0.1]
      [Object Copy (ms): Min: 29.4, Avg: 30.3, Max: 30.7, Diff: 1.3, Sum: 121.1]
      [Termination (ms): Min: 0.0, Avg: 0.0, Max: 0.0, Diff: 0.0, Sum: 0.0]
      [GC Worker Other (ms): Min: 0.0, Avg: 0.0, Max: 0.0, Diff: 0.0, Sum: 0.1]
      [GC Worker Total (ms): Min: 42.0, Avg: 42.8, Max: 43.1, Diff: 1.1, Sum: 171.1]
      [GC Worker End (ms): Min: 46761.0, Avg: 46761.1, Max: 46761.1, Diff: 0.0]
   [Code Root Fixup: 0.0 ms]
   [Code Root Migration: 0.1 ms]
   [Clear CT: 0.2 ms]
   [Other: 1.0 ms]
      [Choose CSet: 0.0 ms]
      [Ref Proc: 0.5 ms]
      [Ref Enq: 0.0 ms]
      [Free CSet: 0.5 ms]
   [Eden: 574.0M(574.0M)->0.0B(553.0M) Survivors: 40.0M->61.0M Heap: 2695.8M(3072.0M)->2143.3M(3072.0M)]
 [Times: user=0.17 sys=0.00, real=0.05 secs] 
46.986: [GC pause (young) (initial-mark), 0.0627970 secs]
   [Parallel Time: 61.7 ms, GC Workers: 4]
      [GC Worker Start (ms): Min: 46986.2, Avg: 46986.3, Max: 46986.5, Diff: 0.3]
      [Ext Root Scanning (ms): Min: 3.4, Avg: 3.5, Max: 3.7, Diff: 0.3, Sum: 14.1]
      [Code Root Marking (ms): Min: 0.1, Avg: 0.4, Max: 0.8, Diff: 0.7, Sum: 1.5]
      [Update RS (ms): Min: 8.7, Avg: 9.0, Max: 9.3, Diff: 0.6, Sum: 36.0]
         [Processed Buffers: Min: 5, Avg: 10.8, Max: 20, Diff: 15, Sum: 43]
      [Scan RS (ms): Min: 0.0, Avg: 0.1, Max: 0.1, Diff: 0.1, Sum: 0.2]
      [Code Root Scanning (ms): Min: 0.0, Avg: 0.0, Max: 0.0, Diff: 0.0, Sum: 0.0]
      [Object Copy (ms): Min: 39.3, Avg: 41.3, Max: 46.1, Diff: 6.9, Sum: 165.1]
      [Termination (ms): Min: 0.0, Avg: 4.6, Max: 6.3, Diff: 6.2, Sum: 18.6]
      [GC Worker Other (ms): Min: 0.0, Avg: 0.0, Max: 0.0, Diff: 0.0, Sum: 0.0]
      [GC Worker Total (ms): Min: 58.7, Avg: 58.9, Max: 59.0, Diff: 0.3, Sum: 235.6]
      [GC Worker End (ms): Min: 47045.2, Avg: 47045.2, Max: 47045.2, Diff: 0.0]
   [Code Root Fixup: 0.0 ms]
   [Code Root Migration: 0.0 ms]
   [Clear CT: 0.2 ms]
   [Other: 0.9 ms]
      [Choose CSet: 0.0 ms]
      [Ref Proc: 0.2 ms]
      [Ref Enq: 0.0 ms]
      [Free CSet: 0.2 ms]
   [Eden: 173.0M(553.0M)->0.0B(559.0M) Survivors: 61.0M->55.0M Heap: 2315.4M(3072.0M)->2159.0M(3072.0M)]
 [Times: user=0.20 sys=0.01, real=0.06 secs] 
47.049: [GC concurrent-root-region-scan-start]
47.072: [GC concurrent-root-region-scan-end, 0.0235660 secs]
47.072: [GC concurrent-mark-start]
48.037: [GC pause (young), 0.1374260 secs]
   [Parallel Time: 130.4 ms, GC Workers: 4]
      [GC Worker Start (ms): Min: 48036.9, Avg: 48037.9, Max: 48040.6, Diff: 3.7]
      [Ext Root Scanning (ms): Min: 1.3, Avg: 3.8, Max: 5.1, Diff: 3.8, Sum: 15.1]
      [SATB Filtering (ms): Min: 0.0, Avg: 0.0, Max: 0.0, Diff: 0.0, Sum: 0.0]
      [Update RS (ms): Min: 27.2, Avg: 29.3, Max: 31.0, Diff: 3.7, Sum: 117.2]
         [Processed Buffers: Min: 10, Avg: 14.5, Max: 26, Diff: 16, Sum: 58]
      [Scan RS (ms): Min: 15.0, Avg: 17.6, Max: 18.9, Diff: 3.9, Sum: 70.3]
      [Code Root Scanning (ms): Min: 0.0, Avg: 0.0, Max: 0.0, Diff: 0.0, Sum: 0.1]
      [Object Copy (ms): Min: 77.8, Avg: 78.6, Max: 79.1, Diff: 1.3, Sum: 314.5]
      [Termination (ms): Min: 0.0, Avg: 0.1, Max: 0.1, Diff: 0.1, Sum: 0.3]
      [GC Worker Other (ms): Min: 0.0, Avg: 0.0, Max: 0.0, Diff: 0.0, Sum: 0.1]
      [GC Worker Total (ms): Min: 126.6, Avg: 129.4, Max: 130.3, Diff: 3.7, Sum: 517.6]
      [GC Worker End (ms): Min: 48167.2, Avg: 48167.3, Max: 48167.3, Diff: 0.0]
   [Code Root Fixup: 0.0 ms]
   [Code Root Migration: 0.1 ms]
   [Clear CT: 0.2 ms]
   [Other: 6.7 ms]
      [Choose CSet: 0.0 ms]
      [Ref Proc: 5.7 ms]
      [Ref Enq: 0.0 ms]
      [Free CSet: 0.5 ms]
   [Eden: 559.0M(559.0M)->0.0B(537.0M) Survivors: 55.0M->77.0M Heap: 2727.0M(3072.0M)->2256.8M(3072.0M)]
 [Times: user=0.45 sys=0.08, real=0.14 secs] 
48.849: [GC concurrent-mark-end, 1.7765130 secs]
48.849: [GC remark 48.850: [GC ref-proc, 0.0006630 secs], 0.0186350 secs]
 [Times: user=0.03 sys=0.02, real=0.02 secs] 
48.869: [GC cleanup 2570M->1937M(3072M), 0.0063540 secs]
 [Times: user=0.01 sys=0.00, real=0.01 secs] 
48.875: [GC concurrent-cleanup-start]
48.876: [GC concurrent-cleanup-end, 0.0012780 secs]
49.355: [GC pause (young), 0.1648180 secs]
   [Parallel Time: 155.2 ms, GC Workers: 4]
      [GC Worker Start (ms): Min: 49354.9, Avg: 49355.0, Max: 49355.1, Diff: 0.1]
      [Ext Root Scanning (ms): Min: 3.0, Avg: 3.2, Max: 3.4, Diff: 0.5, Sum: 12.6]
      [Update RS (ms): Min: 27.3, Avg: 28.0, Max: 28.6, Diff: 1.3, Sum: 112.1]
         [Processed Buffers: Min: 12, Avg: 16.8, Max: 30, Diff: 18, Sum: 67]
      [Scan RS (ms): Min: 16.6, Avg: 18.6, Max: 20.0, Diff: 3.3, Sum: 74.5]
      [Code Root Scanning (ms): Min: 0.0, Avg: 0.0, Max: 0.0, Diff: 0.0, Sum: 0.1]
      [Object Copy (ms): Min: 104.2, Avg: 105.1, Max: 106.6, Diff: 2.4, Sum: 420.5]
      [Termination (ms): Min: 0.0, Avg: 0.0, Max: 0.0, Diff: 0.0, Sum: 0.0]
      [GC Worker Other (ms): Min: 0.0, Avg: 0.0, Max: 0.0, Diff: 0.0, Sum: 0.1]
      [GC Worker Total (ms): Min: 154.9, Avg: 155.0, Max: 155.0, Diff: 0.1, Sum: 619.8]
      [GC Worker End (ms): Min: 49510.0, Avg: 49510.0, Max: 49510.0, Diff: 0.0]
   [Code Root Fixup: 0.0 ms]
   [Code Root Migration: 0.1 ms]
   [Clear CT: 0.4 ms]
   [Other: 9.1 ms]
      [Choose CSet: 0.0 ms]
      [Ref Proc: 6.3 ms]
      [Ref Enq: 0.0 ms]
      [Free CSet: 0.7 ms]
   [Eden: 537.0M(537.0M)->0.0B(537.0M) Survivors: 77.0M->77.0M Heap: 2170.7M(3072.0M)->1798.2M(3072.0M)]
 [Times: user=0.59 sys=0.02, real=0.16 secs] 
49.596: [GC pause (young) (initial-mark), 0.1166610 secs]
   [Parallel Time: 113.4 ms, GC Workers: 4]
      [GC Worker Start (ms): Min: 49596.7, Avg: 49599.4, Max: 49604.7, Diff: 8.1]
      [Ext Root Scanning (ms): Min: 0.0, Avg: 3.4, Max: 5.5, Diff: 5.5, Sum: 13.8]
      [Code Root Marking (ms): Min: 0.0, Avg: 0.3, Max: 0.8, Diff: 0.8, Sum: 1.3]
      [Update RS (ms): Min: 58.2, Avg: 61.5, Max: 65.8, Diff: 7.7, Sum: 246.1]
         [Processed Buffers: Min: 225, Avg: 259.5, Max: 306, Diff: 81, Sum: 1038]
      [Scan RS (ms): Min: 0.0, Avg: 0.1, Max: 0.2, Diff: 0.2, Sum: 0.2]
      [Code Root Scanning (ms): Min: 0.0, Avg: 0.0, Max: 0.0, Diff: 0.0, Sum: 0.0]
      [Object Copy (ms): Min: 41.7, Avg: 45.2, Max: 46.9, Diff: 5.2, Sum: 180.8]
      [Termination (ms): Min: 0.0, Avg: 0.0, Max: 0.0, Diff: 0.0, Sum: 0.0]
      [GC Worker Other (ms): Min: 0.0, Avg: 0.0, Max: 0.0, Diff: 0.0, Sum: 0.1]
      [GC Worker Total (ms): Min: 105.3, Avg: 110.6, Max: 113.3, Diff: 8.1, Sum: 442.3]
      [GC Worker End (ms): Min: 49710.0, Avg: 49710.0, Max: 49710.0, Diff: 0.0]
   [Code Root Fixup: 0.0 ms]
   [Code Root Migration: 0.0 ms]
   [Clear CT: 0.6 ms]
   [Other: 2.6 ms]
      [Choose CSet: 0.0 ms]
      [Ref Proc: 1.4 ms]
      [Ref Enq: 0.0 ms]
      [Free CSet: 0.2 ms]
   [Eden: 63.0M(537.0M)->0.0B(591.0M) Survivors: 77.0M->23.0M Heap: 1861.2M(3072.0M)->1821.7M(3072.0M)]
 [Times: user=0.42 sys=0.02, real=0.12 secs] 
49.713: [GC concurrent-root-region-scan-start]
49.719: [GC concurrent-root-region-scan-end, 0.0061770 secs]
49.720: [GC concurrent-mark-start]
51.368: [GC pause (young), 0.1362860 secs]
   [Parallel Time: 134.0 ms, GC Workers: 4]
      [GC Worker Start (ms): Min: 51368.0, Avg: 51368.0, Max: 51368.2, Diff: 0.2]
      [Ext Root Scanning (ms): Min: 3.0, Avg: 3.0, Max: 3.2, Diff: 0.2, Sum: 12.2]
      [SATB Filtering (ms): Min: 0.0, Avg: 0.0, Max: 0.0, Diff: 0.0, Sum: 0.0]
      [Update RS (ms): Min: 17.3, Avg: 17.5, Max: 17.6, Diff: 0.3, Sum: 70.0]
         [Processed Buffers: Min: 8, Avg: 11.5, Max: 21, Diff: 13, Sum: 46]
      [Scan RS (ms): Min: 11.9, Avg: 12.1, Max: 12.3, Diff: 0.3, Sum: 48.5]
      [Code Root Scanning (ms): Min: 0.0, Avg: 0.1, Max: 0.3, Diff: 0.2, Sum: 0.4]
      [Object Copy (ms): Min: 100.7, Avg: 101.0, Max: 101.2, Diff: 0.5, Sum: 403.9]
      [Termination (ms): Min: 0.0, Avg: 0.0, Max: 0.0, Diff: 0.0, Sum: 0.0]
      [GC Worker Other (ms): Min: 0.0, Avg: 0.0, Max: 0.0, Diff: 0.0, Sum: 0.1]
      [GC Worker Total (ms): Min: 133.6, Avg: 133.8, Max: 133.9, Diff: 0.3, Sum: 535.2]
      [GC Worker End (ms): Min: 51501.8, Avg: 51501.8, Max: 51501.8, Diff: 0.0]
   [Code Root Fixup: 0.0 ms]
   [Code Root Migration: 0.1 ms]
   [Clear CT: 0.2 ms]
   [Other: 2.0 ms]
      [Choose CSet: 0.0 ms]
      [Ref Proc: 0.3 ms]
      [Ref Enq: 0.0 ms]
      [Free CSet: 0.6 ms]
   [Eden: 591.0M(591.0M)->0.0B(537.0M) Survivors: 23.0M->77.0M Heap: 2430.7M(3072.0M)->2039.2M(3072.0M)]
 [Times: user=0.51 sys=0.02, real=0.14 secs] 
51.838: [GC concurrent-mark-end, 2.1185790 secs]
51.838: [GC remark 51.839: [GC ref-proc, 0.0002530 secs], 0.0069820 secs]
 [Times: user=0.02 sys=0.00, real=0.01 secs] 
51.846: [GC cleanup 2193M->2170M(3072M), 0.0055330 secs]
 [Times: user=0.01 sys=0.01, real=0.00 secs] 
51.852: [GC concurrent-cleanup-start]
51.852: [GC concurrent-cleanup-end, 0.0000600 secs]
52.330: [GC pause (young), 0.1020100 secs]
   [Parallel Time: 99.8 ms, GC Workers: 4]
      [GC Worker Start (ms): Min: 52330.5, Avg: 52330.6, Max: 52330.7, Diff: 0.1]
      [Ext Root Scanning (ms): Min: 3.0, Avg: 3.2, Max: 3.3, Diff: 0.2, Sum: 12.6]
      [Update RS (ms): Min: 15.7, Avg: 16.9, Max: 18.2, Diff: 2.4, Sum: 67.6]
         [Processed Buffers: Min: 9, Avg: 13.2, Max: 23, Diff: 14, Sum: 53]
      [Scan RS (ms): Min: 6.7, Avg: 8.2, Max: 9.5, Diff: 2.8, Sum: 32.7]
      [Code Root Scanning (ms): Min: 0.0, Avg: 0.0, Max: 0.1, Diff: 0.0, Sum: 0.1]
      [Object Copy (ms): Min: 71.2, Avg: 71.3, Max: 71.3, Diff: 0.1, Sum: 285.0]
      [Termination (ms): Min: 0.0, Avg: 0.0, Max: 0.0, Diff: 0.0, Sum: 0.1]
      [GC Worker Other (ms): Min: 0.0, Avg: 0.0, Max: 0.0, Diff: 0.0, Sum: 0.1]
      [GC Worker Total (ms): Min: 99.5, Avg: 99.6, Max: 99.6, Diff: 0.2, Sum: 398.2]
      [GC Worker End (ms): Min: 52430.1, Avg: 52430.2, Max: 52430.2, Diff: 0.0]
   [Code Root Fixup: 0.0 ms]
   [Code Root Migration: 0.1 ms]
   [Clear CT: 0.2 ms]
   [Other: 1.9 ms]
      [Choose CSet: 0.0 ms]
      [Ref Proc: 0.2 ms]
      [Ref Enq: 0.0 ms]
      [Free CSet: 0.9 ms]
   [Eden: 537.0M(537.0M)->0.0B(537.0M) Survivors: 77.0M->77.0M Heap: 2569.7M(3072.0M)->2120.7M(3072.0M)]
 [Times: user=0.38 sys=0.00, real=0.11 secs] 
52.655: [GC pause (young), 0.0561340 secs]
   [Parallel Time: 54.4 ms, GC Workers: 4]
      [GC Worker Start (ms): Min: 52654.7, Avg: 52654.7, Max: 52654.8, Diff: 0.1]
      [Ext Root Scanning (ms): Min: 3.1, Avg: 3.2, Max: 3.2, Diff: 0.1, Sum: 12.6]
      [Update RS (ms): Min: 4.3, Avg: 7.4, Max: 12.7, Diff: 8.4, Sum: 29.6]
         [Processed Buffers: Min: 8, Avg: 9.5, Max: 12, Diff: 4, Sum: 38]
      [Scan RS (ms): Min: 0.1, Avg: 4.4, Max: 7.0, Diff: 6.9, Sum: 17.6]
      [Code Root Scanning (ms): Min: 0.0, Avg: 0.0, Max: 0.1, Diff: 0.1, Sum: 0.1]
      [Object Copy (ms): Min: 38.3, Avg: 39.2, Max: 39.7, Diff: 1.5, Sum: 156.8]
      [Termination (ms): Min: 0.0, Avg: 0.0, Max: 0.0, Diff: 0.0, Sum: 0.0]
      [GC Worker Other (ms): Min: 0.0, Avg: 0.0, Max: 0.1, Diff: 0.0, Sum: 0.1]
      [GC Worker Total (ms): Min: 54.2, Avg: 54.2, Max: 54.3, Diff: 0.1, Sum: 217.0]
      [GC Worker End (ms): Min: 52709.0, Avg: 52709.0, Max: 52709.0, Diff: 0.0]
   [Code Root Fixup: 0.0 ms]
   [Code Root Migration: 0.1 ms]
   [Clear CT: 0.2 ms]
   [Other: 1.4 ms]
      [Choose CSet: 0.0 ms]
      [Ref Proc: 0.4 ms]
      [Ref Enq: 0.0 ms]
      [Free CSet: 0.5 ms]
   [Eden: 537.0M(537.0M)->0.0B(597.0M) Survivors: 77.0M->17.0M Heap: 2657.7M(3072.0M)->2138.2M(3072.0M)]
 [Times: user=0.21 sys=0.00, real=0.05 secs] 
53.010: [GC pause (young) (initial-mark), 0.0300210 secs]
   [Parallel Time: 25.7 ms, GC Workers: 4]
      [GC Worker Start (ms): Min: 53010.4, Avg: 53010.8, Max: 53011.7, Diff: 1.2]
      [Ext Root Scanning (ms): Min: 3.1, Avg: 3.2, Max: 3.5, Diff: 0.4, Sum: 12.9]
      [Code Root Marking (ms): Min: 0.1, Avg: 0.3, Max: 0.4, Diff: 0.4, Sum: 1.1]
      [Update RS (ms): Min: 3.6, Avg: 5.2, Max: 6.4, Diff: 2.8, Sum: 20.6]
         [Processed Buffers: Min: 3, Avg: 12.8, Max: 19, Diff: 16, Sum: 51]
      [Scan RS (ms): Min: 0.0, Avg: 0.5, Max: 1.1, Diff: 1.1, Sum: 2.1]
      [Code Root Scanning (ms): Min: 0.0, Avg: 0.0, Max: 0.0, Diff: 0.0, Sum: 0.1]
      [Object Copy (ms): Min: 15.7, Avg: 16.1, Max: 16.6, Diff: 0.8, Sum: 64.5]
      [Termination (ms): Min: 0.0, Avg: 0.0, Max: 0.0, Diff: 0.0, Sum: 0.0]
      [GC Worker Other (ms): Min: 0.0, Avg: 0.0, Max: 0.0, Diff: 0.0, Sum: 0.1]
      [GC Worker Total (ms): Min: 24.4, Avg: 25.3, Max: 25.7, Diff: 1.2, Sum: 101.4]
      [GC Worker End (ms): Min: 53036.1, Avg: 53036.1, Max: 53036.1, Diff: 0.0]
   [Code Root Fixup: 0.0 ms]
   [Code Root Migration: 0.1 ms]
   [Clear CT: 0.4 ms]
   [Other: 3.8 ms]
      [Choose CSet: 0.0 ms]
      [Ref Proc: 1.7 ms]
      [Ref Enq: 0.0 ms]
      [Free CSet: 1.7 ms]
   [Eden: 597.0M(597.0M)->0.0B(571.0M) Survivors: 17.0M->43.0M Heap: 2735.2M(3072.0M)->2164.2M(3072.0M)]
 [Times: user=0.11 sys=0.00, real=0.03 secs] 
53.040: [GC concurrent-root-region-scan-start]
53.052: [GC concurrent-root-region-scan-end, 0.0117680 secs]
53.052: [GC concurrent-mark-start]
53.403: [GC pause (young), 0.0450240 secs]
   [Parallel Time: 43.7 ms, GC Workers: 4]
      [GC Worker Start (ms): Min: 53403.0, Avg: 53403.1, Max: 53403.1, Diff: 0.1]
      [Ext Root Scanning (ms): Min: 3.0, Avg: 3.4, Max: 4.4, Diff: 1.5, Sum: 13.5]
      [SATB Filtering (ms): Min: 0.0, Avg: 0.0, Max: 0.0, Diff: 0.0, Sum: 0.0]
      [Update RS (ms): Min: 7.9, Avg: 8.7, Max: 9.0, Diff: 1.2, Sum: 34.8]
         [Processed Buffers: Min: 4, Avg: 7.5, Max: 12, Diff: 8, Sum: 30]
      [Scan RS (ms): Min: 0.0, Avg: 0.1, Max: 0.3, Diff: 0.3, Sum: 0.6]
      [Code Root Scanning (ms): Min: 0.0, Avg: 0.0, Max: 0.0, Diff: 0.0, Sum: 0.0]
      [Object Copy (ms): Min: 31.2, Avg: 31.3, Max: 31.3, Diff: 0.1, Sum: 125.1]
      [Termination (ms): Min: 0.0, Avg: 0.0, Max: 0.0, Diff: 0.0, Sum: 0.0]
      [GC Worker Other (ms): Min: 0.0, Avg: 0.0, Max: 0.1, Diff: 0.0, Sum: 0.1]
      [GC Worker Total (ms): Min: 43.5, Avg: 43.5, Max: 43.6, Diff: 0.1, Sum: 174.2]
      [GC Worker End (ms): Min: 53446.6, Avg: 53446.6, Max: 53446.7, Diff: 0.0]
   [Code Root Fixup: 0.0 ms]
   [Code Root Migration: 0.1 ms]
   [Clear CT: 0.4 ms]
   [Other: 0.8 ms]
      [Choose CSet: 0.0 ms]
      [Ref Proc: 0.1 ms]
      [Ref Enq: 0.0 ms]
      [Free CSet: 0.5 ms]
   [Eden: 571.0M(571.0M)->0.0B(554.0M) Survivors: 43.0M->60.0M Heap: 2735.2M(3072.0M)->2198.2M(3072.0M)]
 [Times: user=0.17 sys=0.00, real=0.04 secs] 
53.886: [GC pause (young), 0.0420790 secs]
   [Parallel Time: 40.7 ms, GC Workers: 4]
      [GC Worker Start (ms): Min: 53886.1, Avg: 53886.2, Max: 53886.2, Diff: 0.1]
      [Ext Root Scanning (ms): Min: 3.1, Avg: 3.3, Max: 3.6, Diff: 0.5, Sum: 13.3]
      [SATB Filtering (ms): Min: 0.0, Avg: 0.0, Max: 0.0, Diff: 0.0, Sum: 0.0]
      [Update RS (ms): Min: 3.2, Avg: 4.0, Max: 5.9, Diff: 2.7, Sum: 16.0]
         [Processed Buffers: Min: 10, Avg: 13.5, Max: 15, Diff: 5, Sum: 54]
      [Scan RS (ms): Min: 0.7, Avg: 2.4, Max: 3.0, Diff: 2.4, Sum: 9.6]
      [Code Root Scanning (ms): Min: 0.0, Avg: 0.0, Max: 0.1, Diff: 0.1, Sum: 0.1]
      [Object Copy (ms): Min: 30.6, Avg: 30.6, Max: 30.7, Diff: 0.2, Sum: 122.4]
      [Termination (ms): Min: 0.0, Avg: 0.0, Max: 0.0, Diff: 0.0, Sum: 0.1]
      [GC Worker Other (ms): Min: 0.0, Avg: 0.0, Max: 0.1, Diff: 0.1, Sum: 0.1]
      [GC Worker Total (ms): Min: 40.4, Avg: 40.5, Max: 40.5, Diff: 0.1, Sum: 161.8]
      [GC Worker End (ms): Min: 53926.6, Avg: 53926.6, Max: 53926.7, Diff: 0.1]
   [Code Root Fixup: 0.0 ms]
   [Code Root Migration: 0.1 ms]
   [Clear CT: 0.3 ms]
   [Other: 1.0 ms]
      [Choose CSet: 0.0 ms]
      [Ref Proc: 0.3 ms]
      [Ref Enq: 0.0 ms]
      [Free CSet: 0.5 ms]
   [Eden: 554.0M(554.0M)->0.0B(560.0M) Survivors: 60.0M->54.0M Heap: 2752.2M(3072.0M)->2219.2M(3072.0M)]
 [Times: user=0.15 sys=0.00, real=0.04 secs] 
54.222: [GC pause (young), 0.0398100 secs]
   [Parallel Time: 38.4 ms, GC Workers: 4]
      [GC Worker Start (ms): Min: 54221.7, Avg: 54221.7, Max: 54221.8, Diff: 0.1]
      [Ext Root Scanning (ms): Min: 2.3, Avg: 3.6, Max: 4.4, Diff: 2.0, Sum: 14.4]
      [SATB Filtering (ms): Min: 0.0, Avg: 0.0, Max: 0.0, Diff: 0.0, Sum: 0.0]
      [Update RS (ms): Min: 3.3, Avg: 4.5, Max: 5.6, Diff: 2.4, Sum: 18.1]
         [Processed Buffers: Min: 4, Avg: 12.5, Max: 21, Diff: 17, Sum: 50]
      [Scan RS (ms): Min: 1.3, Avg: 1.9, Max: 3.4, Diff: 2.2, Sum: 7.7]
      [Code Root Scanning (ms): Min: 0.0, Avg: 0.0, Max: 0.0, Diff: 0.0, Sum: 0.1]
      [Object Copy (ms): Min: 27.8, Avg: 28.1, Max: 28.9, Diff: 1.1, Sum: 112.4]
      [Termination (ms): Min: 0.0, Avg: 0.0, Max: 0.0, Diff: 0.0, Sum: 0.0]
      [GC Worker Other (ms): Min: 0.1, Avg: 0.1, Max: 0.2, Diff: 0.1, Sum: 0.5]
      [GC Worker Total (ms): Min: 38.2, Avg: 38.3, Max: 38.4, Diff: 0.1, Sum: 153.1]
      [GC Worker End (ms): Min: 54260.0, Avg: 54260.0, Max: 54260.1, Diff: 0.1]
   [Code Root Fixup: 0.0 ms]
   [Code Root Migration: 0.1 ms]
   [Clear CT: 0.3 ms]
   [Other: 1.0 ms]
      [Choose CSet: 0.0 ms]
      [Ref Proc: 0.1 ms]
      [Ref Enq: 0.0 ms]
      [Free CSet: 0.5 ms]
   [Eden: 560.0M(560.0M)->0.0B(579.0M) Survivors: 54.0M->35.0M Heap: 2779.2M(3072.0M)->2233.7M(3072.0M)]
 [Times: user=0.14 sys=0.01, real=0.04 secs] 
54.577: [GC pause (young), 0.0350420 secs]
   [Parallel Time: 33.9 ms, GC Workers: 4]
      [GC Worker Start (ms): Min: 54577.6, Avg: 54577.6, Max: 54577.7, Diff: 0.1]
      [Ext Root Scanning (ms): Min: 3.0, Avg: 3.0, Max: 3.1, Diff: 0.1, Sum: 12.2]
      [SATB Filtering (ms): Min: 0.0, Avg: 0.0, Max: 0.0, Diff: 0.0, Sum: 0.0]
      [Update RS (ms): Min: 6.5, Avg: 6.9, Max: 7.7, Diff: 1.2, Sum: 27.4]
         [Processed Buffers: Min: 10, Avg: 14.5, Max: 18, Diff: 8, Sum: 58]
      [Scan RS (ms): Min: 0.0, Avg: 0.5, Max: 0.8, Diff: 0.7, Sum: 2.1]
      [Code Root Scanning (ms): Min: 0.0, Avg: 0.0, Max: 0.0, Diff: 0.0, Sum: 0.0]
      [Object Copy (ms): Min: 18.8, Avg: 20.1, Max: 23.2, Diff: 4.5, Sum: 80.2]
      [Termination (ms): Min: 0.0, Avg: 3.1, Max: 4.1, Diff: 4.1, Sum: 12.4]
      [GC Worker Other (ms): Min: 0.0, Avg: 0.0, Max: 0.1, Diff: 0.0, Sum: 0.1]
      [GC Worker Total (ms): Min: 33.6, Avg: 33.7, Max: 33.7, Diff: 0.1, Sum: 134.6]
      [GC Worker End (ms): Min: 54611.3, Avg: 54611.3, Max: 54611.3, Diff: 0.0]
   [Code Root Fixup: 0.0 ms]
   [Code Root Migration: 0.1 ms]
   [Clear CT: 0.2 ms]
   [Other: 0.8 ms]
      [Choose CSet: 0.0 ms]
      [Ref Proc: 0.3 ms]
      [Ref Enq: 0.0 ms]
      [Free CSet: 0.4 ms]
   [Eden: 579.0M(579.0M)->0.0B(562.0M) Survivors: 35.0M->52.0M Heap: 2812.7M(3072.0M)->2250.7M(3072.0M)]
 [Times: user=0.13 sys=0.00, real=0.04 secs] 
54.847: [GC pause (young), 0.0300230 secs]
   [Parallel Time: 28.6 ms, GC Workers: 4]
      [GC Worker Start (ms): Min: 54847.5, Avg: 54847.5, Max: 54847.5, Diff: 0.1]
      [Ext Root Scanning (ms): Min: 3.3, Avg: 3.4, Max: 3.6, Diff: 0.3, Sum: 13.5]
      [SATB Filtering (ms): Min: 0.0, Avg: 0.0, Max: 0.0, Diff: 0.0, Sum: 0.0]
      [Update RS (ms): Min: 3.6, Avg: 4.2, Max: 4.4, Diff: 0.9, Sum: 16.8]
         [Processed Buffers: Min: 3, Avg: 6.0, Max: 11, Diff: 8, Sum: 24]
      [Scan RS (ms): Min: 0.0, Avg: 0.1, Max: 0.3, Diff: 0.2, Sum: 0.6]
      [Code Root Scanning (ms): Min: 0.0, Avg: 0.1, Max: 0.3, Diff: 0.3, Sum: 0.4]
      [Object Copy (ms): Min: 20.1, Avg: 20.4, Max: 21.1, Diff: 1.0, Sum: 81.8]
      [Termination (ms): Min: 0.0, Avg: 0.0, Max: 0.0, Diff: 0.0, Sum: 0.0]
      [GC Worker Other (ms): Min: 0.0, Avg: 0.1, Max: 0.1, Diff: 0.1, Sum: 0.2]
      [GC Worker Total (ms): Min: 28.3, Avg: 28.3, Max: 28.4, Diff: 0.1, Sum: 113.3]
      [GC Worker End (ms): Min: 54875.8, Avg: 54875.8, Max: 54875.9, Diff: 0.1]
   [Code Root Fixup: 0.0 ms]
   [Code Root Migration: 0.1 ms]
   [Clear CT: 0.3 ms]
   [Other: 1.0 ms]
      [Choose CSet: 0.0 ms]
      [Ref Proc: 0.3 ms]
      [Ref Enq: 0.0 ms]
      [Free CSet: 0.4 ms]
   [Eden: 562.0M(562.0M)->0.0B(582.0M) Survivors: 52.0M->32.0M Heap: 2812.7M(3072.0M)->2251.2M(3072.0M)]
 [Times: user=0.11 sys=0.00, real=0.03 secs] 
55.158: [GC pause (young), 0.0210790 secs]
   [Parallel Time: 19.3 ms, GC Workers: 4]
      [GC Worker Start (ms): Min: 55158.6, Avg: 55158.6, Max: 55158.7, Diff: 0.1]
      [Ext Root Scanning (ms): Min: 3.3, Avg: 3.4, Max: 3.7, Diff: 0.5, Sum: 13.8]
      [SATB Filtering (ms): Min: 0.0, Avg: 0.0, Max: 0.0, Diff: 0.0, Sum: 0.0]
      [Update RS (ms): Min: 2.2, Avg: 2.6, Max: 2.7, Diff: 0.5, Sum: 10.2]
         [Processed Buffers: Min: 8, Avg: 14.5, Max: 20, Diff: 12, Sum: 58]
      [Scan RS (ms): Min: 0.1, Avg: 1.0, Max: 1.3, Diff: 1.3, Sum: 3.9]
      [Code Root Scanning (ms): Min: 0.0, Avg: 0.5, Max: 1.8, Diff: 1.8, Sum: 1.9]
      [Object Copy (ms): Min: 11.2, Avg: 11.6, Max: 11.7, Diff: 0.6, Sum: 46.2]
      [Termination (ms): Min: 0.0, Avg: 0.0, Max: 0.0, Diff: 0.0, Sum: 0.0]
      [GC Worker Other (ms): Min: 0.0, Avg: 0.0, Max: 0.0, Diff: 0.0, Sum: 0.1]
      [GC Worker Total (ms): Min: 19.0, Avg: 19.0, Max: 19.1, Diff: 0.1, Sum: 76.1]
      [GC Worker End (ms): Min: 55177.6, Avg: 55177.7, Max: 55177.7, Diff: 0.0]
   [Code Root Fixup: 0.0 ms]
   [Code Root Migration: 0.1 ms]
   [Clear CT: 0.6 ms]
   [Other: 1.2 ms]
      [Choose CSet: 0.0 ms]
      [Ref Proc: 0.2 ms]
      [Ref Enq: 0.0 ms]
      [Free CSet: 0.9 ms]
   [Eden: 582.0M(582.0M)->0.0B(582.0M) Survivors: 32.0M->32.0M Heap: 2833.2M(3072.0M)->2251.7M(3072.0M)]
 [Times: user=0.07 sys=0.00, real=0.02 secs] 
55.383: [GC concurrent-mark-end, 2.3308260 secs]
55.383: [GC remark 55.517: [GC ref-proc, 0.0003680 secs], 0.1413400 secs]
 [Times: user=0.54 sys=0.01, real=0.14 secs] 
55.530: [GC cleanup 2633M->2598M(3072M), 0.0084070 secs]
 [Times: user=0.02 sys=0.00, real=0.01 secs] 
55.539: [GC concurrent-cleanup-start]
55.539: [GC concurrent-cleanup-end, 0.0000540 secs]
55.613: [GC pause (young), 0.0364740 secs]
   [Parallel Time: 35.3 ms, GC Workers: 4]
      [GC Worker Start (ms): Min: 55613.2, Avg: 55620.0, Max: 55629.4, Diff: 16.2]
      [Ext Root Scanning (ms): Min: 0.0, Avg: 6.7, Max: 16.8, Diff: 16.8, Sum: 26.9]
      [Update RS (ms): Min: 0.0, Avg: 3.1, Max: 6.4, Diff: 6.4, Sum: 12.4]
         [Processed Buffers: Min: 0, Avg: 5.2, Max: 13, Diff: 13, Sum: 21]
      [Scan RS (ms): Min: 0.0, Avg: 0.1, Max: 0.4, Diff: 0.4, Sum: 0.6]
      [Code Root Scanning (ms): Min: 0.0, Avg: 0.0, Max: 0.0, Diff: 0.0, Sum: 0.1]
      [Object Copy (ms): Min: 17.7, Avg: 18.2, Max: 18.9, Diff: 1.2, Sum: 73.0]
      [Termination (ms): Min: 0.0, Avg: 0.0, Max: 0.0, Diff: 0.0, Sum: 0.0]
      [GC Worker Other (ms): Min: 0.0, Avg: 0.1, Max: 0.2, Diff: 0.2, Sum: 0.4]
      [GC Worker Total (ms): Min: 18.9, Avg: 28.3, Max: 35.2, Diff: 16.2, Sum: 113.3]
      [GC Worker End (ms): Min: 55648.2, Avg: 55648.3, Max: 55648.4, Diff: 0.2]
   [Code Root Fixup: 0.0 ms]
   [Code Root Migration: 0.1 ms]
   [Clear CT: 0.2 ms]
   [Other: 0.8 ms]
      [Choose CSet: 0.0 ms]
      [Ref Proc: 0.2 ms]
      [Ref Enq: 0.0 ms]
      [Free CSet: 0.5 ms]
   [Eden: 582.0M(582.0M)->0.0B(582.0M) Survivors: 32.0M->32.0M Heap: 2798.7M(3072.0M)->2216.2M(3072.0M)]
 [Times: user=0.12 sys=0.02, real=0.03 secs] 
55.907: [GC pause (young), 0.0210540 secs]
   [Parallel Time: 19.9 ms, GC Workers: 4]
      [GC Worker Start (ms): Min: 55906.9, Avg: 55906.9, Max: 55906.9, Diff: 0.1]
      [Ext Root Scanning (ms): Min: 3.0, Avg: 3.7, Max: 5.1, Diff: 2.0, Sum: 15.0]
      [Update RS (ms): Min: 2.1, Avg: 3.5, Max: 4.3, Diff: 2.2, Sum: 13.9]
         [Processed Buffers: Min: 1, Avg: 5.8, Max: 16, Diff: 15, Sum: 23]
      [Scan RS (ms): Min: 0.0, Avg: 0.1, Max: 0.5, Diff: 0.5, Sum: 0.6]
      [Code Root Scanning (ms): Min: 0.0, Avg: 0.0, Max: 0.1, Diff: 0.1, Sum: 0.1]
      [Object Copy (ms): Min: 12.1, Avg: 12.3, Max: 12.5, Diff: 0.4, Sum: 49.2]
      [Termination (ms): Min: 0.0, Avg: 0.0, Max: 0.0, Diff: 0.0, Sum: 0.0]
      [GC Worker Other (ms): Min: 0.0, Avg: 0.0, Max: 0.1, Diff: 0.1, Sum: 0.2]
      [GC Worker Total (ms): Min: 19.7, Avg: 19.7, Max: 19.8, Diff: 0.1, Sum: 78.9]
      [GC Worker End (ms): Min: 55926.6, Avg: 55926.6, Max: 55926.7, Diff: 0.1]
   [Code Root Fixup: 0.0 ms]
   [Code Root Migration: 0.1 ms]
   [Clear CT: 0.3 ms]
   [Other: 0.7 ms]
      [Choose CSet: 0.0 ms]
      [Ref Proc: 0.2 ms]
      [Ref Enq: 0.0 ms]
      [Free CSet: 0.5 ms]
   [Eden: 582.0M(582.0M)->0.0B(583.0M) Survivors: 32.0M->31.0M Heap: 2798.2M(3072.0M)->2215.7M(3072.0M)]
 [Times: user=0.08 sys=0.00, real=0.02 secs] 
56.788: [GC pause (young) (initial-mark), 0.0243040 secs]
   [Parallel Time: 22.5 ms, GC Workers: 4]
      [GC Worker Start (ms): Min: 56788.4, Avg: 56788.5, Max: 56788.6, Diff: 0.2]
      [Ext Root Scanning (ms): Min: 2.8, Avg: 3.0, Max: 3.3, Diff: 0.5, Sum: 12.0]
      [Code Root Marking (ms): Min: 0.0, Avg: 0.2, Max: 0.4, Diff: 0.4, Sum: 0.9]
      [Update RS (ms): Min: 2.4, Avg: 2.7, Max: 2.9, Diff: 0.5, Sum: 10.8]
         [Processed Buffers: Min: 2, Avg: 5.2, Max: 14, Diff: 12, Sum: 21]
      [Scan RS (ms): Min: 0.0, Avg: 0.1, Max: 0.4, Diff: 0.4, Sum: 0.6]
      [Code Root Scanning (ms): Min: 0.0, Avg: 0.0, Max: 0.0, Diff: 0.0, Sum: 0.0]
      [Object Copy (ms): Min: 11.5, Avg: 12.7, Max: 16.2, Diff: 4.6, Sum: 50.9]
      [Termination (ms): Min: 0.0, Avg: 3.4, Max: 4.7, Diff: 4.7, Sum: 13.8]
      [GC Worker Other (ms): Min: 0.0, Avg: 0.0, Max: 0.0, Diff: 0.0, Sum: 0.1]
      [GC Worker Total (ms): Min: 22.2, Avg: 22.3, Max: 22.4, Diff: 0.2, Sum: 89.1]
      [GC Worker End (ms): Min: 56810.7, Avg: 56810.7, Max: 56810.7, Diff: 0.0]
   [Code Root Fixup: 0.0 ms]
   [Code Root Migration: 0.1 ms]
   [Clear CT: 0.3 ms]
   [Other: 1.4 ms]
      [Choose CSet: 0.0 ms]
      [Ref Proc: 0.6 ms]
      [Ref Enq: 0.0 ms]
      [Free CSet: 0.4 ms]
   [Eden: 583.0M(583.0M)->0.0B(582.0M) Survivors: 31.0M->32.0M Heap: 2798.7M(3072.0M)->2216.2M(3072.0M)]
 [Times: user=0.09 sys=0.00, real=0.03 secs] 
56.813: [GC concurrent-root-region-scan-start]
56.831: [GC concurrent-root-region-scan-end, 0.0182360 secs]
56.831: [GC concurrent-mark-start]
58.390: [GC pause (young), 0.2792590 secs]
   [Parallel Time: 277.3 ms, GC Workers: 4]
      [GC Worker Start (ms): Min: 58389.8, Avg: 58392.2, Max: 58394.6, Diff: 4.7]
      [Ext Root Scanning (ms): Min: 1.3, Avg: 3.5, Max: 5.6, Diff: 4.3, Sum: 13.9]
      [SATB Filtering (ms): Min: 0.0, Avg: 0.0, Max: 0.1, Diff: 0.1, Sum: 0.1]
      [Update RS (ms): Min: 147.0, Avg: 152.8, Max: 158.5, Diff: 11.5, Sum: 611.0]
         [Processed Buffers: Min: 21, Avg: 27.2, Max: 44, Diff: 23, Sum: 109]
      [Scan RS (ms): Min: 20.9, Avg: 25.2, Max: 35.1, Diff: 14.2, Sum: 100.6]
      [Code Root Scanning (ms): Min: 0.0, Avg: 0.0, Max: 0.1, Diff: 0.1, Sum: 0.1]
      [Object Copy (ms): Min: 87.5, Avg: 92.2, Max: 97.3, Diff: 9.8, Sum: 369.0]
      [Termination (ms): Min: 0.0, Avg: 1.0, Max: 1.4, Diff: 1.4, Sum: 4.0]
      [GC Worker Other (ms): Min: 0.0, Avg: 0.0, Max: 0.0, Diff: 0.0, Sum: 0.1]
      [GC Worker Total (ms): Min: 272.3, Avg: 274.7, Max: 277.0, Diff: 4.8, Sum: 1098.7]
      [GC Worker End (ms): Min: 58666.8, Avg: 58666.9, Max: 58666.9, Diff: 0.1]
   [Code Root Fixup: 0.0 ms]
   [Code Root Migration: 0.1 ms]
   [Clear CT: 0.4 ms]
   [Other: 1.5 ms]
      [Choose CSet: 0.0 ms]
      [Ref Proc: 0.3 ms]
      [Ref Enq: 0.0 ms]
      [Free CSet: 0.5 ms]
   [Eden: 582.0M(582.0M)->0.0B(537.0M) Survivors: 32.0M->77.0M Heap: 2809.1M(3072.0M)->2349.1M(3072.0M)]
 [Times: user=0.67 sys=0.15, real=0.28 secs] 
58.714: [GC concurrent-mark-end, 1.8832260 secs]
58.715: [GC remark 58.715: [GC ref-proc, 0.0003000 secs], 0.0087560 secs]
 [Times: user=0.02 sys=0.00, real=0.00 secs] 
58.725: [GC cleanup 2400M->1712M(3072M), 0.0074070 secs]
 [Times: user=0.01 sys=0.01, real=0.00 secs] 
58.732: [GC concurrent-cleanup-start]
58.734: [GC concurrent-cleanup-end, 0.0014750 secs]
59.084: [GC pause (young), 0.0394180 secs]
   [Parallel Time: 37.2 ms, GC Workers: 4]
      [GC Worker Start (ms): Min: 59084.0, Avg: 59084.2, Max: 59084.3, Diff: 0.3]
      [Ext Root Scanning (ms): Min: 3.5, Avg: 4.2, Max: 4.6, Diff: 1.1, Sum: 16.7]
      [Update RS (ms): Min: 3.3, Avg: 3.9, Max: 4.7, Diff: 1.4, Sum: 15.6]
         [Processed Buffers: Min: 19, Avg: 23.8, Max: 32, Diff: 13, Sum: 95]
      [Scan RS (ms): Min: 4.8, Avg: 5.0, Max: 5.1, Diff: 0.2, Sum: 20.1]
      [Code Root Scanning (ms): Min: 0.0, Avg: 0.0, Max: 0.0, Diff: 0.0, Sum: 0.1]
      [Object Copy (ms): Min: 23.6, Avg: 23.8, Max: 23.9, Diff: 0.3, Sum: 95.0]
      [Termination (ms): Min: 0.0, Avg: 0.0, Max: 0.0, Diff: 0.0, Sum: 0.0]
      [GC Worker Other (ms): Min: 0.0, Avg: 0.0, Max: 0.0, Diff: 0.0, Sum: 0.1]
      [GC Worker Total (ms): Min: 36.8, Avg: 36.9, Max: 37.0, Diff: 0.2, Sum: 147.6]
      [GC Worker End (ms): Min: 59121.1, Avg: 59121.1, Max: 59121.1, Diff: 0.0]
   [Code Root Fixup: 0.0 ms]
   [Code Root Migration: 0.1 ms]
   [Clear CT: 0.5 ms]
   [Other: 1.6 ms]
      [Choose CSet: 0.0 ms]
      [Ref Proc: 0.3 ms]
      [Ref Enq: 0.0 ms]
      [Free CSet: 0.5 ms]
   [Eden: 537.0M(537.0M)->0.0B(613.0M) Survivors: 77.0M->1024.0K Heap: 2198.1M(3072.0M)->1641.7M(3072.0M)]
 [Times: user=0.15 sys=0.00, real=0.04 secs] 
60.254: [GC pause (young), 0.0159410 secs]
   [Parallel Time: 13.5 ms, GC Workers: 4]
      [GC Worker Start (ms): Min: 60254.5, Avg: 60255.1, Max: 60256.0, Diff: 1.6]
      [Ext Root Scanning (ms): Min: 2.8, Avg: 5.4, Max: 11.2, Diff: 8.4, Sum: 21.5]
      [Update RS (ms): Min: 0.0, Avg: 4.3, Max: 8.1, Diff: 8.1, Sum: 17.2]
         [Processed Buffers: Min: 0, Avg: 17.8, Max: 40, Diff: 40, Sum: 71]
      [Scan RS (ms): Min: 0.0, Avg: 0.1, Max: 0.3, Diff: 0.2, Sum: 0.6]
      [Code Root Scanning (ms): Min: 0.0, Avg: 0.0, Max: 0.0, Diff: 0.0, Sum: 0.1]
      [Object Copy (ms): Min: 0.2, Avg: 0.6, Max: 1.1, Diff: 0.9, Sum: 2.4]
      [Termination (ms): Min: 0.0, Avg: 1.9, Max: 3.5, Diff: 3.5, Sum: 7.7]
      [GC Worker Other (ms): Min: 0.0, Avg: 0.0, Max: 0.0, Diff: 0.0, Sum: 0.1]
      [GC Worker Total (ms): Min: 11.4, Avg: 12.4, Max: 13.0, Diff: 1.6, Sum: 49.5]
      [GC Worker End (ms): Min: 60267.5, Avg: 60267.5, Max: 60267.5, Diff: 0.1]
   [Code Root Fixup: 0.0 ms]
   [Code Root Migration: 0.1 ms]
   [Clear CT: 0.2 ms]
   [Other: 2.2 ms]
      [Choose CSet: 0.0 ms]
      [Ref Proc: 1.6 ms]
      [Ref Enq: 0.0 ms]
      [Free CSet: 0.5 ms]
   [Eden: 613.0M(613.0M)->0.0B(611.0M) Survivors: 1024.0K->3072.0K Heap: 2254.7M(3072.0M)->1643.7M(3072.0M)]
 [Times: user=0.04 sys=0.01, real=0.01 secs] 
60.391: [GC pause (young) (initial-mark), 0.0088390 secs]
   [Parallel Time: 6.1 ms, GC Workers: 4]
      [GC Worker Start (ms): Min: 60391.5, Avg: 60391.7, Max: 60392.4, Diff: 0.9]
      [Ext Root Scanning (ms): Min: 3.1, Avg: 3.4, Max: 4.1, Diff: 1.0, Sum: 13.5]
      [Code Root Marking (ms): Min: 0.0, Avg: 0.5, Max: 0.9, Diff: 0.9, Sum: 1.9]
      [Update RS (ms): Min: 0.0, Avg: 0.2, Max: 0.4, Diff: 0.4, Sum: 0.6]
         [Processed Buffers: Min: 0, Avg: 3.8, Max: 14, Diff: 14, Sum: 15]
      [Scan RS (ms): Min: 0.0, Avg: 0.1, Max: 0.3, Diff: 0.3, Sum: 0.6]
      [Code Root Scanning (ms): Min: 0.0, Avg: 0.0, Max: 0.0, Diff: 0.0, Sum: 0.1]
      [Object Copy (ms): Min: 1.1, Avg: 1.5, Max: 1.8, Diff: 0.7, Sum: 5.9]
      [Termination (ms): Min: 0.0, Avg: 0.1, Max: 0.1, Diff: 0.1, Sum: 0.2]
      [GC Worker Other (ms): Min: 0.0, Avg: 0.0, Max: 0.0, Diff: 0.0, Sum: 0.1]
      [GC Worker Total (ms): Min: 5.1, Avg: 5.7, Max: 5.9, Diff: 0.9, Sum: 22.8]
      [GC Worker End (ms): Min: 60397.4, Avg: 60397.4, Max: 60397.4, Diff: 0.0]
   [Code Root Fixup: 0.1 ms]
   [Code Root Migration: 0.1 ms]
   [Clear CT: 0.2 ms]
   [Other: 2.4 ms]
      [Choose CSet: 0.0 ms]
      [Ref Proc: 1.5 ms]
      [Ref Enq: 0.0 ms]
      [Free CSet: 0.6 ms]
   [Eden: 611.0M(611.0M)->0.0B(611.0M) Survivors: 3072.0K->3072.0K Heap: 2254.7M(3072.0M)->1643.7M(3072.0M)]
 [Times: user=0.03 sys=0.00, real=0.01 secs] 
60.400: [GC concurrent-root-region-scan-start]
60.401: [GC concurrent-root-region-scan-end, 0.0009790 secs]
60.401: [GC concurrent-mark-start]
60.652: [GC pause (young), 0.0050640 secs]
   [Parallel Time: 4.1 ms, GC Workers: 4]
      [GC Worker Start (ms): Min: 60652.5, Avg: 60652.5, Max: 60652.5, Diff: 0.1]
      [Ext Root Scanning (ms): Min: 2.9, Avg: 3.0, Max: 3.1, Diff: 0.2, Sum: 12.1]
      [SATB Filtering (ms): Min: 0.0, Avg: 0.0, Max: 0.0, Diff: 0.0, Sum: 0.0]
      [Update RS (ms): Min: 0.0, Avg: 0.2, Max: 0.3, Diff: 0.3, Sum: 0.8]
         [Processed Buffers: Min: 1, Avg: 1.5, Max: 3, Diff: 2, Sum: 6]
      [Scan RS (ms): Min: 0.1, Avg: 0.1, Max: 0.3, Diff: 0.2, Sum: 0.6]
      [Code Root Scanning (ms): Min: 0.0, Avg: 0.0, Max: 0.0, Diff: 0.0, Sum: 0.1]
      [Object Copy (ms): Min: 0.5, Avg: 0.5, Max: 0.5, Diff: 0.1, Sum: 2.0]
      [Termination (ms): Min: 0.0, Avg: 0.0, Max: 0.0, Diff: 0.0, Sum: 0.0]
      [GC Worker Other (ms): Min: 0.0, Avg: 0.0, Max: 0.1, Diff: 0.0, Sum: 0.1]
      [GC Worker Total (ms): Min: 3.9, Avg: 3.9, Max: 4.0, Diff: 0.0, Sum: 15.7]
      [GC Worker End (ms): Min: 60656.4, Avg: 60656.4, Max: 60656.5, Diff: 0.0]
   [Code Root Fixup: 0.0 ms]
   [Code Root Migration: 0.1 ms]
   [Clear CT: 0.2 ms]
   [Other: 0.6 ms]
      [Choose CSet: 0.0 ms]
      [Ref Proc: 0.2 ms]
      [Ref Enq: 0.0 ms]
      [Free CSet: 0.4 ms]
   [Eden: 611.0M(611.0M)->0.0B(612.0M) Survivors: 3072.0K->2048.0K Heap: 2254.7M(3072.0M)->1643.2M(3072.0M)]
 [Times: user=0.01 sys=0.00, real=0.01 secs] 
60.931: [GC pause (young), 0.0074130 secs]
   [Parallel Time: 6.1 ms, GC Workers: 4]
      [GC Worker Start (ms): Min: 60930.9, Avg: 60932.4, Max: 60936.7, Diff: 5.8]
      [Ext Root Scanning (ms): Min: 0.0, Avg: 3.4, Max: 5.0, Diff: 5.0, Sum: 13.7]
      [SATB Filtering (ms): Min: 0.0, Avg: 0.0, Max: 0.0, Diff: 0.0, Sum: 0.0]
      [Update RS (ms): Min: 0.0, Avg: 0.1, Max: 0.5, Diff: 0.5, Sum: 0.5]
         [Processed Buffers: Min: 0, Avg: 4.0, Max: 16, Diff: 16, Sum: 16]
      [Scan RS (ms): Min: 0.0, Avg: 0.1, Max: 0.4, Diff: 0.4, Sum: 0.5]
      [Code Root Scanning (ms): Min: 0.0, Avg: 0.0, Max: 0.0, Diff: 0.0, Sum: 0.0]
      [Object Copy (ms): Min: 0.0, Avg: 0.6, Max: 0.9, Diff: 0.9, Sum: 2.4]
      [Termination (ms): Min: 0.0, Avg: 0.1, Max: 0.1, Diff: 0.1, Sum: 0.2]
      [GC Worker Other (ms): Min: 0.0, Avg: 0.0, Max: 0.0, Diff: 0.0, Sum: 0.0]
      [GC Worker Total (ms): Min: 0.0, Avg: 4.4, Max: 5.9, Diff: 5.8, Sum: 17.5]
      [GC Worker End (ms): Min: 60936.8, Avg: 60936.8, Max: 60936.8, Diff: 0.0]
   [Code Root Fixup: 0.0 ms]
   [Code Root Migration: 0.1 ms]
   [Clear CT: 0.4 ms]
   [Other: 0.8 ms]
      [Choose CSet: 0.0 ms]
      [Ref Proc: 0.3 ms]
      [Ref Enq: 0.0 ms]
      [Free CSet: 0.4 ms]
   [Eden: 612.0M(612.0M)->0.0B(613.0M) Survivors: 2048.0K->1024.0K Heap: 2255.2M(3072.0M)->1642.2M(3072.0M)]
 [Times: user=0.02 sys=0.00, real=0.01 secs] 
61.181: [GC pause (young), 0.0682220 secs]
   [Parallel Time: 40.6 ms, GC Workers: 4]
      [GC Worker Start (ms): Min: 61181.3, Avg: 61183.7, Max: 61185.1, Diff: 3.8]
      [Ext Root Scanning (ms): Min: 2.6, Avg: 11.5, Max: 37.3, Diff: 34.6, Sum: 46.0]
      [SATB Filtering (ms): Min: 0.0, Avg: 0.0, Max: 0.0, Diff: 0.0, Sum: 0.0]
      [Update RS (ms): Min: 0.0, Avg: 0.2, Max: 0.9, Diff: 0.9, Sum: 0.9]
         [Processed Buffers: Min: 0, Avg: 2.8, Max: 11, Diff: 11, Sum: 11]
      [Scan RS (ms): Min: 0.0, Avg: 0.2, Max: 0.4, Diff: 0.3, Sum: 0.6]
      [Code Root Scanning (ms): Min: 0.0, Avg: 0.0, Max: 0.0, Diff: 0.0, Sum: 0.0]
      [Object Copy (ms): Min: 0.6, Avg: 0.6, Max: 0.7, Diff: 0.1, Sum: 2.5]
      [Termination (ms): Min: 0.0, Avg: 23.2, Max: 31.3, Diff: 31.3, Sum: 92.8]
      [GC Worker Other (ms): Min: 0.0, Avg: 0.3, Max: 1.0, Diff: 1.0, Sum: 1.1]
      [GC Worker Total (ms): Min: 34.8, Avg: 36.0, Max: 38.0, Diff: 3.2, Sum: 144.1]
      [GC Worker End (ms): Min: 61219.2, Avg: 61219.7, Max: 61220.2, Diff: 1.0]
   [Code Root Fixup: 0.0 ms]
   [Code Root Migration: 0.1 ms]
   [Clear CT: 1.1 ms]
   [Other: 26.4 ms]
      [Choose CSet: 0.0 ms]
      [Ref Proc: 25.7 ms]
      [Ref Enq: 0.0 ms]
      [Free CSet: 0.6 ms]
   [Eden: 613.0M(613.0M)->0.0B(612.0M) Survivors: 1024.0K->2048.0K Heap: 2255.2M(3072.0M)->1642.3M(3072.0M)]
 [Times: user=0.20 sys=0.03, real=0.07 secs] 
61.471: [GC pause (young), 0.0188060 secs]
   [Parallel Time: 6.1 ms, GC Workers: 4]
      [GC Worker Start (ms): Min: 61470.8, Avg: 61472.4, Max: 61474.6, Diff: 3.7]
      [Ext Root Scanning (ms): Min: 1.5, Avg: 3.4, Max: 5.3, Diff: 3.8, Sum: 13.7]
      [SATB Filtering (ms): Min: 0.0, Avg: 0.0, Max: 0.0, Diff: 0.0, Sum: 0.0]
      [Update RS (ms): Min: 0.0, Avg: 0.1, Max: 0.6, Diff: 0.6, Sum: 0.6]
         [Processed Buffers: Min: 0, Avg: 3.2, Max: 13, Diff: 13, Sum: 13]
      [Scan RS (ms): Min: 0.0, Avg: 0.1, Max: 0.4, Diff: 0.3, Sum: 0.5]
      [Code Root Scanning (ms): Min: 0.0, Avg: 0.0, Max: 0.0, Diff: 0.0, Sum: 0.0]
      [Object Copy (ms): Min: 0.6, Avg: 0.7, Max: 0.8, Diff: 0.3, Sum: 2.7]
      [Termination (ms): Min: 0.0, Avg: 0.0, Max: 0.0, Diff: 0.0, Sum: 0.1]
      [GC Worker Other (ms): Min: 0.0, Avg: 0.0, Max: 0.0, Diff: 0.0, Sum: 0.1]
      [GC Worker Total (ms): Min: 2.3, Avg: 4.4, Max: 6.0, Diff: 3.7, Sum: 17.8]
      [GC Worker End (ms): Min: 61476.8, Avg: 61476.9, Max: 61476.9, Diff: 0.0]
   [Code Root Fixup: 0.0 ms]
   [Code Root Migration: 0.1 ms]
   [Clear CT: 0.4 ms]
   [Other: 12.2 ms]
      [Choose CSet: 0.0 ms]
      [Ref Proc: 11.6 ms]
      [Ref Enq: 0.0 ms]
      [Free CSet: 0.5 ms]
   [Eden: 612.0M(612.0M)->0.0B(613.0M) Survivors: 2048.0K->1024.0K Heap: 2254.3M(3072.0M)->1642.1M(3072.0M)]
 [Times: user=0.06 sys=0.01, real=0.02 secs] 
61.742: [GC pause (young), 0.0100010 secs]
   [Parallel Time: 8.2 ms, GC Workers: 4]
      [GC Worker Start (ms): Min: 61742.4, Avg: 61743.7, Max: 61747.8, Diff: 5.5]
      [Ext Root Scanning (ms): Min: 0.0, Avg: 3.3, Max: 4.8, Diff: 4.8, Sum: 13.3]
      [SATB Filtering (ms): Min: 0.0, Avg: 0.0, Max: 0.0, Diff: 0.0, Sum: 0.0]
      [Update RS (ms): Min: 0.0, Avg: 0.2, Max: 0.6, Diff: 0.6, Sum: 0.9]
         [Processed Buffers: Min: 0, Avg: 1.8, Max: 5, Diff: 5, Sum: 7]
      [Scan RS (ms): Min: 0.1, Avg: 1.0, Max: 2.8, Diff: 2.7, Sum: 4.0]
      [Code Root Scanning (ms): Min: 0.0, Avg: 0.0, Max: 0.0, Diff: 0.0, Sum: 0.1]
      [Object Copy (ms): Min: 0.4, Avg: 0.6, Max: 0.7, Diff: 0.4, Sum: 2.2]
      [Termination (ms): Min: 0.0, Avg: 1.5, Max: 2.0, Diff: 2.0, Sum: 6.0]
      [GC Worker Other (ms): Min: 0.0, Avg: 0.0, Max: 0.0, Diff: 0.0, Sum: 0.1]
      [GC Worker Total (ms): Min: 2.6, Avg: 6.6, Max: 8.0, Diff: 5.4, Sum: 26.5]
      [GC Worker End (ms): Min: 61750.4, Avg: 61750.4, Max: 61750.4, Diff: 0.0]
   [Code Root Fixup: 0.0 ms]
   [Code Root Migration: 0.1 ms]
   [Clear CT: 0.2 ms]
   [Other: 1.4 ms]
      [Choose CSet: 0.0 ms]
      [Ref Proc: 0.9 ms]
      [Ref Enq: 0.0 ms]
      [Free CSet: 0.4 ms]
   [Eden: 613.0M(613.0M)->0.0B(612.0M) Survivors: 1024.0K->2048.0K Heap: 2255.1M(3072.0M)->1642.3M(3072.0M)]
 [Times: user=0.03 sys=0.01, real=0.01 secs] 
61.920: [GC pause (young), 0.0058100 secs]
   [Parallel Time: 4.6 ms, GC Workers: 4]
      [GC Worker Start (ms): Min: 61920.4, Avg: 61920.6, Max: 61921.2, Diff: 0.9]
      [Ext Root Scanning (ms): Min: 3.0, Avg: 3.3, Max: 3.6, Diff: 0.6, Sum: 13.1]
      [SATB Filtering (ms): Min: 0.0, Avg: 0.0, Max: 0.0, Diff: 0.0, Sum: 0.0]
      [Update RS (ms): Min: 0.0, Avg: 0.1, Max: 0.4, Diff: 0.4, Sum: 0.5]
         [Processed Buffers: Min: 0, Avg: 2.5, Max: 8, Diff: 8, Sum: 10]
      [Scan RS (ms): Min: 0.0, Avg: 0.2, Max: 0.2, Diff: 0.2, Sum: 0.6]
      [Code Root Scanning (ms): Min: 0.0, Avg: 0.0, Max: 0.0, Diff: 0.0, Sum: 0.1]
      [Object Copy (ms): Min: 0.4, Avg: 0.5, Max: 0.6, Diff: 0.1, Sum: 2.0]
      [Termination (ms): Min: 0.0, Avg: 0.0, Max: 0.0, Diff: 0.0, Sum: 0.0]
      [GC Worker Other (ms): Min: 0.0, Avg: 0.1, Max: 0.1, Diff: 0.1, Sum: 0.2]
      [GC Worker Total (ms): Min: 3.6, Avg: 4.1, Max: 4.4, Diff: 0.7, Sum: 16.6]
      [GC Worker End (ms): Min: 61924.7, Avg: 61924.8, Max: 61924.8, Diff: 0.1]
   [Code Root Fixup: 0.0 ms]
   [Code Root Migration: 0.1 ms]
   [Clear CT: 0.1 ms]
   [Other: 1.0 ms]
      [Choose CSet: 0.0 ms]
      [Ref Proc: 0.5 ms]
      [Ref Enq: 0.0 ms]
      [Free CSet: 0.4 ms]
   [Eden: 612.0M(612.0M)->0.0B(612.0M) Survivors: 2048.0K->2048.0K Heap: 2254.3M(3072.0M)->1642.4M(3072.0M)]
 [Times: user=0.01 sys=0.00, real=0.01 secs] 
62.125: [GC pause (young), 0.0195750 secs]
   [Parallel Time: 17.1 ms, GC Workers: 4]
      [GC Worker Start (ms): Min: 62125.1, Avg: 62131.4, Max: 62141.7, Diff: 16.7]
      [Ext Root Scanning (ms): Min: 0.0, Avg: 6.3, Max: 11.0, Diff: 10.9, Sum: 25.2]
      [SATB Filtering (ms): Min: 0.0, Avg: 0.0, Max: 0.0, Diff: 0.0, Sum: 0.0]
      [Update RS (ms): Min: 0.0, Avg: 0.2, Max: 0.8, Diff: 0.8, Sum: 0.8]
         [Processed Buffers: Min: 0, Avg: 2.5, Max: 10, Diff: 10, Sum: 10]
      [Scan RS (ms): Min: 0.0, Avg: 0.2, Max: 0.4, Diff: 0.4, Sum: 0.9]
      [Code Root Scanning (ms): Min: 0.0, Avg: 0.1, Max: 0.4, Diff: 0.4, Sum: 0.4]
      [Object Copy (ms): Min: 0.0, Avg: 0.8, Max: 1.6, Diff: 1.6, Sum: 3.3]
      [Termination (ms): Min: 0.0, Avg: 2.8, Max: 3.8, Diff: 3.8, Sum: 11.1]
      [GC Worker Other (ms): Min: 0.0, Avg: 0.0, Max: 0.0, Diff: 0.0, Sum: 0.0]
      [GC Worker Total (ms): Min: 0.1, Avg: 10.4, Max: 16.7, Diff: 16.7, Sum: 41.7]
      [GC Worker End (ms): Min: 62141.8, Avg: 62141.8, Max: 62141.8, Diff: 0.0]
   [Code Root Fixup: 0.0 ms]
   [Code Root Migration: 0.1 ms]
   [Clear CT: 0.3 ms]
   [Other: 2.1 ms]
      [Choose CSet: 0.0 ms]
      [Ref Proc: 1.6 ms]
      [Ref Enq: 0.0 ms]
      [Free CSet: 0.4 ms]
   [Eden: 612.0M(612.0M)->0.0B(612.0M) Survivors: 2048.0K->2048.0K Heap: 2254.4M(3072.0M)->1642.4M(3072.0M)]
 [Times: user=0.05 sys=0.01, real=0.02 secs] 
62.404: [GC pause (young), 0.0075810 secs]
   [Parallel Time: 5.1 ms, GC Workers: 4]
      [GC Worker Start (ms): Min: 62404.6, Avg: 62405.0, Max: 62405.7, Diff: 1.1]
      [Ext Root Scanning (ms): Min: 3.2, Avg: 3.7, Max: 4.1, Diff: 0.8, Sum: 14.8]
      [SATB Filtering (ms): Min: 0.0, Avg: 0.0, Max: 0.0, Diff: 0.0, Sum: 0.0]
      [Update RS (ms): Min: 0.0, Avg: 0.2, Max: 0.6, Diff: 0.6, Sum: 0.6]
         [Processed Buffers: Min: 0, Avg: 4.8, Max: 12, Diff: 12, Sum: 19]
      [Scan RS (ms): Min: 0.0, Avg: 0.1, Max: 0.3, Diff: 0.2, Sum: 0.5]
      [Code Root Scanning (ms): Min: 0.0, Avg: 0.0, Max: 0.0, Diff: 0.0, Sum: 0.1]
      [Object Copy (ms): Min: 0.2, Avg: 0.5, Max: 0.8, Diff: 0.6, Sum: 2.1]
      [Termination (ms): Min: 0.0, Avg: 0.0, Max: 0.0, Diff: 0.0, Sum: 0.1]
      [GC Worker Other (ms): Min: 0.0, Avg: 0.0, Max: 0.0, Diff: 0.0, Sum: 0.1]
      [GC Worker Total (ms): Min: 3.9, Avg: 4.6, Max: 5.0, Diff: 1.1, Sum: 18.3]
      [GC Worker End (ms): Min: 62409.6, Avg: 62409.6, Max: 62409.6, Diff: 0.0]
   [Code Root Fixup: 0.0 ms]
   [Code Root Migration: 0.1 ms]
   [Clear CT: 0.3 ms]
   [Other: 2.1 ms]
      [Choose CSet: 0.0 ms]
      [Ref Proc: 1.3 ms]
      [Ref Enq: 0.0 ms]
      [Free CSet: 0.6 ms]
   [Eden: 612.0M(612.0M)->0.0B(612.0M) Survivors: 2048.0K->2048.0K Heap: 2254.4M(3072.0M)->1642.5M(3072.0M)]
 [Times: user=0.03 sys=0.00, real=0.00 secs] 
62.692: [GC pause (young), 0.0125890 secs]
   [Parallel Time: 8.9 ms, GC Workers: 4]
      [GC Worker Start (ms): Min: 62692.3, Avg: 62692.3, Max: 62692.4, Diff: 0.1]
      [Ext Root Scanning (ms): Min: 3.1, Avg: 4.4, Max: 7.9, Diff: 4.8, Sum: 17.6]
      [SATB Filtering (ms): Min: 0.0, Avg: 0.0, Max: 0.1, Diff: 0.1, Sum: 0.1]
      [Update RS (ms): Min: 0.0, Avg: 0.2, Max: 0.5, Diff: 0.5, Sum: 1.0]
         [Processed Buffers: Min: 0, Avg: 3.8, Max: 8, Diff: 8, Sum: 15]
      [Scan RS (ms): Min: 0.2, Avg: 0.2, Max: 0.3, Diff: 0.2, Sum: 0.9]
      [Code Root Scanning (ms): Min: 0.0, Avg: 0.0, Max: 0.0, Diff: 0.0, Sum: 0.1]
      [Object Copy (ms): Min: 0.4, Avg: 2.0, Max: 2.6, Diff: 2.2, Sum: 8.0]
      [Termination (ms): Min: 0.0, Avg: 1.6, Max: 2.2, Diff: 2.2, Sum: 6.4]
      [GC Worker Other (ms): Min: 0.0, Avg: 0.1, Max: 0.2, Diff: 0.1, Sum: 0.4]
      [GC Worker Total (ms): Min: 8.5, Avg: 8.6, Max: 8.7, Diff: 0.1, Sum: 34.4]
      [GC Worker End (ms): Min: 62700.9, Avg: 62700.9, Max: 62701.0, Diff: 0.1]
   [Code Root Fixup: 0.0 ms]
   [Code Root Migration: 0.1 ms]
   [Clear CT: 0.2 ms]
   [Other: 3.4 ms]
      [Choose CSet: 0.0 ms]
      [Ref Proc: 2.5 ms]
      [Ref Enq: 0.0 ms]
      [Free CSet: 0.4 ms]
   [Eden: 612.0M(612.0M)->0.0B(609.0M) Survivors: 2048.0K->5120.0K Heap: 2254.5M(3072.0M)->1646.0M(3072.0M)]
 [Times: user=0.05 sys=0.00, real=0.02 secs] 
62.958: [GC pause (young), 0.0382430 secs]
   [Parallel Time: 35.0 ms, GC Workers: 4]
      [GC Worker Start (ms): Min: 62958.4, Avg: 62958.7, Max: 62959.5, Diff: 1.0]
      [Ext Root Scanning (ms): Min: 3.5, Avg: 3.7, Max: 3.8, Diff: 0.3, Sum: 14.8]
      [SATB Filtering (ms): Min: 0.0, Avg: 0.0, Max: 0.1, Diff: 0.1, Sum: 0.1]
      [Update RS (ms): Min: 7.9, Avg: 8.8, Max: 10.3, Diff: 2.4, Sum: 35.3]
         [Processed Buffers: Min: 4, Avg: 7.0, Max: 11, Diff: 7, Sum: 28]
      [Scan RS (ms): Min: 0.1, Avg: 0.2, Max: 0.4, Diff: 0.3, Sum: 1.0]
      [Code Root Scanning (ms): Min: 0.0, Avg: 0.0, Max: 0.0, Diff: 0.0, Sum: 0.1]
      [Object Copy (ms): Min: 20.5, Avg: 21.7, Max: 22.1, Diff: 1.6, Sum: 86.7]
      [Termination (ms): Min: 0.0, Avg: 0.0, Max: 0.0, Diff: 0.0, Sum: 0.1]
      [GC Worker Other (ms): Min: 0.0, Avg: 0.0, Max: 0.1, Diff: 0.1, Sum: 0.2]
      [GC Worker Total (ms): Min: 33.8, Avg: 34.5, Max: 34.9, Diff: 1.1, Sum: 138.2]
      [GC Worker End (ms): Min: 62993.3, Avg: 62993.3, Max: 62993.3, Diff: 0.1]
   [Code Root Fixup: 0.0 ms]
   [Code Root Migration: 0.2 ms]
   [Clear CT: 0.9 ms]
   [Other: 2.2 ms]
      [Choose CSet: 0.0 ms]
      [Ref Proc: 1.5 ms]
      [Ref Enq: 0.0 ms]
      [Free CSet: 0.5 ms]
   [Eden: 609.0M(609.0M)->0.0B(573.0M) Survivors: 5120.0K->41.0M Heap: 2257.0M(3072.0M)->1684.2M(3072.0M)]
 [Times: user=0.13 sys=0.00, real=0.04 secs] 
63.020: [GC concurrent-mark-end, 2.6184190 secs]
63.020: [GC remark 63.020: [GC ref-proc, 0.0002580 secs], 0.0090790 secs]
 [Times: user=0.03 sys=0.00, real=0.01 secs] 
63.030: [GC cleanup 1702M->1664M(3072M), 0.0042680 secs]
 [Times: user=0.00 sys=0.00, real=0.01 secs] 
63.034: [GC concurrent-cleanup-start]
63.034: [GC concurrent-cleanup-end, 0.0000770 secs]
63.876: [GC pause (young), 0.1444900 secs]
   [Parallel Time: 142.6 ms, GC Workers: 4]
      [GC Worker Start (ms): Min: 63875.8, Avg: 63878.1, Max: 63880.3, Diff: 4.4]
      [Ext Root Scanning (ms): Min: 1.4, Avg: 5.5, Max: 13.8, Diff: 12.4, Sum: 21.9]
      [Update RS (ms): Min: 39.9, Avg: 45.0, Max: 47.5, Diff: 7.6, Sum: 180.0]
         [Processed Buffers: Min: 20, Avg: 23.5, Max: 32, Diff: 12, Sum: 94]
      [Scan RS (ms): Min: 0.1, Avg: 0.6, Max: 2.3, Diff: 2.2, Sum: 2.5]
      [Code Root Scanning (ms): Min: 0.0, Avg: 0.0, Max: 0.1, Diff: 0.1, Sum: 0.1]
      [Object Copy (ms): Min: 85.6, Avg: 86.8, Max: 89.7, Diff: 4.1, Sum: 347.1]
      [Termination (ms): Min: 0.0, Avg: 2.2, Max: 3.0, Diff: 3.0, Sum: 9.0]
      [GC Worker Other (ms): Min: 0.0, Avg: 0.0, Max: 0.0, Diff: 0.0, Sum: 0.1]
      [GC Worker Total (ms): Min: 138.0, Avg: 140.2, Max: 142.4, Diff: 4.4, Sum: 560.7]
      [GC Worker End (ms): Min: 64018.2, Avg: 64018.2, Max: 64018.2, Diff: 0.0]
   [Code Root Fixup: 0.0 ms]
   [Code Root Migration: 0.1 ms]
   [Clear CT: 0.2 ms]
   [Other: 1.6 ms]
      [Choose CSet: 0.0 ms]
      [Ref Proc: 0.3 ms]
      [Ref Enq: 0.0 ms]
      [Free CSet: 0.5 ms]
   [Eden: 573.0M(573.0M)->0.0B(537.0M) Survivors: 41.0M->77.0M Heap: 2227.7M(3072.0M)->1792.6M(3072.0M)]
 [Times: user=0.52 sys=0.02, real=0.14 secs] 
64.087: [GC pause (young) (initial-mark), 0.0692220 secs]
   [Parallel Time: 67.4 ms, GC Workers: 4]
      [GC Worker Start (ms): Min: 64087.5, Avg: 64087.6, Max: 64087.6, Diff: 0.1]
      [Ext Root Scanning (ms): Min: 1.7, Avg: 3.2, Max: 4.5, Diff: 2.7, Sum: 12.8]
      [Code Root Marking (ms): Min: 0.1, Avg: 2.6, Max: 9.7, Diff: 9.7, Sum: 10.6]
      [Update RS (ms): Min: 9.0, Avg: 13.9, Max: 18.7, Diff: 9.6, Sum: 55.6]
         [Processed Buffers: Min: 20, Avg: 48.8, Max: 80, Diff: 60, Sum: 195]
      [Scan RS (ms): Min: 5.6, Avg: 6.5, Max: 8.0, Diff: 2.5, Sum: 25.9]
      [Code Root Scanning (ms): Min: 0.0, Avg: 0.0, Max: 0.0, Diff: 0.0, Sum: 0.0]
      [Object Copy (ms): Min: 35.6, Avg: 41.0, Max: 50.8, Diff: 15.2, Sum: 164.1]
      [Termination (ms): Min: 0.0, Avg: 0.0, Max: 0.0, Diff: 0.0, Sum: 0.0]
      [GC Worker Other (ms): Min: 0.0, Avg: 0.0, Max: 0.0, Diff: 0.0, Sum: 0.1]
      [GC Worker Total (ms): Min: 67.2, Avg: 67.3, Max: 67.3, Diff: 0.1, Sum: 269.1]
      [GC Worker End (ms): Min: 64154.8, Avg: 64154.8, Max: 64154.8, Diff: 0.0]
   [Code Root Fixup: 0.0 ms]
   [Code Root Migration: 0.0 ms]
   [Clear CT: 0.2 ms]
   [Other: 1.5 ms]
      [Choose CSet: 0.0 ms]
      [Ref Proc: 0.4 ms]
      [Ref Enq: 0.0 ms]
      [Free CSet: 0.2 ms]
   [Eden: 59.0M(537.0M)->0.0B(593.0M) Survivors: 77.0M->21.0M Heap: 1851.6M(3072.0M)->1814.6M(3072.0M)]
 [Times: user=0.25 sys=0.02, real=0.07 secs] 
64.157: [GC concurrent-root-region-scan-start]
64.170: [GC concurrent-root-region-scan-end, 0.0134210 secs]
64.170: [GC concurrent-mark-start]
65.431: [GC pause (young), 0.1904290 secs]
   [Parallel Time: 187.9 ms, GC Workers: 4]
      [GC Worker Start (ms): Min: 65431.2, Avg: 65431.9, Max: 65434.0, Diff: 2.7]
      [Ext Root Scanning (ms): Min: 1.4, Avg: 5.3, Max: 12.3, Diff: 10.9, Sum: 21.3]
      [SATB Filtering (ms): Min: 0.0, Avg: 0.0, Max: 0.0, Diff: 0.0, Sum: 0.0]
      [Update RS (ms): Min: 45.9, Avg: 53.0, Max: 56.4, Diff: 10.5, Sum: 211.9]
         [Processed Buffers: Min: 18, Avg: 23.5, Max: 31, Diff: 13, Sum: 94]
      [Scan RS (ms): Min: 3.3, Avg: 4.0, Max: 4.8, Diff: 1.5, Sum: 16.2]
      [Code Root Scanning (ms): Min: 0.0, Avg: 0.0, Max: 0.0, Diff: 0.0, Sum: 0.1]
      [Object Copy (ms): Min: 124.5, Avg: 124.7, Max: 124.8, Diff: 0.3, Sum: 498.7]
      [Termination (ms): Min: 0.0, Avg: 0.1, Max: 0.1, Diff: 0.1, Sum: 0.2]
      [GC Worker Other (ms): Min: 0.0, Avg: 0.0, Max: 0.0, Diff: 0.0, Sum: 0.1]
      [GC Worker Total (ms): Min: 185.1, Avg: 187.1, Max: 187.8, Diff: 2.7, Sum: 748.5]
      [GC Worker End (ms): Min: 65619.0, Avg: 65619.0, Max: 65619.0, Diff: 0.0]
   [Code Root Fixup: 0.0 ms]
   [Code Root Migration: 0.1 ms]
   [Clear CT: 0.3 ms]
   [Other: 2.1 ms]
      [Choose CSet: 0.0 ms]
      [Ref Proc: 0.6 ms]
      [Ref Enq: 0.0 ms]
      [Free CSet: 0.6 ms]
   [Eden: 593.0M(593.0M)->0.0B(537.0M) Survivors: 21.0M->77.0M Heap: 2427.6M(3072.0M)->2032.6M(3072.0M)]
 [Times: user=0.69 sys=0.04, real=0.19 secs] 
66.125: [GC pause (young), 0.1260040 secs]
   [Parallel Time: 123.7 ms, GC Workers: 4]
      [GC Worker Start (ms): Min: 66125.2, Avg: 66125.2, Max: 66125.3, Diff: 0.1]
      [Ext Root Scanning (ms): Min: 3.3, Avg: 3.7, Max: 4.0, Diff: 0.6, Sum: 14.9]
      [SATB Filtering (ms): Min: 0.0, Avg: 0.0, Max: 0.0, Diff: 0.0, Sum: 0.0]
      [Update RS (ms): Min: 28.1, Avg: 30.3, Max: 34.4, Diff: 6.2, Sum: 121.2]
         [Processed Buffers: Min: 14, Avg: 16.8, Max: 24, Diff: 10, Sum: 67]
      [Scan RS (ms): Min: 2.8, Avg: 7.0, Max: 8.9, Diff: 6.1, Sum: 27.9]
      [Code Root Scanning (ms): Min: 0.0, Avg: 0.0, Max: 0.0, Diff: 0.0, Sum: 0.1]
      [Object Copy (ms): Min: 82.4, Avg: 82.5, Max: 82.6, Diff: 0.1, Sum: 329.9]
      [Termination (ms): Min: 0.0, Avg: 0.0, Max: 0.0, Diff: 0.0, Sum: 0.1]
      [GC Worker Other (ms): Min: 0.0, Avg: 0.0, Max: 0.0, Diff: 0.0, Sum: 0.1]
      [GC Worker Total (ms): Min: 123.5, Avg: 123.6, Max: 123.6, Diff: 0.1, Sum: 494.3]
      [GC Worker End (ms): Min: 66248.8, Avg: 66248.8, Max: 66248.8, Diff: 0.0]
   [Code Root Fixup: 0.0 ms]
   [Code Root Migration: 0.1 ms]
   [Clear CT: 0.4 ms]
   [Other: 1.8 ms]
      [Choose CSet: 0.0 ms]
      [Ref Proc: 0.4 ms]
      [Ref Enq: 0.0 ms]
      [Free CSet: 0.6 ms]
   [Eden: 537.0M(537.0M)->0.0B(537.0M) Survivors: 77.0M->77.0M Heap: 2577.6M(3072.0M)->2153.1M(3072.0M)]
 [Times: user=0.48 sys=0.00, real=0.12 secs] 
66.628: [GC concurrent-mark-end, 2.4583000 secs]
66.629: [GC remark 66.629: [GC ref-proc, 0.0002300 secs], 0.0069770 secs]
 [Times: user=0.02 sys=0.00, real=0.01 secs] 
66.639: [GC cleanup 2674M->2665M(3072M), 0.0068510 secs]
 [Times: user=0.02 sys=0.00, real=0.01 secs] 
66.647: [GC concurrent-cleanup-start]
66.647: [GC concurrent-cleanup-end, 0.0000390 secs]
66.664: [GC pause (young), 0.0854690 secs]
   [Parallel Time: 78.4 ms, GC Workers: 4]
      [GC Worker Start (ms): Min: 66664.4, Avg: 66664.5, Max: 66664.9, Diff: 0.6]
      [Ext Root Scanning (ms): Min: 2.8, Avg: 3.4, Max: 4.4, Diff: 1.6, Sum: 13.7]
      [Update RS (ms): Min: 10.2, Avg: 11.8, Max: 13.1, Diff: 2.9, Sum: 47.3]
         [Processed Buffers: Min: 14, Avg: 17.0, Max: 19, Diff: 5, Sum: 68]
      [Scan RS (ms): Min: 3.6, Avg: 4.5, Max: 5.4, Diff: 1.8, Sum: 18.1]
      [Code Root Scanning (ms): Min: 0.0, Avg: 0.0, Max: 0.0, Diff: 0.0, Sum: 0.1]
      [Object Copy (ms): Min: 58.3, Avg: 58.3, Max: 58.4, Diff: 0.1, Sum: 233.3]
      [Termination (ms): Min: 0.0, Avg: 0.0, Max: 0.0, Diff: 0.0, Sum: 0.0]
      [GC Worker Other (ms): Min: 0.0, Avg: 0.0, Max: 0.0, Diff: 0.0, Sum: 0.1]
      [GC Worker Total (ms): Min: 77.8, Avg: 78.2, Max: 78.3, Diff: 0.6, Sum: 312.6]
      [GC Worker End (ms): Min: 66742.7, Avg: 66742.7, Max: 66742.7, Diff: 0.0]
   [Code Root Fixup: 0.0 ms]
   [Code Root Migration: 0.1 ms]
   [Clear CT: 0.6 ms]
   [Other: 6.3 ms]
      [Choose CSet: 0.0 ms]
      [Ref Proc: 4.8 ms]
      [Ref Enq: 0.0 ms]
      [Free CSet: 0.8 ms]
   [Eden: 537.0M(537.0M)->0.0B(541.0M) Survivors: 77.0M->73.0M Heap: 2681.1M(3072.0M)->2217.6M(3072.0M)]
 [Times: user=0.31 sys=0.02, real=0.09 secs] 
66.885: [GC pause (young) (initial-mark), 0.0645430 secs]
   [Parallel Time: 62.1 ms, GC Workers: 4]
      [GC Worker Start (ms): Min: 66885.2, Avg: 66886.3, Max: 66889.4, Diff: 4.2]
      [Ext Root Scanning (ms): Min: 1.9, Avg: 3.5, Max: 4.6, Diff: 2.8, Sum: 14.0]
      [Code Root Marking (ms): Min: 0.1, Avg: 0.3, Max: 0.6, Diff: 0.6, Sum: 1.1]
      [Update RS (ms): Min: 9.6, Avg: 11.3, Max: 12.9, Diff: 3.3, Sum: 45.2]
         [Processed Buffers: Min: 7, Avg: 14.8, Max: 18, Diff: 11, Sum: 59]
      [Scan RS (ms): Min: 0.0, Avg: 0.1, Max: 0.2, Diff: 0.2, Sum: 0.3]
      [Code Root Scanning (ms): Min: 0.0, Avg: 0.0, Max: 0.0, Diff: 0.0, Sum: 0.0]
      [Object Copy (ms): Min: 44.7, Avg: 45.8, Max: 46.9, Diff: 2.2, Sum: 183.1]
      [Termination (ms): Min: 0.0, Avg: 0.0, Max: 0.1, Diff: 0.0, Sum: 0.2]
      [GC Worker Other (ms): Min: 0.0, Avg: 0.0, Max: 0.1, Diff: 0.1, Sum: 0.1]
      [GC Worker Total (ms): Min: 57.9, Avg: 61.0, Max: 62.1, Diff: 4.2, Sum: 244.0]
      [GC Worker End (ms): Min: 66947.3, Avg: 66947.3, Max: 66947.3, Diff: 0.0]
   [Code Root Fixup: 0.0 ms]
   [Code Root Migration: 0.0 ms]
   [Clear CT: 0.2 ms]
   [Other: 2.1 ms]
      [Choose CSet: 0.0 ms]
      [Ref Proc: 1.1 ms]
      [Ref Enq: 0.0 ms]
      [Free CSet: 0.2 ms]
   [Eden: 164.0M(541.0M)->0.0B(594.0M) Survivors: 73.0M->20.0M Heap: 2381.6M(3072.0M)->2237.1M(3072.0M)]
 [Times: user=0.21 sys=0.02, real=0.06 secs] 
66.950: [GC concurrent-root-region-scan-start]
66.958: [GC concurrent-root-region-scan-end, 0.0079980 secs]
66.958: [GC concurrent-mark-start]
67.345: [GC pause (young), 0.0421000 secs]
   [Parallel Time: 40.2 ms, GC Workers: 4]
      [GC Worker Start (ms): Min: 67345.2, Avg: 67345.2, Max: 67345.3, Diff: 0.1]
      [Ext Root Scanning (ms): Min: 3.9, Avg: 5.3, Max: 7.1, Diff: 3.2, Sum: 21.3]
      [SATB Filtering (ms): Min: 0.0, Avg: 0.0, Max: 0.0, Diff: 0.0, Sum: 0.0]
      [Update RS (ms): Min: 12.2, Avg: 14.3, Max: 15.4, Diff: 3.2, Sum: 57.3]
         [Processed Buffers: Min: 8, Avg: 17.5, Max: 26, Diff: 18, Sum: 70]
      [Scan RS (ms): Min: 0.0, Avg: 1.1, Max: 1.6, Diff: 1.5, Sum: 4.5]
      [Code Root Scanning (ms): Min: 0.0, Avg: 0.0, Max: 0.0, Diff: 0.0, Sum: 0.1]
      [Object Copy (ms): Min: 18.7, Avg: 19.0, Max: 19.2, Diff: 0.4, Sum: 76.0]
      [Termination (ms): Min: 0.0, Avg: 0.0, Max: 0.0, Diff: 0.0, Sum: 0.0]
      [GC Worker Other (ms): Min: 0.0, Avg: 0.0, Max: 0.1, Diff: 0.0, Sum: 0.1]
      [GC Worker Total (ms): Min: 39.8, Avg: 39.9, Max: 39.9, Diff: 0.1, Sum: 159.4]
      [GC Worker End (ms): Min: 67385.1, Avg: 67385.1, Max: 67385.1, Diff: 0.0]
   [Code Root Fixup: 0.0 ms]
   [Code Root Migration: 0.1 ms]
   [Clear CT: 0.4 ms]
   [Other: 1.4 ms]
      [Choose CSet: 0.0 ms]
      [Ref Proc: 0.8 ms]
      [Ref Enq: 0.0 ms]
      [Free CSet: 0.5 ms]
   [Eden: 594.0M(594.0M)->0.0B(573.0M) Survivors: 20.0M->41.0M Heap: 2839.1M(3072.0M)->2266.1M(3072.0M)]
 [Times: user=0.15 sys=0.01, real=0.04 secs] 
67.687: [GC pause (young), 0.0401630 secs]
   [Parallel Time: 37.8 ms, GC Workers: 4]
      [GC Worker Start (ms): Min: 67687.4, Avg: 67691.1, Max: 67697.9, Diff: 10.5]
      [Ext Root Scanning (ms): Min: 0.0, Avg: 7.0, Max: 10.1, Diff: 10.1, Sum: 28.0]
      [SATB Filtering (ms): Min: 0.0, Avg: 0.0, Max: 0.0, Diff: 0.0, Sum: 0.0]
      [Update RS (ms): Min: 3.7, Avg: 5.0, Max: 5.6, Diff: 1.9, Sum: 20.0]
         [Processed Buffers: Min: 3, Avg: 5.2, Max: 9, Diff: 6, Sum: 21]
      [Scan RS (ms): Min: 0.0, Avg: 0.1, Max: 0.4, Diff: 0.4, Sum: 0.6]
      [Code Root Scanning (ms): Min: 0.0, Avg: 0.0, Max: 0.1, Diff: 0.1, Sum: 0.1]
      [Object Copy (ms): Min: 21.1, Avg: 21.6, Max: 22.8, Diff: 1.7, Sum: 86.4]
      [Termination (ms): Min: 0.0, Avg: 0.0, Max: 0.0, Diff: 0.0, Sum: 0.0]
      [GC Worker Other (ms): Min: 0.0, Avg: 0.0, Max: 0.1, Diff: 0.0, Sum: 0.1]
      [GC Worker Total (ms): Min: 27.0, Avg: 33.8, Max: 37.5, Diff: 10.4, Sum: 135.2]
      [GC Worker End (ms): Min: 67724.9, Avg: 67724.9, Max: 67724.9, Diff: 0.0]
   [Code Root Fixup: 0.0 ms]
   [Code Root Migration: 0.1 ms]
   [Clear CT: 0.3 ms]
   [Other: 1.9 ms]
      [Choose CSet: 0.0 ms]
      [Ref Proc: 0.9 ms]
      [Ref Enq: 0.0 ms]
      [Free CSet: 0.6 ms]
   [Eden: 573.0M(573.0M)->0.0B(588.0M) Survivors: 41.0M->26.0M Heap: 2839.1M(3072.0M)->2271.1M(3072.0M)]
 [Times: user=0.13 sys=0.02, real=0.04 secs] 
67.955: [GC pause (young), 0.0352630 secs]
   [Parallel Time: 18.7 ms, GC Workers: 4]
      [GC Worker Start (ms): Min: 67955.5, Avg: 67955.9, Max: 67957.0, Diff: 1.5]
      [Ext Root Scanning (ms): Min: 2.6, Avg: 6.7, Max: 16.7, Diff: 14.1, Sum: 26.9]
      [SATB Filtering (ms): Min: 0.0, Avg: 0.0, Max: 0.0, Diff: 0.0, Sum: 0.0]
      [Update RS (ms): Min: 0.0, Avg: 2.2, Max: 3.7, Diff: 3.7, Sum: 8.7]
         [Processed Buffers: Min: 0, Avg: 16.2, Max: 26, Diff: 26, Sum: 65]
      [Scan RS (ms): Min: 0.1, Avg: 1.0, Max: 1.3, Diff: 1.2, Sum: 4.0]
      [Code Root Scanning (ms): Min: 0.0, Avg: 0.0, Max: 0.1, Diff: 0.1, Sum: 0.1]
      [Object Copy (ms): Min: 1.2, Avg: 7.6, Max: 9.8, Diff: 8.7, Sum: 30.5]
      [Termination (ms): Min: 0.0, Avg: 0.0, Max: 0.0, Diff: 0.0, Sum: 0.0]
      [GC Worker Other (ms): Min: 0.0, Avg: 0.3, Max: 0.7, Diff: 0.6, Sum: 1.4]
      [GC Worker Total (ms): Min: 16.5, Avg: 17.9, Max: 18.6, Diff: 2.1, Sum: 71.6]
      [GC Worker End (ms): Min: 67973.5, Avg: 67973.8, Max: 67974.1, Diff: 0.6]
   [Code Root Fixup: 0.0 ms]
   [Code Root Migration: 0.1 ms]
   [Clear CT: 0.4 ms]
   [Other: 16.0 ms]
      [Choose CSet: 0.0 ms]
      [Ref Proc: 15.3 ms]
      [Ref Enq: 0.0 ms]
      [Free CSet: 0.6 ms]
   [Eden: 588.0M(588.0M)->0.0B(589.0M) Survivors: 26.0M->25.0M Heap: 2859.1M(3072.0M)->2270.6M(3072.0M)]
 [Times: user=0.09 sys=0.01, real=0.03 secs] 
68.239: [GC pause (young), 0.0174840 secs]
   [Parallel Time: 16.4 ms, GC Workers: 4]
      [GC Worker Start (ms): Min: 68239.3, Avg: 68239.3, Max: 68239.4, Diff: 0.1]
      [Ext Root Scanning (ms): Min: 3.1, Avg: 3.1, Max: 3.2, Diff: 0.1, Sum: 12.5]
      [SATB Filtering (ms): Min: 0.0, Avg: 0.0, Max: 0.0, Diff: 0.0, Sum: 0.0]
      [Update RS (ms): Min: 1.4, Avg: 2.1, Max: 2.8, Diff: 1.4, Sum: 8.2]
         [Processed Buffers: Min: 1, Avg: 4.2, Max: 12, Diff: 11, Sum: 17]
      [Scan RS (ms): Min: 0.0, Avg: 0.2, Max: 0.3, Diff: 0.3, Sum: 0.6]
      [Code Root Scanning (ms): Min: 0.0, Avg: 0.0, Max: 0.0, Diff: 0.0, Sum: 0.1]
      [Object Copy (ms): Min: 10.2, Avg: 10.9, Max: 11.3, Diff: 1.1, Sum: 43.5]
      [Termination (ms): Min: 0.0, Avg: 0.0, Max: 0.0, Diff: 0.0, Sum: 0.0]
      [GC Worker Other (ms): Min: 0.0, Avg: 0.0, Max: 0.0, Diff: 0.0, Sum: 0.1]
      [GC Worker Total (ms): Min: 16.2, Avg: 16.3, Max: 16.3, Diff: 0.1, Sum: 65.0]
      [GC Worker End (ms): Min: 68255.6, Avg: 68255.6, Max: 68255.6, Diff: 0.0]
   [Code Root Fixup: 0.0 ms]
   [Code Root Migration: 0.1 ms]
   [Clear CT: 0.2 ms]
   [Other: 0.7 ms]
      [Choose CSet: 0.0 ms]
      [Ref Proc: 0.2 ms]
      [Ref Enq: 0.0 ms]
      [Free CSet: 0.4 ms]
   [Eden: 589.0M(589.0M)->0.0B(588.0M) Survivors: 25.0M->26.0M Heap: 2859.6M(3072.0M)->2271.1M(3072.0M)]
 [Times: user=0.06 sys=0.00, real=0.02 secs] 
68.487: [GC pause (young), 0.0178770 secs]
   [Parallel Time: 16.5 ms, GC Workers: 4]
      [GC Worker Start (ms): Min: 68487.5, Avg: 68487.5, Max: 68487.6, Diff: 0.1]
      [Ext Root Scanning (ms): Min: 3.0, Avg: 3.1, Max: 3.4, Diff: 0.4, Sum: 12.6]
      [SATB Filtering (ms): Min: 0.0, Avg: 0.0, Max: 0.0, Diff: 0.0, Sum: 0.0]
      [Update RS (ms): Min: 2.2, Avg: 2.4, Max: 2.7, Diff: 0.6, Sum: 9.5]
         [Processed Buffers: Min: 1, Avg: 5.2, Max: 15, Diff: 14, Sum: 21]
      [Scan RS (ms): Min: 0.0, Avg: 0.2, Max: 0.3, Diff: 0.3, Sum: 0.6]
      [Code Root Scanning (ms): Min: 0.0, Avg: 0.0, Max: 0.0, Diff: 0.0, Sum: 0.1]
      [Object Copy (ms): Min: 10.0, Avg: 10.2, Max: 10.3, Diff: 0.3, Sum: 40.6]
      [Termination (ms): Min: 0.0, Avg: 0.0, Max: 0.0, Diff: 0.0, Sum: 0.0]
      [GC Worker Other (ms): Min: 0.1, Avg: 0.3, Max: 0.5, Diff: 0.3, Sum: 1.2]
      [GC Worker Total (ms): Min: 16.0, Avg: 16.2, Max: 16.3, Diff: 0.3, Sum: 64.6]
      [GC Worker End (ms): Min: 68503.5, Avg: 68503.7, Max: 68503.9, Diff: 0.4]
   [Code Root Fixup: 0.0 ms]
   [Code Root Migration: 0.1 ms]
   [Clear CT: 0.4 ms]
   [Other: 0.9 ms]
      [Choose CSet: 0.0 ms]
      [Ref Proc: 0.3 ms]
      [Ref Enq: 0.0 ms]
      [Free CSet: 0.5 ms]
   [Eden: 588.0M(588.0M)->0.0B(589.0M) Survivors: 26.0M->25.0M Heap: 2859.1M(3072.0M)->2270.6M(3072.0M)]
 [Times: user=0.06 sys=0.00, real=0.02 secs] 
68.792: [GC pause (young), 0.0245920 secs]
   [Parallel Time: 22.8 ms, GC Workers: 4]
      [GC Worker Start (ms): Min: 68792.3, Avg: 68792.4, Max: 68792.4, Diff: 0.1]
      [Ext Root Scanning (ms): Min: 3.3, Avg: 5.4, Max: 8.3, Diff: 5.0, Sum: 21.6]
      [SATB Filtering (ms): Min: 0.0, Avg: 0.0, Max: 0.0, Diff: 0.0, Sum: 0.0]
      [Update RS (ms): Min: 0.0, Avg: 2.4, Max: 4.1, Diff: 4.1, Sum: 9.5]
         [Processed Buffers: Min: 0, Avg: 3.5, Max: 10, Diff: 10, Sum: 14]
      [Scan RS (ms): Min: 0.0, Avg: 0.2, Max: 0.2, Diff: 0.2, Sum: 0.6]
      [Code Root Scanning (ms): Min: 0.0, Avg: 0.0, Max: 0.0, Diff: 0.0, Sum: 0.1]
      [Object Copy (ms): Min: 12.3, Avg: 13.2, Max: 14.5, Diff: 2.2, Sum: 52.7]
      [Termination (ms): Min: 0.0, Avg: 1.5, Max: 2.0, Diff: 2.0, Sum: 5.9]
      [GC Worker Other (ms): Min: 0.0, Avg: 0.0, Max: 0.0, Diff: 0.0, Sum: 0.0]
      [GC Worker Total (ms): Min: 22.5, Avg: 22.6, Max: 22.6, Diff: 0.1, Sum: 90.4]
      [GC Worker End (ms): Min: 68815.0, Avg: 68815.0, Max: 68815.0, Diff: 0.1]
   [Code Root Fixup: 0.0 ms]
   [Code Root Migration: 0.1 ms]
   [Clear CT: 0.2 ms]
   [Other: 1.5 ms]
      [Choose CSet: 0.0 ms]
      [Ref Proc: 0.9 ms]
      [Ref Enq: 0.0 ms]
      [Free CSet: 0.4 ms]
   [Eden: 589.0M(589.0M)->0.0B(588.0M) Survivors: 25.0M->26.0M Heap: 2859.6M(3072.0M)->2271.1M(3072.0M)]
 [Times: user=0.09 sys=0.01, real=0.03 secs] 
69.040: [GC pause (young), 0.0274970 secs]
   [Parallel Time: 25.6 ms, GC Workers: 4]
      [GC Worker Start (ms): Min: 69040.1, Avg: 69040.6, Max: 69042.1, Diff: 2.0]
      [Ext Root Scanning (ms): Min: 2.7, Avg: 7.1, Max: 17.8, Diff: 15.2, Sum: 28.6]
      [SATB Filtering (ms): Min: 0.0, Avg: 0.0, Max: 0.0, Diff: 0.0, Sum: 0.0]
      [Update RS (ms): Min: 0.0, Avg: 2.2, Max: 4.3, Diff: 4.3, Sum: 8.9]
         [Processed Buffers: Min: 0, Avg: 5.2, Max: 16, Diff: 16, Sum: 21]
      [Scan RS (ms): Min: 0.0, Avg: 0.2, Max: 0.3, Diff: 0.3, Sum: 0.6]
      [Code Root Scanning (ms): Min: 0.0, Avg: 0.0, Max: 0.0, Diff: 0.0, Sum: 0.1]
      [Object Copy (ms): Min: 4.1, Avg: 12.8, Max: 17.7, Diff: 13.6, Sum: 51.2]
      [Termination (ms): Min: 0.0, Avg: 2.4, Max: 3.3, Diff: 3.3, Sum: 9.7]
      [GC Worker Other (ms): Min: 0.0, Avg: 0.0, Max: 0.0, Diff: 0.0, Sum: 0.1]
      [GC Worker Total (ms): Min: 23.3, Avg: 24.8, Max: 25.4, Diff: 2.1, Sum: 99.2]
      [GC Worker End (ms): Min: 69065.4, Avg: 69065.4, Max: 69065.5, Diff: 0.1]
   [Code Root Fixup: 0.0 ms]
   [Code Root Migration: 0.1 ms]
   [Clear CT: 0.3 ms]
   [Other: 1.5 ms]
      [Choose CSet: 0.0 ms]
      [Ref Proc: 0.8 ms]
      [Ref Enq: 0.0 ms]
      [Free CSet: 0.5 ms]
   [Eden: 588.0M(588.0M)->0.0B(589.0M) Survivors: 26.0M->25.0M Heap: 2859.1M(3072.0M)->2270.1M(3072.0M)]
 [Times: user=0.09 sys=0.01, real=0.03 secs] 
69.333: [GC pause (young), 0.0285240 secs]
   [Parallel Time: 27.1 ms, GC Workers: 4]
      [GC Worker Start (ms): Min: 69332.8, Avg: 69333.3, Max: 69334.3, Diff: 1.5]
      [Ext Root Scanning (ms): Min: 1.5, Avg: 4.5, Max: 6.0, Diff: 4.5, Sum: 17.9]
      [SATB Filtering (ms): Min: 0.0, Avg: 0.0, Max: 0.0, Diff: 0.0, Sum: 0.0]
      [Update RS (ms): Min: 0.0, Avg: 3.3, Max: 4.6, Diff: 4.6, Sum: 13.1]
         [Processed Buffers: Min: 0, Avg: 5.0, Max: 16, Diff: 16, Sum: 20]
      [Scan RS (ms): Min: 0.0, Avg: 0.2, Max: 0.5, Diff: 0.5, Sum: 0.7]
      [Code Root Scanning (ms): Min: 0.0, Avg: 0.0, Max: 0.1, Diff: 0.1, Sum: 0.1]
      [Object Copy (ms): Min: 16.3, Avg: 18.6, Max: 23.9, Diff: 7.6, Sum: 74.3]
      [Termination (ms): Min: 0.0, Avg: 0.0, Max: 0.0, Diff: 0.0, Sum: 0.0]
      [GC Worker Other (ms): Min: 0.0, Avg: 0.0, Max: 0.1, Diff: 0.0, Sum: 0.1]
      [GC Worker Total (ms): Min: 25.6, Avg: 26.6, Max: 27.0, Diff: 1.5, Sum: 106.2]
      [GC Worker End (ms): Min: 69359.8, Avg: 69359.8, Max: 69359.9, Diff: 0.0]
   [Code Root Fixup: 0.0 ms]
   [Code Root Migration: 0.1 ms]
   [Clear CT: 0.3 ms]
   [Other: 1.0 ms]
      [Choose CSet: 0.0 ms]
      [Ref Proc: 0.3 ms]
      [Ref Enq: 0.0 ms]
      [Free CSet: 0.6 ms]
   [Eden: 589.0M(589.0M)->0.0B(589.0M) Survivors: 25.0M->25.0M Heap: 2859.1M(3072.0M)->2270.6M(3072.0M)]
 [Times: user=0.10 sys=0.01, real=0.03 secs] 
69.630: [GC pause (young), 0.0282440 secs]
   [Parallel Time: 27.0 ms, GC Workers: 4]
      [GC Worker Start (ms): Min: 69629.7, Avg: 69631.8, Max: 69638.1, Diff: 8.3]
      [Ext Root Scanning (ms): Min: 0.0, Avg: 3.1, Max: 4.6, Diff: 4.6, Sum: 12.6]
      [SATB Filtering (ms): Min: 0.0, Avg: 0.0, Max: 0.0, Diff: 0.0, Sum: 0.0]
      [Update RS (ms): Min: 0.0, Avg: 2.1, Max: 4.0, Diff: 4.0, Sum: 8.5]
         [Processed Buffers: Min: 0, Avg: 3.8, Max: 9, Diff: 9, Sum: 15]
      [Scan RS (ms): Min: 0.0, Avg: 0.1, Max: 0.4, Diff: 0.4, Sum: 0.5]
      [Code Root Scanning (ms): Min: 0.0, Avg: 0.0, Max: 0.1, Diff: 0.1, Sum: 0.1]
      [Object Copy (ms): Min: 18.4, Avg: 19.3, Max: 19.7, Diff: 1.3, Sum: 77.2]
      [Termination (ms): Min: 0.0, Avg: 0.0, Max: 0.1, Diff: 0.0, Sum: 0.2]
      [GC Worker Other (ms): Min: 0.0, Avg: 0.0, Max: 0.0, Diff: 0.0, Sum: 0.1]
      [GC Worker Total (ms): Min: 18.5, Avg: 24.8, Max: 26.9, Diff: 8.4, Sum: 99.1]
      [GC Worker End (ms): Min: 69656.6, Avg: 69656.6, Max: 69656.6, Diff: 0.0]
   [Code Root Fixup: 0.0 ms]
   [Code Root Migration: 0.1 ms]
   [Clear CT: 0.2 ms]
   [Other: 0.9 ms]
      [Choose CSet: 0.0 ms]
      [Ref Proc: 0.2 ms]
      [Ref Enq: 0.0 ms]
      [Free CSet: 0.6 ms]
   [Eden: 589.0M(589.0M)->0.0B(589.0M) Survivors: 25.0M->25.0M Heap: 2859.6M(3072.0M)->2270.2M(3072.0M)]
 [Times: user=0.08 sys=0.00, real=0.03 secs] 
69.962: [GC pause (young), 0.0204690 secs]
   [Parallel Time: 19.2 ms, GC Workers: 4]
      [GC Worker Start (ms): Min: 69962.1, Avg: 69962.2, Max: 69962.3, Diff: 0.2]
      [Ext Root Scanning (ms): Min: 3.0, Avg: 3.0, Max: 3.1, Diff: 0.1, Sum: 12.2]
      [SATB Filtering (ms): Min: 0.0, Avg: 0.0, Max: 0.0, Diff: 0.0, Sum: 0.0]
      [Update RS (ms): Min: 2.2, Avg: 2.7, Max: 2.9, Diff: 0.7, Sum: 10.7]
         [Processed Buffers: Min: 1, Avg: 6.0, Max: 18, Diff: 17, Sum: 24]
      [Scan RS (ms): Min: 0.0, Avg: 0.1, Max: 0.5, Diff: 0.5, Sum: 0.6]
      [Code Root Scanning (ms): Min: 0.0, Avg: 0.0, Max: 0.1, Diff: 0.1, Sum: 0.1]
      [Object Copy (ms): Min: 12.9, Avg: 13.0, Max: 13.1, Diff: 0.2, Sum: 52.0]
      [Termination (ms): Min: 0.0, Avg: 0.0, Max: 0.0, Diff: 0.0, Sum: 0.0]
      [GC Worker Other (ms): Min: 0.0, Avg: 0.0, Max: 0.1, Diff: 0.0, Sum: 0.1]
      [GC Worker Total (ms): Min: 18.8, Avg: 18.9, Max: 19.0, Diff: 0.2, Sum: 75.6]
      [GC Worker End (ms): Min: 69981.1, Avg: 69981.1, Max: 69981.1, Diff: 0.0]
   [Code Root Fixup: 0.0 ms]
   [Code Root Migration: 0.1 ms]
   [Clear CT: 0.2 ms]
   [Other: 1.0 ms]
      [Choose CSet: 0.0 ms]
      [Ref Proc: 0.4 ms]
      [Ref Enq: 0.0 ms]
      [Free CSet: 0.5 ms]
   [Eden: 589.0M(589.0M)->0.0B(582.0M) Survivors: 25.0M->32.0M Heap: 2859.2M(3072.0M)->2277.7M(3072.0M)]
 [Times: user=0.07 sys=0.01, real=0.02 secs] 
70.056: [GC concurrent-mark-end, 3.0979210 secs]
70.056: [GC remark 70.056: [GC ref-proc, 0.0002610 secs], 0.0082600 secs]
 [Times: user=0.03 sys=0.00, real=0.00 secs] 
70.065: [GC cleanup 2413M->2399M(3072M), 0.0082360 secs]
 [Times: user=0.01 sys=0.01, real=0.01 secs] 
70.073: [GC concurrent-cleanup-start]
70.073: [GC concurrent-cleanup-end, 0.0000310 secs]
70.269: [GC pause (young), 0.0618890 secs]
   [Parallel Time: 59.9 ms, GC Workers: 4]
      [GC Worker Start (ms): Min: 70269.0, Avg: 70269.1, Max: 70269.4, Diff: 0.4]
      [Ext Root Scanning (ms): Min: 2.9, Avg: 3.3, Max: 3.7, Diff: 0.8, Sum: 13.2]
      [Update RS (ms): Min: 17.2, Avg: 17.6, Max: 18.4, Diff: 1.2, Sum: 70.5]
         [Processed Buffers: Min: 7, Avg: 9.8, Max: 15, Diff: 8, Sum: 39]
      [Scan RS (ms): Min: 0.0, Avg: 0.1, Max: 0.5, Diff: 0.4, Sum: 0.6]
      [Code Root Scanning (ms): Min: 0.0, Avg: 0.0, Max: 0.1, Diff: 0.1, Sum: 0.1]
      [Object Copy (ms): Min: 35.3, Avg: 36.4, Max: 38.6, Diff: 3.3, Sum: 145.6]
      [Termination (ms): Min: 0.0, Avg: 2.0, Max: 2.7, Diff: 2.7, Sum: 7.9]
      [GC Worker Other (ms): Min: 0.0, Avg: 0.0, Max: 0.0, Diff: 0.0, Sum: 0.1]
      [GC Worker Total (ms): Min: 59.2, Avg: 59.5, Max: 59.6, Diff: 0.4, Sum: 237.9]
      [GC Worker End (ms): Min: 70328.5, Avg: 70328.6, Max: 70328.7, Diff: 0.1]
   [Code Root Fixup: 0.0 ms]
   [Code Root Migration: 0.1 ms]
   [Clear CT: 0.5 ms]
   [Other: 1.3 ms]
      [Choose CSet: 0.0 ms]
      [Ref Proc: 0.7 ms]
      [Ref Enq: 0.0 ms]
      [Free CSet: 0.5 ms]
   [Eden: 582.0M(582.0M)->0.0B(546.0M) Survivors: 32.0M->68.0M Heap: 2849.2M(3072.0M)->2302.7M(3072.0M)]
 [Times: user=0.24 sys=0.01, real=0.06 secs] 
70.510: [GC pause (young) (initial-mark), 0.0730340 secs]
   [Parallel Time: 71.1 ms, GC Workers: 4]
      [GC Worker Start (ms): Min: 70510.7, Avg: 70510.8, Max: 70510.8, Diff: 0.1]
      [Ext Root Scanning (ms): Min: 1.8, Avg: 3.4, Max: 4.6, Diff: 2.8, Sum: 13.5]
      [Code Root Marking (ms): Min: 0.0, Avg: 0.3, Max: 0.5, Diff: 0.4, Sum: 1.1]
      [Update RS (ms): Min: 15.3, Avg: 15.8, Max: 16.3, Diff: 1.0, Sum: 63.1]
         [Processed Buffers: Min: 9, Avg: 13.0, Max: 18, Diff: 9, Sum: 52]
      [Scan RS (ms): Min: 0.0, Avg: 0.1, Max: 0.2, Diff: 0.2, Sum: 0.4]
      [Code Root Scanning (ms): Min: 0.0, Avg: 0.0, Max: 0.0, Diff: 0.0, Sum: 0.0]
      [Object Copy (ms): Min: 50.7, Avg: 51.2, Max: 52.2, Diff: 1.5, Sum: 204.7]
      [Termination (ms): Min: 0.0, Avg: 0.0, Max: 0.0, Diff: 0.0, Sum: 0.1]
      [GC Worker Other (ms): Min: 0.0, Avg: 0.1, Max: 0.1, Diff: 0.1, Sum: 0.2]
      [GC Worker Total (ms): Min: 70.8, Avg: 70.8, Max: 70.8, Diff: 0.1, Sum: 283.2]
      [GC Worker End (ms): Min: 70581.5, Avg: 70581.6, Max: 70581.6, Diff: 0.1]
   [Code Root Fixup: 0.0 ms]
   [Code Root Migration: 0.1 ms]
   [Clear CT: 0.5 ms]
   [Other: 1.4 ms]
      [Choose CSet: 0.0 ms]
      [Ref Proc: 0.4 ms]
      [Ref Enq: 0.0 ms]
      [Free CSet: 0.3 ms]
   [Eden: 281.0M(546.0M)->0.0B(547.0M) Survivors: 68.0M->67.0M Heap: 2583.7M(3072.0M)->2332.5M(3072.0M)]
 [Times: user=0.28 sys=0.00, real=0.07 secs] 
70.584: [GC concurrent-root-region-scan-start]
70.611: [GC concurrent-root-region-scan-end, 0.0277850 secs]
70.611: [GC concurrent-mark-start]
71.116: [GC pause (young) (to-space exhausted), 0.7767860 secs]
   [Parallel Time: 671.0 ms, GC Workers: 4]
      [GC Worker Start (ms): Min: 71116.3, Avg: 71116.4, Max: 71116.4, Diff: 0.1]
      [Ext Root Scanning (ms): Min: 3.5, Avg: 3.7, Max: 3.9, Diff: 0.4, Sum: 14.8]
      [SATB Filtering (ms): Min: 0.0, Avg: 0.0, Max: 0.1, Diff: 0.1, Sum: 0.1]
      [Update RS (ms): Min: 42.9, Avg: 44.0, Max: 45.1, Diff: 2.2, Sum: 176.1]
         [Processed Buffers: Min: 16, Avg: 19.8, Max: 27, Diff: 11, Sum: 79]
      [Scan RS (ms): Min: 9.2, Avg: 10.3, Max: 11.2, Diff: 1.9, Sum: 41.0]
      [Code Root Scanning (ms): Min: 0.0, Avg: 0.0, Max: 0.0, Diff: 0.0, Sum: 0.1]
      [Object Copy (ms): Min: 567.3, Avg: 588.0, Max: 612.8, Diff: 45.5, Sum: 2351.8]
      [Termination (ms): Min: 0.0, Avg: 24.9, Max: 45.5, Diff: 45.5, Sum: 99.6]
      [GC Worker Other (ms): Min: 0.0, Avg: 0.0, Max: 0.0, Diff: 0.0, Sum: 0.1]
      [GC Worker Total (ms): Min: 670.9, Avg: 670.9, Max: 670.9, Diff: 0.1, Sum: 2683.6]
      [GC Worker End (ms): Min: 71787.2, Avg: 71787.3, Max: 71787.3, Diff: 0.0]
   [Code Root Fixup: 0.0 ms]
   [Code Root Migration: 0.1 ms]
   [Clear CT: 0.3 ms]
   [Other: 105.4 ms]
      [Choose CSet: 0.0 ms]
      [Ref Proc: 11.3 ms]
      [Ref Enq: 0.0 ms]
      [Free CSet: 0.5 ms]
   [Eden: 547.0M(547.0M)->0.0B(537.0M) Survivors: 67.0M->77.0M Heap: 2892.0M(3072.0M)->2770.1M(3072.0M)]
 [Times: user=1.38 sys=0.27, real=0.77 secs] 
72.237: [GC pause (young) (to-space exhausted), 2.0225260 secs]
   [Parallel Time: 1933.9 ms, GC Workers: 4]
      [GC Worker Start (ms): Min: 72237.2, Avg: 72239.8, Max: 72243.8, Diff: 6.6]
      [Ext Root Scanning (ms): Min: 0.0, Avg: 3.8, Max: 6.5, Diff: 6.5, Sum: 15.1]
      [SATB Filtering (ms): Min: 0.0, Avg: 0.0, Max: 0.2, Diff: 0.2, Sum: 0.2]
      [Update RS (ms): Min: 89.2, Avg: 99.0, Max: 102.3, Diff: 13.0, Sum: 395.8]
         [Processed Buffers: Min: 455, Avg: 494.5, Max: 588, Diff: 133, Sum: 1978]
      [Scan RS (ms): Min: 3.6, Avg: 4.7, Max: 5.1, Diff: 1.5, Sum: 18.7]
      [Code Root Scanning (ms): Min: 0.0, Avg: 0.0, Max: 0.0, Diff: 0.0, Sum: 0.1]
      [Object Copy (ms): Min: 1686.3, Avg: 1773.8, Max: 1819.8, Diff: 133.5, Sum: 7095.1]
      [Termination (ms): Min: 0.0, Avg: 50.0, Max: 149.1, Diff: 149.1, Sum: 199.9]
      [GC Worker Other (ms): Min: 0.0, Avg: 0.0, Max: 0.0, Diff: 0.0, Sum: 0.1]
      [GC Worker Total (ms): Min: 1927.2, Avg: 1931.2, Max: 1933.8, Diff: 6.6, Sum: 7724.9]
      [GC Worker End (ms): Min: 74171.0, Avg: 74171.0, Max: 74171.0, Diff: 0.0]
   [Code Root Fixup: 0.0 ms]
   [Code Root Migration: 0.1 ms]
   [Clear CT: 0.1 ms]
   [Other: 88.5 ms]
      [Choose CSet: 0.0 ms]
      [Ref Proc: 0.5 ms]
      [Ref Enq: 0.0 ms]
      [Free CSet: 0.2 ms]
   [Eden: 272.0M(537.0M)->0.0B(614.0M) Survivors: 77.0M->0.0B Heap: 3048.1M(3072.0M)->3048.1M(3072.0M)]
 [Times: user=2.96 sys=1.44, real=2.02 secs] 
74.267: [GC pause (young), 0.0851350 secs]
   [Parallel Time: 84.5 ms, GC Workers: 4]
      [GC Worker Start (ms): Min: 74267.0, Avg: 74267.7, Max: 74269.5, Diff: 2.5]
      [Ext Root Scanning (ms): Min: 2.0, Avg: 4.2, Max: 5.5, Diff: 3.5, Sum: 16.7]
      [SATB Filtering (ms): Min: 0.0, Avg: 0.0, Max: 0.0, Diff: 0.0, Sum: 0.0]
      [Update RS (ms): Min: 77.5, Avg: 78.5, Max: 79.8, Diff: 2.3, Sum: 314.1]
         [Processed Buffers: Min: 657, Avg: 715.2, Max: 759, Diff: 102, Sum: 2861]
      [Scan RS (ms): Min: 0.0, Avg: 0.0, Max: 0.0, Diff: 0.0, Sum: 0.0]
      [Code Root Scanning (ms): Min: 0.0, Avg: 0.0, Max: 0.0, Diff: 0.0, Sum: 0.0]
      [Object Copy (ms): Min: 0.1, Avg: 0.3, Max: 0.4, Diff: 0.3, Sum: 1.0]
      [Termination (ms): Min: 0.0, Avg: 0.8, Max: 1.1, Diff: 1.1, Sum: 3.3]
      [GC Worker Other (ms): Min: 0.0, Avg: 0.0, Max: 0.0, Diff: 0.0, Sum: 0.1]
      [GC Worker Total (ms): Min: 82.0, Avg: 83.8, Max: 84.4, Diff: 2.5, Sum: 335.2]
      [GC Worker End (ms): Min: 74351.5, Avg: 74351.5, Max: 74351.5, Diff: 0.0]
   [Code Root Fixup: 0.0 ms]
   [Code Root Migration: 0.0 ms]
   [Clear CT: 0.2 ms]
   [Other: 0.4 ms]
      [Choose CSet: 0.0 ms]
      [Ref Proc: 0.3 ms]
      [Ref Enq: 0.0 ms]
      [Free CSet: 0.0 ms]
   [Eden: 0.0B(614.0M)->0.0B(614.0M) Survivors: 0.0B->0.0B Heap: 3048.1M(3072.0M)->3048.1M(3072.0M)]
 [Times: user=0.33 sys=0.00, real=0.08 secs] 
74.353: [Full GC 3048M->1819M(3072M), 2.1772710 secs]
   [Eden: 0.0B(614.0M)->0.0B(614.0M) Survivors: 0.0B->0.0B Heap: 3048.1M(3072.0M)->1819.5M(3072.0M)], [Perm: 45329K->45329K(46080K)]
 [Times: user=2.65 sys=0.00, real=2.18 secs] 
76.531: [GC concurrent-mark-abort]
76.657: [GC pause (young) (initial-mark), 0.0712100 secs]
   [Parallel Time: 69.8 ms, GC Workers: 4]
      [GC Worker Start (ms): Min: 76657.0, Avg: 76657.1, Max: 76657.1, Diff: 0.1]
      [Ext Root Scanning (ms): Min: 4.2, Avg: 5.0, Max: 7.1, Diff: 3.0, Sum: 19.9]
      [Code Root Marking (ms): Min: 0.1, Avg: 0.3, Max: 0.4, Diff: 0.4, Sum: 1.1]
      [Update RS (ms): Min: 20.4, Avg: 22.3, Max: 23.2, Diff: 2.8, Sum: 89.4]
         [Processed Buffers: Min: 10, Avg: 13.5, Max: 19, Diff: 9, Sum: 54]
      [Scan RS (ms): Min: 0.0, Avg: 0.1, Max: 0.1, Diff: 0.1, Sum: 0.3]
      [Code Root Scanning (ms): Min: 0.0, Avg: 0.0, Max: 0.0, Diff: 0.0, Sum: 0.0]
      [Object Copy (ms): Min: 41.9, Avg: 42.0, Max: 42.1, Diff: 0.2, Sum: 168.1]
      [Termination (ms): Min: 0.0, Avg: 0.0, Max: 0.0, Diff: 0.0, Sum: 0.1]
      [GC Worker Other (ms): Min: 0.0, Avg: 0.0, Max: 0.0, Diff: 0.0, Sum: 0.1]
      [GC Worker Total (ms): Min: 69.7, Avg: 69.7, Max: 69.8, Diff: 0.1, Sum: 278.9]
      [GC Worker End (ms): Min: 76726.8, Avg: 76726.8, Max: 76726.8, Diff: 0.0]
   [Code Root Fixup: 0.0 ms]
   [Code Root Migration: 0.1 ms]
   [Clear CT: 0.2 ms]
   [Other: 1.1 ms]
      [Choose CSet: 0.0 ms]
      [Ref Proc: 0.3 ms]
      [Ref Enq: 0.0 ms]
      [Free CSet: 0.2 ms]
   [Eden: 297.0M(614.0M)->0.0B(537.0M) Survivors: 0.0B->77.0M Heap: 2120.1M(3072.0M)->1925.0M(3072.0M)]
 [Times: user=0.28 sys=0.00, real=0.07 secs] 
76.728: [GC concurrent-root-region-scan-start]
76.772: [GC concurrent-root-region-scan-end, 0.0439620 secs]
76.772: [GC concurrent-mark-start]
77.170: [GC pause (young), 0.1193470 secs]
   [Parallel Time: 117.5 ms, GC Workers: 4]
      [GC Worker Start (ms): Min: 77170.1, Avg: 77170.2, Max: 77170.3, Diff: 0.2]
      [Ext Root Scanning (ms): Min: 3.0, Avg: 3.1, Max: 3.3, Diff: 0.3, Sum: 12.6]
      [SATB Filtering (ms): Min: 0.0, Avg: 0.0, Max: 0.0, Diff: 0.0, Sum: 0.0]
      [Update RS (ms): Min: 25.6, Avg: 26.2, Max: 26.9, Diff: 1.4, Sum: 104.9]
         [Processed Buffers: Min: 13, Avg: 13.5, Max: 15, Diff: 2, Sum: 54]
      [Scan RS (ms): Min: 3.6, Avg: 4.3, Max: 5.0, Diff: 1.4, Sum: 17.0]
      [Code Root Scanning (ms): Min: 0.0, Avg: 0.0, Max: 0.0, Diff: 0.0, Sum: 0.1]
      [Object Copy (ms): Min: 83.3, Avg: 83.4, Max: 83.4, Diff: 0.0, Sum: 333.5]
      [Termination (ms): Min: 0.0, Avg: 0.0, Max: 0.1, Diff: 0.1, Sum: 0.1]
      [GC Worker Other (ms): Min: 0.1, Avg: 0.2, Max: 0.2, Diff: 0.2, Sum: 0.7]
      [GC Worker Total (ms): Min: 117.1, Avg: 117.2, Max: 117.4, Diff: 0.3, Sum: 468.8]
      [GC Worker End (ms): Min: 77287.3, Avg: 77287.4, Max: 77287.5, Diff: 0.2]
   [Code Root Fixup: 0.0 ms]
   [Code Root Migration: 0.1 ms]
   [Clear CT: 0.2 ms]
   [Other: 1.6 ms]
      [Choose CSet: 0.0 ms]
      [Ref Proc: 0.2 ms]
      [Ref Enq: 0.0 ms]
      [Free CSet: 0.5 ms]
   [Eden: 537.0M(537.0M)->0.0B(537.0M) Survivors: 77.0M->77.0M Heap: 2474.0M(3072.0M)->2071.5M(3072.0M)]
 [Times: user=0.46 sys=0.00, real=0.12 secs] 
77.565: [GC pause (young), 0.0806800 secs]
   [Parallel Time: 75.7 ms, GC Workers: 4]
      [GC Worker Start (ms): Min: 77565.1, Avg: 77566.8, Max: 77571.8, Diff: 6.6]
      [Ext Root Scanning (ms): Min: 0.0, Avg: 4.2, Max: 7.4, Diff: 7.3, Sum: 16.8]
      [SATB Filtering (ms): Min: 0.0, Avg: 0.0, Max: 0.0, Diff: 0.0, Sum: 0.0]
      [Update RS (ms): Min: 8.2, Avg: 10.8, Max: 13.6, Diff: 5.4, Sum: 43.3]
         [Processed Buffers: Min: 10, Avg: 13.8, Max: 21, Diff: 11, Sum: 55]
      [Scan RS (ms): Min: 2.5, Avg: 3.9, Max: 4.4, Diff: 1.9, Sum: 15.6]
      [Code Root Scanning (ms): Min: 0.0, Avg: 0.0, Max: 0.0, Diff: 0.0, Sum: 0.1]
      [Object Copy (ms): Min: 53.3, Avg: 54.7, Max: 55.3, Diff: 2.1, Sum: 218.8]
      [Termination (ms): Min: 0.0, Avg: 0.0, Max: 0.0, Diff: 0.0, Sum: 0.0]
      [GC Worker Other (ms): Min: 0.0, Avg: 0.0, Max: 0.1, Diff: 0.1, Sum: 0.2]
      [GC Worker Total (ms): Min: 68.7, Avg: 73.7, Max: 75.4, Diff: 6.7, Sum: 294.8]
      [GC Worker End (ms): Min: 77640.5, Avg: 77640.5, Max: 77640.6, Diff: 0.1]
   [Code Root Fixup: 0.0 ms]
   [Code Root Migration: 0.1 ms]
   [Clear CT: 0.3 ms]
   [Other: 4.5 ms]
      [Choose CSet: 0.0 ms]
      [Ref Proc: 3.4 ms]
      [Ref Enq: 0.0 ms]
      [Free CSet: 0.5 ms]
   [Eden: 537.0M(537.0M)->0.0B(558.0M) Survivors: 77.0M->56.0M Heap: 2608.5M(3072.0M)->2128.0M(3072.0M)]
 [Times: user=0.29 sys=0.02, real=0.08 secs] 
77.906: [GC pause (young), 0.0470340 secs]
   [Parallel Time: 45.5 ms, GC Workers: 4]
      [GC Worker Start (ms): Min: 77905.8, Avg: 77905.9, Max: 77905.9, Diff: 0.1]
      [Ext Root Scanning (ms): Min: 3.0, Avg: 3.1, Max: 3.2, Diff: 0.2, Sum: 12.5]
      [SATB Filtering (ms): Min: 0.0, Avg: 0.0, Max: 0.0, Diff: 0.0, Sum: 0.0]
      [Update RS (ms): Min: 7.4, Avg: 8.3, Max: 8.9, Diff: 1.5, Sum: 33.2]
         [Processed Buffers: Min: 8, Avg: 11.8, Max: 15, Diff: 7, Sum: 47]
      [Scan RS (ms): Min: 0.8, Avg: 1.4, Max: 2.1, Diff: 1.3, Sum: 5.5]
      [Code Root Scanning (ms): Min: 0.0, Avg: 0.0, Max: 0.0, Diff: 0.0, Sum: 0.1]
      [Object Copy (ms): Min: 32.2, Avg: 32.3, Max: 32.4, Diff: 0.2, Sum: 129.1]
      [Termination (ms): Min: 0.0, Avg: 0.0, Max: 0.0, Diff: 0.0, Sum: 0.0]
      [GC Worker Other (ms): Min: 0.0, Avg: 0.0, Max: 0.0, Diff: 0.0, Sum: 0.1]
      [GC Worker Total (ms): Min: 45.1, Avg: 45.2, Max: 45.2, Diff: 0.1, Sum: 180.6]
      [GC Worker End (ms): Min: 77951.0, Avg: 77951.0, Max: 77951.0, Diff: 0.0]
   [Code Root Fixup: 0.0 ms]
   [Code Root Migration: 0.1 ms]
   [Clear CT: 0.2 ms]
   [Other: 1.3 ms]
      [Choose CSet: 0.0 ms]
      [Ref Proc: 0.3 ms]
      [Ref Enq: 0.0 ms]
      [Free CSet: 0.4 ms]
   [Eden: 558.0M(558.0M)->0.0B(581.0M) Survivors: 56.0M->33.0M Heap: 2686.0M(3072.0M)->2161.0M(3072.0M)]
 [Times: user=0.18 sys=0.00, real=0.05 secs] 
78.178: [GC pause (young), 0.0463450 secs]
   [Parallel Time: 37.6 ms, GC Workers: 4]
      [GC Worker Start (ms): Min: 78178.5, Avg: 78178.6, Max: 78178.6, Diff: 0.1]
      [Ext Root Scanning (ms): Min: 4.4, Avg: 11.0, Max: 21.9, Diff: 17.5, Sum: 44.0]
      [SATB Filtering (ms): Min: 0.0, Avg: 0.0, Max: 0.0, Diff: 0.0, Sum: 0.0]
      [Update RS (ms): Min: 0.0, Avg: 1.7, Max: 3.6, Diff: 3.6, Sum: 6.8]
         [Processed Buffers: Min: 0, Avg: 12.5, Max: 25, Diff: 25, Sum: 50]
      [Scan RS (ms): Min: 0.1, Avg: 1.5, Max: 3.2, Diff: 3.1, Sum: 6.2]
      [Code Root Scanning (ms): Min: 0.0, Avg: 0.0, Max: 0.0, Diff: 0.0, Sum: 0.1]
      [Object Copy (ms): Min: 9.7, Avg: 19.0, Max: 24.4, Diff: 14.7, Sum: 76.0]
      [Termination (ms): Min: 0.0, Avg: 4.1, Max: 5.6, Diff: 5.6, Sum: 16.3]
      [GC Worker Other (ms): Min: 0.0, Avg: 0.0, Max: 0.0, Diff: 0.0, Sum: 0.0]
      [GC Worker Total (ms): Min: 37.3, Avg: 37.3, Max: 37.4, Diff: 0.2, Sum: 149.3]
      [GC Worker End (ms): Min: 78215.9, Avg: 78215.9, Max: 78215.9, Diff: 0.1]
   [Code Root Fixup: 0.0 ms]
   [Code Root Migration: 0.1 ms]
   [Clear CT: 0.3 ms]
   [Other: 8.2 ms]
      [Choose CSet: 0.0 ms]
      [Ref Proc: 7.5 ms]
      [Ref Enq: 0.0 ms]
      [Free CSet: 0.5 ms]
   [Eden: 581.0M(581.0M)->0.0B(580.0M) Survivors: 33.0M->34.0M Heap: 2742.0M(3072.0M)->2161.5M(3072.0M)]
 [Times: user=0.16 sys=0.01, real=0.04 secs] 
78.410: [GC pause (young), 0.0389270 secs]
   [Parallel Time: 37.1 ms, GC Workers: 4]
      [GC Worker Start (ms): Min: 78409.9, Avg: 78410.0, Max: 78410.1, Diff: 0.2]
      [Ext Root Scanning (ms): Min: 1.6, Avg: 4.7, Max: 6.5, Diff: 4.9, Sum: 19.0]
      [SATB Filtering (ms): Min: 0.0, Avg: 0.0, Max: 0.0, Diff: 0.0, Sum: 0.0]
      [Update RS (ms): Min: 2.5, Avg: 4.4, Max: 6.5, Diff: 4.0, Sum: 17.8]
         [Processed Buffers: Min: 1, Avg: 4.2, Max: 8, Diff: 7, Sum: 17]
      [Scan RS (ms): Min: 0.0, Avg: 0.2, Max: 0.3, Diff: 0.3, Sum: 0.7]
      [Code Root Scanning (ms): Min: 0.0, Avg: 0.0, Max: 0.0, Diff: 0.0, Sum: 0.1]
      [Object Copy (ms): Min: 25.7, Avg: 26.6, Max: 27.6, Diff: 1.9, Sum: 106.3]
      [Termination (ms): Min: 0.0, Avg: 0.7, Max: 0.9, Diff: 0.9, Sum: 2.8]
      [GC Worker Other (ms): Min: 0.0, Avg: 0.0, Max: 0.1, Diff: 0.0, Sum: 0.1]
      [GC Worker Total (ms): Min: 36.6, Avg: 36.7, Max: 36.8, Diff: 0.2, Sum: 146.7]
      [GC Worker End (ms): Min: 78446.7, Avg: 78446.7, Max: 78446.7, Diff: 0.0]
   [Code Root Fixup: 0.0 ms]
   [Code Root Migration: 0.1 ms]
   [Clear CT: 0.3 ms]
   [Other: 1.5 ms]
      [Choose CSet: 0.0 ms]
      [Ref Proc: 0.8 ms]
      [Ref Enq: 0.0 ms]
      [Free CSet: 0.5 ms]
   [Eden: 580.0M(580.0M)->0.0B(580.0M) Survivors: 34.0M->34.0M Heap: 2741.5M(3072.0M)->2162.0M(3072.0M)]
 [Times: user=0.14 sys=0.01, real=0.04 secs] 
78.649: [GC pause (young), 0.0218960 secs]
   [Parallel Time: 20.9 ms, GC Workers: 4]
      [GC Worker Start (ms): Min: 78649.5, Avg: 78649.6, Max: 78649.6, Diff: 0.1]
      [Ext Root Scanning (ms): Min: 3.0, Avg: 3.4, Max: 4.1, Diff: 1.1, Sum: 13.5]
      [SATB Filtering (ms): Min: 0.0, Avg: 0.0, Max: 0.0, Diff: 0.0, Sum: 0.0]
      [Update RS (ms): Min: 2.5, Avg: 2.8, Max: 2.9, Diff: 0.4, Sum: 11.2]
         [Processed Buffers: Min: 2, Avg: 5.8, Max: 17, Diff: 15, Sum: 23]
      [Scan RS (ms): Min: 0.1, Avg: 0.2, Max: 0.3, Diff: 0.2, Sum: 0.7]
      [Code Root Scanning (ms): Min: 0.0, Avg: 0.0, Max: 0.1, Diff: 0.1, Sum: 0.1]
      [Object Copy (ms): Min: 13.6, Avg: 14.2, Max: 14.4, Diff: 0.8, Sum: 56.6]
      [Termination (ms): Min: 0.0, Avg: 0.0, Max: 0.0, Diff: 0.0, Sum: 0.0]
      [GC Worker Other (ms): Min: 0.0, Avg: 0.0, Max: 0.0, Diff: 0.0, Sum: 0.1]
      [GC Worker Total (ms): Min: 20.5, Avg: 20.6, Max: 20.6, Diff: 0.1, Sum: 82.3]
      [GC Worker End (ms): Min: 78670.1, Avg: 78670.1, Max: 78670.1, Diff: 0.0]
   [Code Root Fixup: 0.0 ms]
   [Code Root Migration: 0.1 ms]
   [Clear CT: 0.2 ms]
   [Other: 0.7 ms]
      [Choose CSet: 0.0 ms]
      [Ref Proc: 0.2 ms]
      [Ref Enq: 0.0 ms]
      [Free CSet: 0.4 ms]
   [Eden: 580.0M(580.0M)->0.0B(580.0M) Survivors: 34.0M->34.0M Heap: 2742.0M(3072.0M)->2161.5M(3072.0M)]
 [Times: user=0.08 sys=0.00, real=0.02 secs] 
78.887: [GC pause (young), 0.0204530 secs]
   [Parallel Time: 18.7 ms, GC Workers: 4]
      [GC Worker Start (ms): Min: 78887.2, Avg: 78887.3, Max: 78887.4, Diff: 0.1]
      [Ext Root Scanning (ms): Min: 3.3, Avg: 3.5, Max: 3.8, Diff: 0.5, Sum: 13.9]
      [SATB Filtering (ms): Min: 0.0, Avg: 0.0, Max: 0.0, Diff: 0.0, Sum: 0.0]
      [Update RS (ms): Min: 2.4, Avg: 3.1, Max: 3.9, Diff: 1.5, Sum: 12.3]
         [Processed Buffers: Min: 2, Avg: 3.2, Max: 7, Diff: 5, Sum: 13]
      [Scan RS (ms): Min: 0.0, Avg: 0.2, Max: 0.5, Diff: 0.5, Sum: 0.7]
      [Code Root Scanning (ms): Min: 0.0, Avg: 0.0, Max: 0.0, Diff: 0.0, Sum: 0.1]
      [Object Copy (ms): Min: 10.9, Avg: 11.8, Max: 12.3, Diff: 1.4, Sum: 47.0]
      [Termination (ms): Min: 0.0, Avg: 0.0, Max: 0.0, Diff: 0.0, Sum: 0.0]
      [GC Worker Other (ms): Min: 0.0, Avg: 0.0, Max: 0.0, Diff: 0.0, Sum: 0.1]
      [GC Worker Total (ms): Min: 18.5, Avg: 18.6, Max: 18.6, Diff: 0.1, Sum: 74.2]
      [GC Worker End (ms): Min: 78905.9, Avg: 78905.9, Max: 78905.9, Diff: 0.0]
   [Code Root Fixup: 0.0 ms]
   [Code Root Migration: 0.1 ms]
   [Clear CT: 0.3 ms]
   [Other: 1.3 ms]
      [Choose CSet: 0.0 ms]
      [Ref Proc: 0.4 ms]
      [Ref Enq: 0.0 ms]
      [Free CSet: 0.8 ms]
   [Eden: 580.0M(580.0M)->0.0B(580.0M) Survivors: 34.0M->34.0M Heap: 2741.5M(3072.0M)->2161.5M(3072.0M)]
 [Times: user=0.08 sys=0.00, real=0.02 secs] 
79.161: [GC pause (young), 0.0869170 secs]
   [Parallel Time: 69.1 ms, GC Workers: 4]
      [GC Worker Start (ms): Min: 79161.1, Avg: 79164.3, Max: 79174.0, Diff: 12.9]
      [Ext Root Scanning (ms): Min: 0.0, Avg: 4.2, Max: 6.5, Diff: 6.4, Sum: 16.6]
      [SATB Filtering (ms): Min: 0.0, Avg: 0.0, Max: 0.0, Diff: 0.0, Sum: 0.0]
      [Update RS (ms): Min: 0.0, Avg: 2.7, Max: 5.6, Diff: 5.5, Sum: 10.9]
         [Processed Buffers: Min: 0, Avg: 4.2, Max: 11, Diff: 11, Sum: 17]
      [Scan RS (ms): Min: 0.0, Avg: 0.2, Max: 0.5, Diff: 0.4, Sum: 0.6]
      [Code Root Scanning (ms): Min: 0.0, Avg: 0.0, Max: 0.0, Diff: 0.0, Sum: 0.1]
      [Object Copy (ms): Min: 29.6, Avg: 40.8, Max: 49.8, Diff: 20.1, Sum: 163.2]
      [Termination (ms): Min: 9.6, Avg: 17.7, Max: 26.1, Diff: 16.4, Sum: 70.9]
      [GC Worker Other (ms): Min: 0.0, Avg: 0.0, Max: 0.0, Diff: 0.0, Sum: 0.0]
      [GC Worker Total (ms): Min: 55.8, Avg: 65.6, Max: 68.9, Diff: 13.1, Sum: 262.4]
      [GC Worker End (ms): Min: 79229.8, Avg: 79229.9, Max: 79230.0, Diff: 0.2]
   [Code Root Fixup: 0.0 ms]
   [Code Root Migration: 0.1 ms]
   [Clear CT: 2.2 ms]
   [Other: 15.4 ms]
      [Choose CSet: 0.0 ms]
      [Ref Proc: 14.7 ms]
      [Ref Enq: 0.0 ms]
      [Free CSet: 0.6 ms]
   [Eden: 580.0M(580.0M)->0.0B(580.0M) Survivors: 34.0M->34.0M Heap: 2741.5M(3072.0M)->2162.0M(3072.0M)]
 [Times: user=0.30 sys=0.03, real=0.09 secs] 
79.472: [GC pause (young), 0.0246160 secs]
   [Parallel Time: 23.4 ms, GC Workers: 4]
      [GC Worker Start (ms): Min: 79471.8, Avg: 79471.8, Max: 79471.9, Diff: 0.2]
      [Ext Root Scanning (ms): Min: 3.9, Avg: 6.0, Max: 10.9, Diff: 7.0, Sum: 24.1]
      [SATB Filtering (ms): Min: 0.0, Avg: 0.0, Max: 0.0, Diff: 0.0, Sum: 0.0]
      [Update RS (ms): Min: 0.0, Avg: 2.7, Max: 4.2, Diff: 4.2, Sum: 10.7]
         [Processed Buffers: Min: 0, Avg: 4.2, Max: 11, Diff: 11, Sum: 17]
      [Scan RS (ms): Min: 0.1, Avg: 0.2, Max: 0.4, Diff: 0.3, Sum: 0.8]
      [Code Root Scanning (ms): Min: 0.0, Avg: 0.0, Max: 0.0, Diff: 0.0, Sum: 0.1]
      [Object Copy (ms): Min: 12.3, Avg: 14.2, Max: 14.9, Diff: 2.6, Sum: 56.9]
      [Termination (ms): Min: 0.0, Avg: 0.0, Max: 0.0, Diff: 0.0, Sum: 0.0]
      [GC Worker Other (ms): Min: 0.0, Avg: 0.0, Max: 0.0, Diff: 0.0, Sum: 0.1]
      [GC Worker Total (ms): Min: 23.1, Avg: 23.2, Max: 23.3, Diff: 0.2, Sum: 92.8]
      [GC Worker End (ms): Min: 79495.0, Avg: 79495.0, Max: 79495.1, Diff: 0.0]
   [Code Root Fixup: 0.0 ms]
   [Code Root Migration: 0.1 ms]
   [Clear CT: 0.4 ms]
   [Other: 0.8 ms]
      [Choose CSet: 0.0 ms]
      [Ref Proc: 0.2 ms]
      [Ref Enq: 0.0 ms]
      [Free CSet: 0.5 ms]
   [Eden: 580.0M(580.0M)->0.0B(580.0M) Survivors: 34.0M->34.0M Heap: 2742.0M(3072.0M)->2162.0M(3072.0M)]
 [Times: user=0.09 sys=0.01, real=0.02 secs] 
79.734: [GC pause (young), 0.0183340 secs]
   [Parallel Time: 17.2 ms, GC Workers: 4]
      [GC Worker Start (ms): Min: 79733.9, Avg: 79733.9, Max: 79733.9, Diff: 0.1]
      [Ext Root Scanning (ms): Min: 3.3, Avg: 3.4, Max: 3.6, Diff: 0.3, Sum: 13.7]
      [SATB Filtering (ms): Min: 0.0, Avg: 0.0, Max: 0.0, Diff: 0.0, Sum: 0.0]
      [Update RS (ms): Min: 2.9, Avg: 3.1, Max: 3.6, Diff: 0.7, Sum: 12.6]
         [Processed Buffers: Min: 2, Avg: 6.0, Max: 16, Diff: 14, Sum: 24]
      [Scan RS (ms): Min: 0.0, Avg: 0.2, Max: 0.3, Diff: 0.3, Sum: 0.6]
      [Code Root Scanning (ms): Min: 0.0, Avg: 0.0, Max: 0.1, Diff: 0.1, Sum: 0.1]
      [Object Copy (ms): Min: 9.7, Avg: 10.2, Max: 10.4, Diff: 0.7, Sum: 40.8]
      [Termination (ms): Min: 0.0, Avg: 0.0, Max: 0.0, Diff: 0.0, Sum: 0.0]
      [GC Worker Other (ms): Min: 0.0, Avg: 0.0, Max: 0.0, Diff: 0.0, Sum: 0.1]
      [GC Worker Total (ms): Min: 16.9, Avg: 17.0, Max: 17.0, Diff: 0.1, Sum: 68.0]
      [GC Worker End (ms): Min: 79750.9, Avg: 79750.9, Max: 79750.9, Diff: 0.0]
   [Code Root Fixup: 0.0 ms]
   [Code Root Migration: 0.1 ms]
   [Clear CT: 0.2 ms]
   [Other: 0.8 ms]
      [Choose CSet: 0.0 ms]
      [Ref Proc: 0.3 ms]
      [Ref Enq: 0.0 ms]
      [Free CSet: 0.4 ms]
   [Eden: 580.0M(580.0M)->0.0B(580.0M) Survivors: 34.0M->34.0M Heap: 2742.0M(3072.0M)->2161.5M(3072.0M)]
 [Times: user=0.07 sys=0.00, real=0.02 secs] 
80.003: [GC pause (young), 0.0234240 secs]
   [Parallel Time: 22.2 ms, GC Workers: 4]
      [GC Worker Start (ms): Min: 80002.9, Avg: 80003.8, Max: 80006.0, Diff: 3.1]
      [Ext Root Scanning (ms): Min: 1.4, Avg: 4.3, Max: 6.0, Diff: 4.5, Sum: 17.1]
      [SATB Filtering (ms): Min: 0.0, Avg: 0.0, Max: 0.0, Diff: 0.0, Sum: 0.0]
      [Update RS (ms): Min: 1.5, Avg: 2.8, Max: 4.2, Diff: 2.8, Sum: 11.3]
         [Processed Buffers: Min: 1, Avg: 3.5, Max: 7, Diff: 6, Sum: 14]
      [Scan RS (ms): Min: 0.0, Avg: 0.2, Max: 0.4, Diff: 0.3, Sum: 0.7]
      [Code Root Scanning (ms): Min: 0.0, Avg: 0.0, Max: 0.0, Diff: 0.0, Sum: 0.1]
      [Object Copy (ms): Min: 13.3, Avg: 14.0, Max: 14.4, Diff: 1.1, Sum: 55.9]
      [Termination (ms): Min: 0.0, Avg: 0.0, Max: 0.0, Diff: 0.0, Sum: 0.0]
      [GC Worker Other (ms): Min: 0.0, Avg: 0.0, Max: 0.0, Diff: 0.0, Sum: 0.1]
      [GC Worker Total (ms): Min: 19.0, Avg: 21.3, Max: 22.1, Diff: 3.1, Sum: 85.2]
      [GC Worker End (ms): Min: 80025.1, Avg: 80025.1, Max: 80025.1, Diff: 0.0]
   [Code Root Fixup: 0.0 ms]
   [Code Root Migration: 0.1 ms]
   [Clear CT: 0.2 ms]
   [Other: 0.9 ms]
      [Choose CSet: 0.0 ms]
      [Ref Proc: 0.3 ms]
      [Ref Enq: 0.0 ms]
      [Free CSet: 0.5 ms]
   [Eden: 580.0M(580.0M)->0.0B(580.0M) Survivors: 34.0M->34.0M Heap: 2741.5M(3072.0M)->2161.5M(3072.0M)]
 [Times: user=0.09 sys=0.00, real=0.03 secs] 
80.136: [GC concurrent-mark-end, 3.3640830 secs]
80.137: [GC remark 80.137: [GC ref-proc, 0.0002470 secs], 0.0092850 secs]
 [Times: user=0.03 sys=0.00, real=0.00 secs] 
80.146: [GC cleanup 2408M->2406M(3072M), 0.0049000 secs]
 [Times: user=0.00 sys=0.01, real=0.01 secs] 
80.152: [GC concurrent-cleanup-start]
80.152: [GC concurrent-cleanup-end, 0.0000240 secs]
80.261: [GC pause (young), 0.0200090 secs]
   [Parallel Time: 18.9 ms, GC Workers: 4]
      [GC Worker Start (ms): Min: 80260.7, Avg: 80260.7, Max: 80260.8, Diff: 0.1]
      [Ext Root Scanning (ms): Min: 3.0, Avg: 3.0, Max: 3.1, Diff: 0.1, Sum: 12.1]
      [Update RS (ms): Min: 2.6, Avg: 2.8, Max: 2.9, Diff: 0.4, Sum: 11.2]
         [Processed Buffers: Min: 2, Avg: 4.5, Max: 11, Diff: 9, Sum: 18]
      [Scan RS (ms): Min: 0.0, Avg: 0.2, Max: 0.3, Diff: 0.3, Sum: 0.7]
      [Code Root Scanning (ms): Min: 0.0, Avg: 0.0, Max: 0.0, Diff: 0.0, Sum: 0.1]
      [Object Copy (ms): Min: 12.5, Avg: 12.5, Max: 12.5, Diff: 0.1, Sum: 50.0]
      [Termination (ms): Min: 0.0, Avg: 0.0, Max: 0.0, Diff: 0.0, Sum: 0.0]
      [GC Worker Other (ms): Min: 0.0, Avg: 0.1, Max: 0.3, Diff: 0.3, Sum: 0.4]
      [GC Worker Total (ms): Min: 18.6, Avg: 18.6, Max: 18.7, Diff: 0.1, Sum: 74.5]
      [GC Worker End (ms): Min: 80279.4, Avg: 80279.4, Max: 80279.4, Diff: 0.0]
   [Code Root Fixup: 0.0 ms]
   [Code Root Migration: 0.1 ms]
   [Clear CT: 0.2 ms]
   [Other: 0.8 ms]
      [Choose CSet: 0.0 ms]
      [Ref Proc: 0.3 ms]
      [Ref Enq: 0.0 ms]
      [Free CSet: 0.4 ms]
   [Eden: 580.0M(580.0M)->0.0B(581.0M) Survivors: 34.0M->33.0M Heap: 2739.5M(3072.0M)->2159.0M(3072.0M)]
 [Times: user=0.08 sys=0.01, real=0.02 secs] 
80.523: [GC pause (young), 0.0228780 secs]
   [Parallel Time: 21.8 ms, GC Workers: 4]
      [GC Worker Start (ms): Min: 80522.7, Avg: 80522.8, Max: 80523.1, Diff: 0.5]
      [Ext Root Scanning (ms): Min: 3.0, Avg: 3.9, Max: 6.1, Diff: 3.1, Sum: 15.7]
      [Update RS (ms): Min: 1.2, Avg: 3.2, Max: 4.2, Diff: 3.0, Sum: 13.0]
         [Processed Buffers: Min: 1, Avg: 5.8, Max: 11, Diff: 10, Sum: 23]
      [Scan RS (ms): Min: 0.0, Avg: 0.2, Max: 0.2, Diff: 0.2, Sum: 0.6]
      [Code Root Scanning (ms): Min: 0.0, Avg: 0.0, Max: 0.0, Diff: 0.0, Sum: 0.1]
      [Object Copy (ms): Min: 13.9, Avg: 14.2, Max: 14.4, Diff: 0.6, Sum: 56.9]
      [Termination (ms): Min: 0.0, Avg: 0.0, Max: 0.0, Diff: 0.0, Sum: 0.0]
      [GC Worker Other (ms): Min: 0.0, Avg: 0.0, Max: 0.0, Diff: 0.0, Sum: 0.1]
      [GC Worker Total (ms): Min: 21.3, Avg: 21.6, Max: 21.7, Diff: 0.5, Sum: 86.3]
      [GC Worker End (ms): Min: 80544.4, Avg: 80544.4, Max: 80544.4, Diff: 0.0]
   [Code Root Fixup: 0.0 ms]
   [Code Root Migration: 0.1 ms]
   [Clear CT: 0.2 ms]
   [Other: 0.8 ms]
      [Choose CSet: 0.0 ms]
      [Ref Proc: 0.3 ms]
      [Ref Enq: 0.0 ms]
      [Free CSet: 0.4 ms]
   [Eden: 581.0M(581.0M)->0.0B(576.0M) Survivors: 33.0M->38.0M Heap: 2740.0M(3072.0M)->2164.0M(3072.0M)]
 [Times: user=0.09 sys=0.01, real=0.02 secs] 
80.588: [GC pause (young) (initial-mark), 0.0223430 secs]
   [Parallel Time: 21.3 ms, GC Workers: 4]
      [GC Worker Start (ms): Min: 80588.3, Avg: 80588.3, Max: 80588.4, Diff: 0.1]
      [Ext Root Scanning (ms): Min: 3.1, Avg: 3.2, Max: 3.4, Diff: 0.3, Sum: 12.6]
      [Code Root Marking (ms): Min: 0.0, Avg: 0.3, Max: 0.5, Diff: 0.4, Sum: 1.1]
      [Update RS (ms): Min: 2.8, Avg: 2.9, Max: 2.9, Diff: 0.1, Sum: 11.4]
         [Processed Buffers: Min: 2, Avg: 6.2, Max: 14, Diff: 12, Sum: 25]
      [Scan RS (ms): Min: 0.0, Avg: 0.0, Max: 0.1, Diff: 0.0, Sum: 0.2]
      [Code Root Scanning (ms): Min: 0.0, Avg: 0.0, Max: 0.0, Diff: 0.0, Sum: 0.0]
      [Object Copy (ms): Min: 14.6, Avg: 14.7, Max: 14.8, Diff: 0.2, Sum: 58.7]
      [Termination (ms): Min: 0.0, Avg: 0.2, Max: 0.3, Diff: 0.3, Sum: 0.8]
      [GC Worker Other (ms): Min: 0.0, Avg: 0.0, Max: 0.0, Diff: 0.0, Sum: 0.1]
      [GC Worker Total (ms): Min: 21.2, Avg: 21.2, Max: 21.3, Diff: 0.1, Sum: 84.9]
      [GC Worker End (ms): Min: 80609.6, Avg: 80609.6, Max: 80609.6, Diff: 0.0]
   [Code Root Fixup: 0.0 ms]
   [Code Root Migration: 0.0 ms]
   [Clear CT: 0.2 ms]
   [Other: 0.7 ms]
      [Choose CSet: 0.0 ms]
      [Ref Proc: 0.2 ms]
      [Ref Enq: 0.0 ms]
      [Free CSet: 0.1 ms]
   [Eden: 111.0M(576.0M)->0.0B(570.0M) Survivors: 38.0M->44.0M Heap: 2274.2M(3072.0M)->2169.5M(3072.0M)]
 [Times: user=0.08 sys=0.00, real=0.02 secs] 
80.611: [GC concurrent-root-region-scan-start]
80.624: [GC concurrent-root-region-scan-end, 0.0133950 secs]
80.624: [GC concurrent-mark-start]
81.097: [GC pause (young), 0.1226480 secs]
   [Parallel Time: 121.0 ms, GC Workers: 4]
      [GC Worker Start (ms): Min: 81096.7, Avg: 81096.8, Max: 81096.9, Diff: 0.2]
      [Ext Root Scanning (ms): Min: 3.7, Avg: 3.8, Max: 3.9, Diff: 0.2, Sum: 15.1]
      [SATB Filtering (ms): Min: 0.0, Avg: 0.0, Max: 0.1, Diff: 0.1, Sum: 0.1]
      [Update RS (ms): Min: 39.9, Avg: 40.8, Max: 41.8, Diff: 1.9, Sum: 163.3]
         [Processed Buffers: Min: 17, Avg: 19.2, Max: 26, Diff: 9, Sum: 77]
      [Scan RS (ms): Min: 0.0, Avg: 0.2, Max: 0.3, Diff: 0.3, Sum: 0.6]
      [Code Root Scanning (ms): Min: 0.0, Avg: 0.0, Max: 0.0, Diff: 0.0, Sum: 0.1]
      [Object Copy (ms): Min: 75.1, Avg: 75.8, Max: 76.4, Diff: 1.3, Sum: 303.4]
      [Termination (ms): Min: 0.0, Avg: 0.0, Max: 0.0, Diff: 0.0, Sum: 0.0]
      [GC Worker Other (ms): Min: 0.0, Avg: 0.0, Max: 0.1, Diff: 0.0, Sum: 0.1]
      [GC Worker Total (ms): Min: 120.6, Avg: 120.7, Max: 120.8, Diff: 0.2, Sum: 482.7]
      [GC Worker End (ms): Min: 81217.5, Avg: 81217.5, Max: 81217.5, Diff: 0.0]
   [Code Root Fixup: 0.0 ms]
   [Code Root Migration: 0.1 ms]
   [Clear CT: 0.2 ms]
   [Other: 1.4 ms]
      [Choose CSet: 0.0 ms]
      [Ref Proc: 0.2 ms]
      [Ref Enq: 0.0 ms]
      [Free CSet: 0.5 ms]
   [Eden: 570.0M(570.0M)->0.0B(537.0M) Survivors: 44.0M->77.0M Heap: 2747.5M(3072.0M)->2302.0M(3072.0M)]
 [Times: user=0.48 sys=0.00, real=0.12 secs] 
81.650: [GC pause (young) (to-space exhausted), 0.7480060 secs]
   [Parallel Time: 682.0 ms, GC Workers: 4]
      [GC Worker Start (ms): Min: 81650.1, Avg: 81650.2, Max: 81650.2, Diff: 0.1]
      [Ext Root Scanning (ms): Min: 3.0, Avg: 3.1, Max: 3.2, Diff: 0.2, Sum: 12.4]
      [SATB Filtering (ms): Min: 0.0, Avg: 0.0, Max: 0.0, Diff: 0.0, Sum: 0.0]
      [Update RS (ms): Min: 27.0, Avg: 27.3, Max: 28.1, Diff: 1.1, Sum: 109.2]
         [Processed Buffers: Min: 11, Avg: 16.5, Max: 24, Diff: 13, Sum: 66]
      [Scan RS (ms): Min: 11.4, Avg: 12.1, Max: 12.4, Diff: 1.0, Sum: 48.5]
      [Code Root Scanning (ms): Min: 0.0, Avg: 0.0, Max: 0.0, Diff: 0.0, Sum: 0.1]
      [Object Copy (ms): Min: 581.8, Avg: 604.2, Max: 639.3, Diff: 57.4, Sum: 2416.7]
      [Termination (ms): Min: 0.0, Avg: 35.2, Max: 57.5, Diff: 57.5, Sum: 140.8]
      [GC Worker Other (ms): Min: 0.0, Avg: 0.0, Max: 0.0, Diff: 0.0, Sum: 0.1]
      [GC Worker Total (ms): Min: 681.9, Avg: 681.9, Max: 682.0, Diff: 0.1, Sum: 2727.8]
      [GC Worker End (ms): Min: 82332.1, Avg: 82332.1, Max: 82332.1, Diff: 0.0]
   [Code Root Fixup: 0.0 ms]
   [Code Root Migration: 0.1 ms]
   [Clear CT: 0.2 ms]
   [Other: 65.7 ms]
      [Choose CSet: 0.0 ms]
      [Ref Proc: 0.4 ms]
      [Ref Enq: 0.0 ms]
      [Free CSet: 0.6 ms]
   [Eden: 537.0M(537.0M)->0.0B(537.0M) Survivors: 77.0M->77.0M Heap: 2853.0M(3072.0M)->2733.5M(3072.0M)]
 [Times: user=1.48 sys=0.39, real=0.75 secs] 
82.738: [GC pause (young) (to-space exhausted), 1.7646260 secs]
   [Parallel Time: 1633.2 ms, GC Workers: 4]
      [GC Worker Start (ms): Min: 82738.2, Avg: 82740.7, Max: 82744.0, Diff: 5.8]
      [Ext Root Scanning (ms): Min: 0.0, Avg: 6.9, Max: 18.9, Diff: 18.9, Sum: 27.5]
      [SATB Filtering (ms): Min: 0.0, Avg: 0.0, Max: 0.0, Diff: 0.0, Sum: 0.0]
      [Update RS (ms): Min: 31.4, Avg: 36.1, Max: 39.3, Diff: 7.9, Sum: 144.5]
         [Processed Buffers: Min: 5, Avg: 13.2, Max: 24, Diff: 19, Sum: 53]
      [Scan RS (ms): Min: 2.3, Avg: 7.3, Max: 10.2, Diff: 7.9, Sum: 29.1]
      [Code Root Scanning (ms): Min: 0.0, Avg: 0.0, Max: 0.0, Diff: 0.0, Sum: 0.1]
      [Object Copy (ms): Min: 1192.7, Avg: 1331.7, Max: 1580.0, Diff: 387.3, Sum: 5326.7]
      [Termination (ms): Min: 0.0, Avg: 248.3, Max: 387.1, Diff: 387.1, Sum: 993.3]
      [GC Worker Other (ms): Min: 0.0, Avg: 0.0, Max: 0.0, Diff: 0.0, Sum: 0.1]
      [GC Worker Total (ms): Min: 1627.1, Avg: 1630.3, Max: 1632.9, Diff: 5.8, Sum: 6521.3]
      [GC Worker End (ms): Min: 84371.0, Avg: 84371.0, Max: 84371.0, Diff: 0.0]
   [Code Root Fixup: 0.0 ms]
   [Code Root Migration: 0.1 ms]
   [Clear CT: 0.2 ms]
   [Other: 131.1 ms]
      [Choose CSet: 0.0 ms]
      [Ref Proc: 0.3 ms]
      [Ref Enq: 0.0 ms]
      [Free CSet: 0.2 ms]
   [Eden: 303.0M(537.0M)->0.0B(614.0M) Survivors: 77.0M->0.0B Heap: 3044.5M(3072.0M)->3044.5M(3072.0M)]
 [Times: user=2.92 sys=0.80, real=1.76 secs] 
84.519: [GC pause (young), 0.1280580 secs]
   [Parallel Time: 109.5 ms, GC Workers: 4]
      [GC Worker Start (ms): Min: 84519.6, Avg: 84519.6, Max: 84519.7, Diff: 0.1]
      [Ext Root Scanning (ms): Min: 4.8, Avg: 5.4, Max: 6.5, Diff: 1.7, Sum: 21.8]
      [SATB Filtering (ms): Min: 0.0, Avg: 0.0, Max: 0.0, Diff: 0.0, Sum: 0.0]
      [Update RS (ms): Min: 88.9, Avg: 95.3, Max: 103.9, Diff: 14.9, Sum: 381.2]
         [Processed Buffers: Min: 633, Avg: 771.5, Max: 831, Diff: 198, Sum: 3086]
      [Scan RS (ms): Min: 0.0, Avg: 0.0, Max: 0.0, Diff: 0.0, Sum: 0.0]
      [Code Root Scanning (ms): Min: 0.0, Avg: 0.0, Max: 0.0, Diff: 0.0, Sum: 0.0]
      [Object Copy (ms): Min: 0.0, Avg: 0.3, Max: 0.6, Diff: 0.6, Sum: 1.1]
      [Termination (ms): Min: 0.0, Avg: 8.1, Max: 13.5, Diff: 13.5, Sum: 32.4]
      [GC Worker Other (ms): Min: 0.0, Avg: 0.1, Max: 0.4, Diff: 0.4, Sum: 0.4]
      [GC Worker Total (ms): Min: 109.1, Avg: 109.3, Max: 109.3, Diff: 0.2, Sum: 437.0]
      [GC Worker End (ms): Min: 84628.8, Avg: 84628.9, Max: 84629.0, Diff: 0.2]
   [Code Root Fixup: 0.0 ms]
   [Code Root Migration: 0.0 ms]
   [Clear CT: 0.4 ms]
   [Other: 18.2 ms]
      [Choose CSet: 0.0 ms]
      [Ref Proc: 18.0 ms]
      [Ref Enq: 0.0 ms]
      [Free CSet: 0.0 ms]
   [Eden: 0.0B(614.0M)->0.0B(614.0M) Survivors: 0.0B->0.0B Heap: 3044.5M(3072.0M)->3044.5M(3072.0M)]
 [Times: user=0.48 sys=0.02, real=0.13 secs] 
84.649: [Full GC 3044M->1911M(3072M), 2.1987600 secs]
   [Eden: 0.0B(614.0M)->0.0B(614.0M) Survivors: 0.0B->0.0B Heap: 3044.5M(3072.0M)->1911.9M(3072.0M)], [Perm: 45335K->45335K(46080K)]
 [Times: user=2.69 sys=0.00, real=2.20 secs] 
86.848: [GC concurrent-mark-abort]
87.014: [GC pause (young) (initial-mark), 0.2108500 secs]
   [Parallel Time: 203.0 ms, GC Workers: 4]
      [GC Worker Start (ms): Min: 87014.7, Avg: 87018.2, Max: 87020.6, Diff: 5.9]
      [Ext Root Scanning (ms): Min: 5.3, Avg: 10.9, Max: 20.1, Diff: 14.8, Sum: 43.8]
      [Code Root Marking (ms): Min: 0.1, Avg: 0.3, Max: 0.9, Diff: 0.8, Sum: 1.2]
      [Update RS (ms): Min: 62.5, Avg: 69.1, Max: 76.8, Diff: 14.3, Sum: 276.2]
         [Processed Buffers: Min: 4, Avg: 9.5, Max: 24, Diff: 20, Sum: 38]
      [Scan RS (ms): Min: 0.0, Avg: 0.1, Max: 0.2, Diff: 0.2, Sum: 0.3]
      [Code Root Scanning (ms): Min: 0.0, Avg: 0.0, Max: 0.0, Diff: 0.0, Sum: 0.0]
      [Object Copy (ms): Min: 92.3, Avg: 97.8, Max: 107.4, Diff: 15.1, Sum: 391.1]
      [Termination (ms): Min: 0.0, Avg: 20.8, Max: 33.7, Diff: 33.7, Sum: 83.2]
      [GC Worker Other (ms): Min: 0.0, Avg: 0.0, Max: 0.0, Diff: 0.0, Sum: 0.1]
      [GC Worker Total (ms): Min: 196.6, Avg: 199.0, Max: 202.4, Diff: 5.8, Sum: 796.0]
      [GC Worker End (ms): Min: 87217.2, Avg: 87217.2, Max: 87217.2, Diff: 0.1]
   [Code Root Fixup: 0.0 ms]
   [Code Root Migration: 0.0 ms]
   [Clear CT: 0.2 ms]
   [Other: 7.6 ms]
      [Choose CSet: 0.0 ms]
      [Ref Proc: 6.2 ms]
      [Ref Enq: 0.0 ms]
      [Free CSet: 0.3 ms]
   [Eden: 292.0M(614.0M)->0.0B(537.0M) Survivors: 0.0B->77.0M Heap: 2203.9M(3072.0M)->2012.9M(3072.0M)]
 [Times: user=0.45 sys=0.03, real=0.21 secs] 
87.226: [GC concurrent-root-region-scan-start]
87.257: [GC concurrent-root-region-scan-end, 0.0309400 secs]
87.257: [GC concurrent-mark-start]
87.618: [GC pause (young), 0.0793900 secs]
   [Parallel Time: 77.8 ms, GC Workers: 4]
      [GC Worker Start (ms): Min: 87618.4, Avg: 87618.4, Max: 87618.5, Diff: 0.1]
      [Ext Root Scanning (ms): Min: 3.0, Avg: 3.1, Max: 3.3, Diff: 0.3, Sum: 12.3]
      [SATB Filtering (ms): Min: 0.0, Avg: 0.0, Max: 0.0, Diff: 0.0, Sum: 0.0]
      [Update RS (ms): Min: 12.2, Avg: 13.4, Max: 14.9, Diff: 2.7, Sum: 53.4]
         [Processed Buffers: Min: 6, Avg: 8.8, Max: 13, Diff: 7, Sum: 35]
      [Scan RS (ms): Min: 2.0, Avg: 3.4, Max: 4.4, Diff: 2.4, Sum: 13.7]
      [Code Root Scanning (ms): Min: 0.0, Avg: 0.0, Max: 0.1, Diff: 0.1, Sum: 0.1]
      [Object Copy (ms): Min: 57.6, Avg: 57.7, Max: 57.7, Diff: 0.1, Sum: 230.6]
      [Termination (ms): Min: 0.0, Avg: 0.0, Max: 0.0, Diff: 0.0, Sum: 0.0]
      [GC Worker Other (ms): Min: 0.0, Avg: 0.0, Max: 0.1, Diff: 0.0, Sum: 0.1]
      [GC Worker Total (ms): Min: 77.5, Avg: 77.6, Max: 77.6, Diff: 0.1, Sum: 310.2]
      [GC Worker End (ms): Min: 87696.0, Avg: 87696.0, Max: 87696.0, Diff: 0.0]
   [Code Root Fixup: 0.0 ms]
   [Code Root Migration: 0.1 ms]
   [Clear CT: 0.2 ms]
   [Other: 1.3 ms]
      [Choose CSet: 0.0 ms]
      [Ref Proc: 0.2 ms]
      [Ref Enq: 0.0 ms]
      [Free CSet: 0.5 ms]
   [Eden: 537.0M(537.0M)->0.0B(550.0M) Survivors: 77.0M->64.0M Heap: 2557.9M(3072.0M)->2084.9M(3072.0M)]
 [Times: user=0.31 sys=0.00, real=0.08 secs] 
88.086: [GC pause (young), 0.0640500 secs]
   [Parallel Time: 59.3 ms, GC Workers: 4]
      [GC Worker Start (ms): Min: 88085.9, Avg: 88086.2, Max: 88086.8, Diff: 0.9]
      [Ext Root Scanning (ms): Min: 2.6, Avg: 3.6, Max: 4.7, Diff: 2.1, Sum: 14.6]
      [SATB Filtering (ms): Min: 0.0, Avg: 0.0, Max: 0.0, Diff: 0.0, Sum: 0.0]
      [Update RS (ms): Min: 14.4, Avg: 15.1, Max: 16.1, Diff: 1.6, Sum: 60.4]
         [Processed Buffers: Min: 7, Avg: 11.5, Max: 23, Diff: 16, Sum: 46]
      [Scan RS (ms): Min: 0.3, Avg: 1.1, Max: 3.4, Diff: 3.1, Sum: 4.4]
      [Code Root Scanning (ms): Min: 0.0, Avg: 0.0, Max: 0.1, Diff: 0.1, Sum: 0.1]
      [Object Copy (ms): Min: 37.6, Avg: 38.2, Max: 38.5, Diff: 0.9, Sum: 153.0]
      [Termination (ms): Min: 0.0, Avg: 0.7, Max: 1.0, Diff: 1.0, Sum: 2.9]
      [GC Worker Other (ms): Min: 0.0, Avg: 0.0, Max: 0.0, Diff: 0.0, Sum: 0.1]
      [GC Worker Total (ms): Min: 58.3, Avg: 58.9, Max: 59.1, Diff: 0.8, Sum: 235.4]
      [GC Worker End (ms): Min: 88145.0, Avg: 88145.0, Max: 88145.1, Diff: 0.1]
   [Code Root Fixup: 0.0 ms]
   [Code Root Migration: 0.2 ms]
   [Clear CT: 0.4 ms]
   [Other: 4.2 ms]
      [Choose CSet: 0.0 ms]
      [Ref Proc: 2.8 ms]
      [Ref Enq: 0.0 ms]
      [Free CSet: 0.9 ms]
   [Eden: 550.0M(550.0M)->0.0B(573.0M) Survivors: 64.0M->41.0M Heap: 2634.9M(3072.0M)->2125.9M(3072.0M)]
 [Times: user=0.24 sys=0.00, real=0.07 secs] 
88.550: [GC pause (young), 0.0338720 secs]
   [Parallel Time: 32.4 ms, GC Workers: 4]
      [GC Worker Start (ms): Min: 88549.8, Avg: 88549.9, Max: 88550.0, Diff: 0.2]
      [Ext Root Scanning (ms): Min: 2.9, Avg: 3.0, Max: 3.1, Diff: 0.2, Sum: 12.0]
      [SATB Filtering (ms): Min: 0.0, Avg: 0.0, Max: 0.0, Diff: 0.0, Sum: 0.0]
      [Update RS (ms): Min: 3.5, Avg: 3.7, Max: 4.0, Diff: 0.6, Sum: 14.7]
         [Processed Buffers: Min: 7, Avg: 10.8, Max: 20, Diff: 13, Sum: 43]
      [Scan RS (ms): Min: 1.5, Avg: 1.9, Max: 2.1, Diff: 0.6, Sum: 7.5]
      [Code Root Scanning (ms): Min: 0.0, Avg: 0.0, Max: 0.0, Diff: 0.0, Sum: 0.1]
      [Object Copy (ms): Min: 23.6, Avg: 23.7, Max: 23.7, Diff: 0.1, Sum: 94.6]
      [Termination (ms): Min: 0.0, Avg: 0.0, Max: 0.0, Diff: 0.0, Sum: 0.1]
      [GC Worker Other (ms): Min: 0.0, Avg: 0.0, Max: 0.0, Diff: 0.0, Sum: 0.1]
      [GC Worker Total (ms): Min: 32.2, Avg: 32.3, Max: 32.4, Diff: 0.1, Sum: 129.1]
      [GC Worker End (ms): Min: 88582.2, Avg: 88582.2, Max: 88582.2, Diff: 0.0]
   [Code Root Fixup: 0.0 ms]
   [Code Root Migration: 0.1 ms]
   [Clear CT: 0.4 ms]
   [Other: 1.0 ms]
      [Choose CSet: 0.0 ms]
      [Ref Proc: 0.2 ms]
      [Ref Enq: 0.0 ms]
      [Free CSet: 0.4 ms]
   [Eden: 573.0M(573.0M)->0.0B(595.0M) Survivors: 41.0M->19.0M Heap: 2698.9M(3072.0M)->2144.9M(3072.0M)]
 [Times: user=0.13 sys=0.00, real=0.03 secs] 
88.796: [GC pause (young), 0.0374830 secs]
   [Parallel Time: 26.9 ms, GC Workers: 4]
      [GC Worker Start (ms): Min: 88795.8, Avg: 88795.9, Max: 88796.3, Diff: 0.5]
      [Ext Root Scanning (ms): Min: 1.4, Avg: 5.3, Max: 7.8, Diff: 6.4, Sum: 21.4]
      [SATB Filtering (ms): Min: 0.0, Avg: 0.0, Max: 0.0, Diff: 0.0, Sum: 0.0]
      [Update RS (ms): Min: 1.8, Avg: 5.5, Max: 11.4, Diff: 9.6, Sum: 22.0]
         [Processed Buffers: Min: 2, Avg: 8.8, Max: 23, Diff: 21, Sum: 35]
      [Scan RS (ms): Min: 0.0, Avg: 0.2, Max: 0.3, Diff: 0.3, Sum: 0.8]
      [Code Root Scanning (ms): Min: 0.0, Avg: 0.0, Max: 0.0, Diff: 0.0, Sum: 0.1]
      [Object Copy (ms): Min: 8.0, Avg: 14.7, Max: 23.1, Diff: 15.1, Sum: 58.7]
      [Termination (ms): Min: 0.0, Avg: 0.9, Max: 1.2, Diff: 1.2, Sum: 3.4]
      [GC Worker Other (ms): Min: 0.0, Avg: 0.0, Max: 0.0, Diff: 0.0, Sum: 0.1]
      [GC Worker Total (ms): Min: 26.3, Avg: 26.6, Max: 26.8, Diff: 0.5, Sum: 106.5]
      [GC Worker End (ms): Min: 88822.6, Avg: 88822.6, Max: 88822.6, Diff: 0.0]
   [Code Root Fixup: 0.0 ms]
   [Code Root Migration: 0.1 ms]
   [Clear CT: 0.6 ms]
   [Other: 9.9 ms]
      [Choose CSet: 0.0 ms]
      [Ref Proc: 9.3 ms]
      [Ref Enq: 0.0 ms]
      [Free CSet: 0.5 ms]
   [Eden: 595.0M(595.0M)->0.0B(595.0M) Survivors: 19.0M->19.0M Heap: 2739.9M(3072.0M)->2144.9M(3072.0M)]
 [Times: user=0.13 sys=0.01, real=0.04 secs] 
89.053: [GC pause (young), 0.0273500 secs]
   [Parallel Time: 23.3 ms, GC Workers: 4]
      [GC Worker Start (ms): Min: 89053.2, Avg: 89056.3, Max: 89061.7, Diff: 8.6]
      [Ext Root Scanning (ms): Min: 0.0, Avg: 4.3, Max: 7.9, Diff: 7.9, Sum: 17.3]
      [SATB Filtering (ms): Min: 0.0, Avg: 0.0, Max: 0.0, Diff: 0.0, Sum: 0.0]
      [Update RS (ms): Min: 0.6, Avg: 1.6, Max: 2.7, Diff: 2.1, Sum: 6.3]
         [Processed Buffers: Min: 1, Avg: 4.8, Max: 15, Diff: 14, Sum: 19]
      [Scan RS (ms): Min: 0.0, Avg: 0.2, Max: 0.3, Diff: 0.2, Sum: 0.6]
      [Code Root Scanning (ms): Min: 0.0, Avg: 0.0, Max: 0.0, Diff: 0.0, Sum: 0.1]
      [Object Copy (ms): Min: 11.7, Avg: 12.1, Max: 12.9, Diff: 1.2, Sum: 48.2]
      [Termination (ms): Min: 0.0, Avg: 1.0, Max: 1.4, Diff: 1.4, Sum: 3.9]
      [GC Worker Other (ms): Min: 0.0, Avg: 0.0, Max: 0.0, Diff: 0.0, Sum: 0.1]
      [GC Worker Total (ms): Min: 13.9, Avg: 19.1, Max: 22.2, Diff: 8.3, Sum: 76.4]
      [GC Worker End (ms): Min: 89075.3, Avg: 89075.4, Max: 89075.6, Diff: 0.3]
   [Code Root Fixup: 0.0 ms]
   [Code Root Migration: 0.1 ms]
   [Clear CT: 0.5 ms]
   [Other: 3.4 ms]
      [Choose CSet: 0.0 ms]
      [Ref Proc: 2.6 ms]
      [Ref Enq: 0.0 ms]
      [Free CSet: 0.8 ms]
   [Eden: 595.0M(595.0M)->0.0B(595.0M) Survivors: 19.0M->19.0M Heap: 2739.9M(3072.0M)->2144.9M(3072.0M)]
 [Times: user=0.09 sys=0.01, real=0.03 secs] 
89.353: [GC pause (young), 0.0285390 secs]
   [Parallel Time: 27.5 ms, GC Workers: 4]
      [GC Worker Start (ms): Min: 89352.9, Avg: 89354.5, Max: 89357.9, Diff: 5.0]
      [Ext Root Scanning (ms): Min: 1.3, Avg: 4.6, Max: 5.9, Diff: 4.6, Sum: 18.6]
      [SATB Filtering (ms): Min: 0.0, Avg: 0.0, Max: 0.0, Diff: 0.0, Sum: 0.0]
      [Update RS (ms): Min: 0.8, Avg: 9.5, Max: 17.8, Diff: 17.1, Sum: 38.0]
         [Processed Buffers: Min: 1, Avg: 4.5, Max: 14, Diff: 13, Sum: 18]
      [Scan RS (ms): Min: 0.0, Avg: 0.1, Max: 0.4, Diff: 0.4, Sum: 0.6]
      [Code Root Scanning (ms): Min: 0.0, Avg: 0.0, Max: 0.1, Diff: 0.1, Sum: 0.1]
      [Object Copy (ms): Min: 3.8, Avg: 10.1, Max: 16.5, Diff: 12.7, Sum: 40.5]
      [Termination (ms): Min: 0.0, Avg: 1.3, Max: 2.6, Diff: 2.6, Sum: 5.3]
      [GC Worker Other (ms): Min: 0.0, Avg: 0.0, Max: 0.0, Diff: 0.0, Sum: 0.1]
      [GC Worker Total (ms): Min: 22.3, Avg: 25.8, Max: 27.3, Diff: 5.0, Sum: 103.2]
      [GC Worker End (ms): Min: 89380.3, Avg: 89380.3, Max: 89380.3, Diff: 0.0]
   [Code Root Fixup: 0.0 ms]
   [Code Root Migration: 0.1 ms]
   [Clear CT: 0.2 ms]
   [Other: 0.7 ms]
      [Choose CSet: 0.0 ms]
      [Ref Proc: 0.2 ms]
      [Ref Enq: 0.0 ms]
      [Free CSet: 0.4 ms]
   [Eden: 595.0M(595.0M)->0.0B(594.0M) Survivors: 19.0M->20.0M Heap: 2739.9M(3072.0M)->2145.4M(3072.0M)]
 [Times: user=0.08 sys=0.02, real=0.03 secs] 
89.664: [GC pause (young), 0.0498070 secs]
   [Parallel Time: 34.5 ms, GC Workers: 4]
      [GC Worker Start (ms): Min: 89664.6, Avg: 89668.2, Max: 89678.7, Diff: 14.1]
      [Ext Root Scanning (ms): Min: 0.0, Avg: 3.1, Max: 4.6, Diff: 4.6, Sum: 12.4]
      [SATB Filtering (ms): Min: 0.0, Avg: 0.0, Max: 0.0, Diff: 0.0, Sum: 0.0]
      [Update RS (ms): Min: 0.0, Avg: 1.6, Max: 2.9, Diff: 2.9, Sum: 6.4]
         [Processed Buffers: Min: 0, Avg: 2.8, Max: 6, Diff: 6, Sum: 11]
      [Scan RS (ms): Min: 0.0, Avg: 0.2, Max: 0.3, Diff: 0.3, Sum: 0.7]
      [Code Root Scanning (ms): Min: 0.0, Avg: 0.0, Max: 0.0, Diff: 0.0, Sum: 0.1]
      [Object Copy (ms): Min: 2.8, Avg: 12.7, Max: 27.0, Diff: 24.3, Sum: 50.8]
      [Termination (ms): Min: 0.0, Avg: 12.8, Max: 17.1, Diff: 17.1, Sum: 51.0]
      [GC Worker Other (ms): Min: 0.0, Avg: 0.0, Max: 0.0, Diff: 0.0, Sum: 0.1]
      [GC Worker Total (ms): Min: 19.8, Avg: 30.4, Max: 34.0, Diff: 14.2, Sum: 121.4]
      [GC Worker End (ms): Min: 89698.3, Avg: 89698.5, Max: 89698.6, Diff: 0.3]
   [Code Root Fixup: 0.0 ms]
   [Code Root Migration: 0.1 ms]
   [Clear CT: 0.3 ms]
   [Other: 14.9 ms]
      [Choose CSet: 0.0 ms]
      [Ref Proc: 14.2 ms]
      [Ref Enq: 0.0 ms]
      [Free CSet: 0.5 ms]
   [Eden: 594.0M(594.0M)->0.0B(595.0M) Survivors: 20.0M->19.0M Heap: 2739.4M(3072.0M)->2144.9M(3072.0M)]
 [Times: user=0.15 sys=0.01, real=0.05 secs] 
90.036: [GC pause (young), 0.0154050 secs]
   [Parallel Time: 14.1 ms, GC Workers: 4]
      [GC Worker Start (ms): Min: 90036.1, Avg: 90037.2, Max: 90038.9, Diff: 2.8]
      [Ext Root Scanning (ms): Min: 2.4, Avg: 4.1, Max: 5.3, Diff: 2.9, Sum: 16.5]
      [SATB Filtering (ms): Min: 0.0, Avg: 0.0, Max: 0.0, Diff: 0.0, Sum: 0.0]
      [Update RS (ms): Min: 1.1, Avg: 1.6, Max: 1.9, Diff: 0.9, Sum: 6.4]
         [Processed Buffers: Min: 2, Avg: 5.2, Max: 10, Diff: 8, Sum: 21]
      [Scan RS (ms): Min: 0.0, Avg: 0.1, Max: 0.2, Diff: 0.2, Sum: 0.6]
      [Code Root Scanning (ms): Min: 0.0, Avg: 0.0, Max: 0.0, Diff: 0.0, Sum: 0.1]
      [Object Copy (ms): Min: 6.8, Avg: 6.9, Max: 7.1, Diff: 0.3, Sum: 27.6]
      [Termination (ms): Min: 0.0, Avg: 0.0, Max: 0.0, Diff: 0.0, Sum: 0.0]
      [GC Worker Other (ms): Min: 0.0, Avg: 0.0, Max: 0.1, Diff: 0.0, Sum: 0.2]
      [GC Worker Total (ms): Min: 11.1, Avg: 12.8, Max: 14.0, Diff: 2.8, Sum: 51.4]
      [GC Worker End (ms): Min: 90050.0, Avg: 90050.1, Max: 90050.1, Diff: 0.0]
   [Code Root Fixup: 0.0 ms]
   [Code Root Migration: 0.1 ms]
   [Clear CT: 0.2 ms]
   [Other: 1.0 ms]
      [Choose CSet: 0.0 ms]
      [Ref Proc: 0.2 ms]
      [Ref Enq: 0.0 ms]
      [Free CSet: 0.7 ms]
   [Eden: 595.0M(595.0M)->0.0B(595.0M) Survivors: 19.0M->19.0M Heap: 2739.9M(3072.0M)->2144.4M(3072.0M)]
 [Times: user=0.06 sys=0.00, real=0.02 secs] 
90.288: [GC pause (young), 0.0129170 secs]
   [Parallel Time: 11.8 ms, GC Workers: 4]
      [GC Worker Start (ms): Min: 90288.2, Avg: 90288.2, Max: 90288.2, Diff: 0.1]
      [Ext Root Scanning (ms): Min: 3.0, Avg: 3.2, Max: 3.6, Diff: 0.6, Sum: 12.9]
      [SATB Filtering (ms): Min: 0.0, Avg: 0.0, Max: 0.0, Diff: 0.0, Sum: 0.0]
      [Update RS (ms): Min: 1.4, Avg: 1.5, Max: 1.8, Diff: 0.3, Sum: 6.2]
         [Processed Buffers: Min: 1, Avg: 3.5, Max: 8, Diff: 7, Sum: 14]
      [Scan RS (ms): Min: 0.0, Avg: 0.2, Max: 0.2, Diff: 0.2, Sum: 0.6]
      [Code Root Scanning (ms): Min: 0.0, Avg: 0.0, Max: 0.0, Diff: 0.0, Sum: 0.1]
      [Object Copy (ms): Min: 6.1, Avg: 6.5, Max: 6.7, Diff: 0.6, Sum: 26.1]
      [Termination (ms): Min: 0.0, Avg: 0.0, Max: 0.0, Diff: 0.0, Sum: 0.0]
      [GC Worker Other (ms): Min: 0.0, Avg: 0.0, Max: 0.1, Diff: 0.1, Sum: 0.1]
      [GC Worker Total (ms): Min: 11.5, Avg: 11.5, Max: 11.6, Diff: 0.0, Sum: 46.1]
      [GC Worker End (ms): Min: 90299.7, Avg: 90299.7, Max: 90299.8, Diff: 0.1]
   [Code Root Fixup: 0.0 ms]
   [Code Root Migration: 0.1 ms]
   [Clear CT: 0.2 ms]
   [Other: 0.8 ms]
      [Choose CSet: 0.0 ms]
      [Ref Proc: 0.2 ms]
      [Ref Enq: 0.0 ms]
      [Free CSet: 0.5 ms]
   [Eden: 595.0M(595.0M)->0.0B(595.0M) Survivors: 19.0M->19.0M Heap: 2739.4M(3072.0M)->2144.9M(3072.0M)]
 [Times: user=0.05 sys=0.00, real=0.02 secs] 
90.501: [GC concurrent-mark-end, 3.2446070 secs]
90.503: [GC remark 90.512: [GC ref-proc, 0.0003450 secs], 0.0178000 secs]
 [Times: user=0.05 sys=0.01, real=0.02 secs] 
90.522: [GC cleanup 2553M->2553M(3072M), 0.0048700 secs]
 [Times: user=0.01 sys=0.00, real=0.00 secs] 
90.585: [GC pause (young), 0.0131970 secs]
   [Parallel Time: 11.7 ms, GC Workers: 4]
      [GC Worker Start (ms): Min: 90585.5, Avg: 90585.6, Max: 90586.0, Diff: 0.5]
      [Ext Root Scanning (ms): Min: 3.0, Avg: 3.3, Max: 3.5, Diff: 0.5, Sum: 13.1]
      [Update RS (ms): Min: 1.5, Avg: 1.6, Max: 1.7, Diff: 0.2, Sum: 6.5]
         [Processed Buffers: Min: 1, Avg: 4.2, Max: 11, Diff: 10, Sum: 17]
      [Scan RS (ms): Min: 0.1, Avg: 0.2, Max: 0.2, Diff: 0.2, Sum: 0.7]
      [Code Root Scanning (ms): Min: 0.0, Avg: 0.0, Max: 0.0, Diff: 0.0, Sum: 0.1]
      [Object Copy (ms): Min: 6.0, Avg: 6.1, Max: 6.2, Diff: 0.1, Sum: 24.4]
      [Termination (ms): Min: 0.0, Avg: 0.0, Max: 0.0, Diff: 0.0, Sum: 0.0]
      [GC Worker Other (ms): Min: 0.0, Avg: 0.0, Max: 0.0, Diff: 0.0, Sum: 0.1]
      [GC Worker Total (ms): Min: 10.8, Avg: 11.2, Max: 11.4, Diff: 0.5, Sum: 44.9]
      [GC Worker End (ms): Min: 90596.8, Avg: 90596.8, Max: 90596.9, Diff: 0.0]
   [Code Root Fixup: 0.0 ms]
   [Code Root Migration: 0.1 ms]
   [Clear CT: 0.6 ms]
   [Other: 0.8 ms]
      [Choose CSet: 0.0 ms]
      [Ref Proc: 0.3 ms]
      [Ref Enq: 0.0 ms]
      [Free CSet: 0.4 ms]
   [Eden: 595.0M(595.0M)->0.0B(595.0M) Survivors: 19.0M->19.0M Heap: 2739.9M(3072.0M)->2144.9M(3072.0M)]
 [Times: user=0.04 sys=0.00, real=0.02 secs] 
90.776: [GC pause (young), 0.0127700 secs]
   [Parallel Time: 11.7 ms, GC Workers: 4]
      [GC Worker Start (ms): Min: 90775.6, Avg: 90775.6, Max: 90775.7, Diff: 0.1]
      [Ext Root Scanning (ms): Min: 3.0, Avg: 3.2, Max: 3.4, Diff: 0.4, Sum: 12.7]
      [Update RS (ms): Min: 1.4, Avg: 1.6, Max: 1.6, Diff: 0.2, Sum: 6.3]
         [Processed Buffers: Min: 1, Avg: 3.5, Max: 10, Diff: 9, Sum: 14]
      [Scan RS (ms): Min: 0.0, Avg: 0.1, Max: 0.3, Diff: 0.2, Sum: 0.6]
      [Code Root Scanning (ms): Min: 0.0, Avg: 0.0, Max: 0.0, Diff: 0.0, Sum: 0.1]
      [Object Copy (ms): Min: 6.4, Avg: 6.5, Max: 6.5, Diff: 0.1, Sum: 25.8]
      [Termination (ms): Min: 0.0, Avg: 0.0, Max: 0.1, Diff: 0.1, Sum: 0.1]
      [GC Worker Other (ms): Min: 0.0, Avg: 0.0, Max: 0.1, Diff: 0.0, Sum: 0.1]
      [GC Worker Total (ms): Min: 11.4, Avg: 11.4, Max: 11.5, Diff: 0.1, Sum: 45.7]
      [GC Worker End (ms): Min: 90787.0, Avg: 90787.1, Max: 90787.1, Diff: 0.1]
   [Code Root Fixup: 0.0 ms]
   [Code Root Migration: 0.1 ms]
   [Clear CT: 0.2 ms]
   [Other: 0.8 ms]
      [Choose CSet: 0.0 ms]
      [Ref Proc: 0.2 ms]
      [Ref Enq: 0.0 ms]
      [Free CSet: 0.5 ms]
   [Eden: 595.0M(595.0M)->0.0B(595.0M) Survivors: 19.0M->19.0M Heap: 2739.9M(3072.0M)->2144.9M(3072.0M)]
 [Times: user=0.05 sys=0.00, real=0.01 secs] 
90.973: [GC pause (young) (initial-mark), 0.0171620 secs]
   [Parallel Time: 15.4 ms, GC Workers: 4]
      [GC Worker Start (ms): Min: 90973.4, Avg: 90973.4, Max: 90973.4, Diff: 0.1]
      [Ext Root Scanning (ms): Min: 5.3, Avg: 6.1, Max: 7.4, Diff: 2.0, Sum: 24.4]
      [Code Root Marking (ms): Min: 0.1, Avg: 0.3, Max: 0.7, Diff: 0.6, Sum: 1.3]
      [Update RS (ms): Min: 1.4, Avg: 2.0, Max: 2.5, Diff: 1.1, Sum: 7.8]
         [Processed Buffers: Min: 1, Avg: 5.5, Max: 18, Diff: 17, Sum: 22]
      [Scan RS (ms): Min: 0.0, Avg: 0.1, Max: 0.4, Diff: 0.4, Sum: 0.6]
      [Code Root Scanning (ms): Min: 0.0, Avg: 0.0, Max: 0.0, Diff: 0.0, Sum: 0.1]
      [Object Copy (ms): Min: 6.3, Avg: 6.7, Max: 7.4, Diff: 1.1, Sum: 26.7]
      [Termination (ms): Min: 0.0, Avg: 0.0, Max: 0.0, Diff: 0.0, Sum: 0.0]
      [GC Worker Other (ms): Min: 0.0, Avg: 0.0, Max: 0.0, Diff: 0.0, Sum: 0.1]
      [GC Worker Total (ms): Min: 15.2, Avg: 15.2, Max: 15.2, Diff: 0.1, Sum: 60.9]
      [GC Worker End (ms): Min: 90988.6, Avg: 90988.6, Max: 90988.6, Diff: 0.0]
   [Code Root Fixup: 0.0 ms]
   [Code Root Migration: 0.1 ms]
   [Clear CT: 0.2 ms]
   [Other: 1.4 ms]
      [Choose CSet: 0.0 ms]
      [Ref Proc: 0.2 ms]
      [Ref Enq: 0.0 ms]
      [Free CSet: 0.8 ms]
   [Eden: 595.0M(595.0M)->0.0B(595.0M) Survivors: 19.0M->19.0M Heap: 2739.9M(3072.0M)->2144.9M(3072.0M)]
 [Times: user=0.07 sys=0.00, real=0.02 secs] 
90.991: [GC concurrent-root-region-scan-start]
90.997: [GC concurrent-root-region-scan-end, 0.0060340 secs]
90.997: [GC concurrent-mark-start]
Heap
 garbage-first heap   total 3145728K, used 2617289K [0x0000000730000000, 0x00000007f0000000, 0x00000007f0000000)
  region size 1024K, 431 young (441344K), 19 survivors (19456K)
 compacting perm gen  total 46080K, used 46011K [0x00000007f0000000, 0x00000007f2d00000, 0x0000000800000000)
   the space 46080K,  99% used [0x00000007f0000000, 0x00000007f2ceeda8, 0x00000007f2ceee00, 0x00000007f2d00000)
No shared spaces configured.
