Java HotSpot(TM) 64-Bit Server VM (24.79-b02) for linux-amd64 JRE (1.7.0_79-b15), built on Apr 10 2015 11:34:48 by "java_re" with gcc 4.3.0 20080428 (Red Hat 4.3.0-8)
Memory: 4k page, physical 8046080k(2920652k free), swap 2097148k(2097148k free)
CommandLine flags: -XX:InitialHeapSize=1073741824 -XX:MaxHeapSize=1073741824 -XX:MaxPermSize=268435456 -XX:+PrintGC -XX:+PrintGCDetails -XX:+PrintGCTimeStamps -XX:+UseCompressedOops -XX:+UseParallelGC 
#8.970: GC发生时间，表示虚拟机启动后的8.970秒发生了GC
#[PSYoungGen: 262656K->43509K(306176K)]：年轻代262656K降低到43509K，年轻代总共可用空间为306176K
#262656K->56298K(1005568K), 1.2243680 secs ：整个堆内存从262656K降低到56298K，总共可用1005568K，GC用时1.2243680 secs
#[Times: user=1.17 sys=3.07, real=1.23 secs] ：用户CPU耗时user=1.17，系统CPU豪时sys=3.07，GC实际经历的时间real=1.23 secs
8.970: [GC [PSYoungGen: 262656K->43509K(306176K)] 262656K->56298K(1005568K), 1.2243680 secs] [Times: user=1.17 sys=3.07, real=1.23 secs] 
20.470: [GC [PSYoungGen: 306165K->43488K(306176K)] 318954K->122551K(1005568K), 3.2954230 secs] [Times: user=0.87 sys=10.41, real=3.30 secs] 
24.284: [GC [PSYoungGen: 306144K->43492K(306176K)] 385207K->149166K(1005568K), 0.7673370 secs] [Times: user=0.57 sys=2.42, real=0.76 secs] 
25.333: [GC [PSYoungGen: 306148K->43491K(306176K)] 411822K->188895K(1005568K), 1.2620580 secs] [Times: user=0.68 sys=4.34, real=1.26 secs] 
26.873: [GC [PSYoungGen: 306147K->43507K(306176K)] 451551K->275241K(1005568K), 2.6727900 secs] [Times: user=0.60 sys=8.31, real=2.68 secs] 
29.652: [GC [PSYoungGen: 306163K->43491K(160768K)] 537897K->366414K(860160K), 4.0169470 secs] [Times: user=1.27 sys=11.18, real=4.02 secs] 
33.726: [GC [PSYoungGen: 160739K->45939K(233472K)] 483662K->406274K(932864K), 0.7221270 secs] [Times: user=1.48 sys=1.34, real=0.73 secs] 
34.492: [GC [PSYoungGen: 163187K->84800K(233472K)] 523522K->446226K(932864K), 0.1610550 secs] [Times: user=0.34 sys=0.29, real=0.16 secs] 
34.698: [GC [PSYoungGen: 202048K->116192K(233472K)] 563474K->489986K(932864K), 0.3550460 secs] [Times: user=0.54 sys=0.84, real=0.35 secs] 
35.102: [GC [PSYoungGen: 233440K->85504K(233472K)] 607234K->530090K(932864K), 1.6758930 secs] [Times: user=0.52 sys=6.12, real=1.68 secs] 
36.885: [GC [PSYoungGen: 202752K->28694K(233472K)] 647338K->559129K(932864K), 1.8670710 secs] [Times: user=0.47 sys=5.97, real=1.87 secs] 
38.789: [GC [PSYoungGen: 145942K->1312K(233472K)] 676377K->560482K(932864K), 0.6975690 secs] [Times: user=0.26 sys=2.09, real=0.70 secs] 
39.519: [GC [PSYoungGen: 118560K->1632K(233472K)] 677730K->562082K(932864K), 0.0313270 secs] [Times: user=0.12 sys=0.00, real=0.03 secs] 
39.578: [GC [PSYoungGen: 118880K->704K(233472K)] 679330K->562754K(932864K), 0.0070200 secs] [Times: user=0.03 sys=0.00, real=0.00 secs] 
39.608: [GC [PSYoungGen: 117952K->640K(233472K)] 680002K->563346K(932864K), 0.0057920 secs] [Times: user=0.02 sys=0.00, real=0.00 secs] 
39.639: [GC [PSYoungGen: 117888K->640K(233472K)] 680594K->563978K(932864K), 0.0046050 secs] [Times: user=0.02 sys=0.00, real=0.00 secs] 
39.668: [GC [PSYoungGen: 117888K->640K(233472K)] 681226K->564570K(932864K), 0.0297870 secs] [Times: user=0.12 sys=0.00, real=0.03 secs] 
39.720: [GC [PSYoungGen: 117888K->640K(233472K)] 681818K->565170K(932864K), 0.0167730 secs] [Times: user=0.03 sys=0.00, real=0.01 secs] 
39.760: [GC [PSYoungGen: 117888K->672K(233472K)] 682418K->565754K(932864K), 0.0110290 secs] [Times: user=0.03 sys=0.00, real=0.01 secs] 
39.795: [GC [PSYoungGen: 117920K->672K(233472K)] 683002K->566354K(932864K), 0.0085480 secs] [Times: user=0.03 sys=0.00, real=0.01 secs] 
39.830: [GC [PSYoungGen: 117920K->768K(233472K)] 683602K->567098K(932864K), 0.0085480 secs] [Times: user=0.02 sys=0.00, real=0.01 secs] 
39.871: [GC [PSYoungGen: 118016K->832K(233472K)] 684346K->567874K(932864K), 0.0048160 secs] [Times: user=0.01 sys=0.00, real=0.00 secs] 
39.911: [GC [PSYoungGen: 118080K->864K(233472K)] 685122K->568698K(932864K), 0.0560540 secs] [Times: user=0.21 sys=0.00, real=0.05 secs] 
39.997: [GC [PSYoungGen: 118112K->832K(233472K)] 685946K->569466K(932864K), 0.0045310 secs] [Times: user=0.01 sys=0.00, real=0.01 secs] 
40.035: [GC [PSYoungGen: 118080K->992K(233472K)] 686714K->570394K(932864K), 0.0052170 secs] [Times: user=0.01 sys=0.00, real=0.01 secs] 
40.077: [GC [PSYoungGen: 118240K->1056K(236544K)] 687642K->571378K(935936K), 0.0287530 secs] [Times: user=0.11 sys=0.00, real=0.03 secs] 
40.145: [GC [PSYoungGen: 121376K->1088K(233472K)] 691698K->572394K(932864K), 0.0049290 secs] [Times: user=0.02 sys=0.00, real=0.01 secs] 
40.238: [GC [PSYoungGen: 121408K->704K(249344K)] 692714K->573026K(948736K), 0.0086880 secs] [Times: user=0.02 sys=0.00, real=0.01 secs] 
40.489: [GC [PSYoungGen: 143552K->2656K(243200K)] 715874K->575658K(942592K), 0.0123620 secs] [Times: user=0.04 sys=0.00, real=0.01 secs] 
40.575: [GC [PSYoungGen: 145504K->1536K(261632K)] 718506K->577178K(961024K), 0.0704400 secs] [Times: user=0.24 sys=0.00, real=0.07 secs] 
40.697: [GC [PSYoungGen: 169472K->1408K(256000K)] 745114K->578570K(955392K), 0.0055210 secs] [Times: user=0.02 sys=0.00, real=0.01 secs] 
40.753: [GC [PSYoungGen: 169344K->1408K(272384K)] 746506K->579882K(971776K), 0.0973030 secs] [Times: user=0.38 sys=0.00, real=0.10 secs] 
40.911: [GC [PSYoungGen: 191360K->1440K(267264K)] 769834K->581218K(966656K), 0.0053700 secs] [Times: user=0.02 sys=0.00, real=0.00 secs] 
40.978: [GC [PSYoungGen: 191392K->1568K(282624K)] 771170K->582746K(982016K), 0.0071180 secs] [Times: user=0.03 sys=0.00, real=0.00 secs] 
41.059: [GC [PSYoungGen: 212000K->6272K(277504K)] 793178K->589010K(976896K), 0.0862650 secs] [Times: user=0.32 sys=0.00, real=0.08 secs] 
41.210: [GC [PSYoungGen: 216704K->14240K(291328K)] 799442K->603194K(990720K), 0.1971820 secs] [Times: user=0.77 sys=0.00, real=0.20 secs] 
41.460: [GC [PSYoungGen: 243616K->1824K(287744K)] 832570K->605018K(987136K), 0.3014700 secs] [Times: user=0.60 sys=0.60, real=0.30 secs] 
41.825: [GC [PSYoungGen: 231200K->64K(297984K)] 834394K->605042K(997376K), 0.0086230 secs] [Times: user=0.03 sys=0.00, real=0.01 secs] 
41.894: [GC [PSYoungGen: 243264K->64K(294912K)] 848242K->605058K(994304K), 0.0041220 secs] [Times: user=0.01 sys=0.00, real=0.01 secs] 
41.953: [GC [PSYoungGen: 243264K->64K(304128K)] 848258K->605074K(1003520K), 0.0116460 secs] [Times: user=0.04 sys=0.00, real=0.01 secs] 
42.026: [GC [PSYoungGen: 255552K->64K(301056K)] 860562K->605082K(1000448K), 0.0038960 secs] [Times: user=0.02 sys=0.00, real=0.01 secs] 
42.085: [GC [PSYoungGen: 255552K->96K(309760K)] 860570K->605122K(1009152K), 0.0040900 secs] [Times: user=0.02 sys=0.00, real=0.01 secs] 
42.150: [GC [PSYoungGen: 267360K->96K(307200K)] 872386K->605138K(1006592K), 0.0053010 secs] [Times: user=0.01 sys=0.00, real=0.00 secs] 
42.218: [GC [PSYoungGen: 267360K->96K(314880K)] 872402K->605146K(1014272K), 0.0039220 secs] [Times: user=0.01 sys=0.00, real=0.00 secs] 
42.292: [GC [PSYoungGen: 277600K->96K(312320K)] 882650K->605162K(1011712K), 0.0052800 secs] [Times: user=0.02 sys=0.00, real=0.00 secs] 
42.364: [GC [PSYoungGen: 277600K->64K(319488K)] 882666K->605146K(1018880K), 0.0088340 secs] [Times: user=0.02 sys=0.00, real=0.01 secs] 
42.445: [GC [PSYoungGen: 287296K->64K(317440K)] 892378K->605154K(1016832K), 0.0039960 secs] [Times: user=0.02 sys=0.00, real=0.01 secs] 
42.526: [GC [PSYoungGen: 287296K->128K(323584K)] 892386K->605226K(1022976K), 0.0039920 secs] [Times: user=0.01 sys=0.00, real=0.01 secs] 
42.662: [GC [PSYoungGen: 295552K->10496K(321536K)] 900650K->615610K(1020928K), 0.0073000 secs] [Times: user=0.03 sys=0.00, real=0.01 secs] 
42.780: [GC [PSYoungGen: 305920K->26592K(293376K)] 911034K->655458K(992768K), 0.8110890 secs] [Times: user=1.02 sys=1.89, real=0.81 secs] 
43.719: [GC [PSYoungGen: 293344K->41440K(308224K)] 922210K->705506K(1007616K), 0.8668090 secs] [Times: user=0.39 sys=2.81, real=0.86 secs] 
44.674: [GC-- [PSYoungGen: 308192K->308192K(308224K)] 972258K->1007578K(1007616K), 1.1022750 secs] [Times: user=0.38 sys=3.10, real=1.10 secs] 
#PSYoungGen
#ParOldGen
#PSPermGen
45.777: [Full GC [PSYoungGen: 308192K->0K(308224K)] [ParOldGen: 699386K->310363K(699392K)] 1007578K->310363K(1007616K) [PSPermGen: 44827K->44782K(90112K)], 4.5186760 secs] [Times: user=2.60 sys=6.28, real=4.52 secs] 
50.872: [GC [PSYoungGen: 266752K->41440K(239616K)] 577115K->371339K(939008K), 0.1077350 secs] [Times: user=0.10 sys=0.00, real=0.11 secs] 
51.402: [GC [PSYoungGen: 239584K->41472K(239616K)] 569483K->412979K(939008K), 0.0712210 secs] [Times: user=0.09 sys=0.00, real=0.07 secs] 
51.642: [GC [PSYoungGen: 239616K->22336K(276992K)] 611123K->435491K(976384K), 0.1582670 secs] [Times: user=0.19 sys=0.00, real=0.16 secs] 
51.933: [GC [PSYoungGen: 220992K->3840K(271360K)] 634147K->439387K(970752K), 0.0392000 secs] [Times: user=0.05 sys=0.00, real=0.04 secs] 
52.096: [GC [PSYoungGen: 202496K->4416K(281088K)] 638043K->443787K(980480K), 0.0250450 secs] [Times: user=0.03 sys=0.00, real=0.03 secs] 
52.232: [GC [PSYoungGen: 214848K->4576K(279040K)] 654219K->448331K(978432K), 0.0272290 secs] [Times: user=0.03 sys=0.00, real=0.03 secs] 
52.419: [GC [PSYoungGen: 215008K->3872K(286208K)] 658763K->452139K(985600K), 0.0272410 secs] [Times: user=0.05 sys=0.00, real=0.02 secs] 
52.523: [GC [PSYoungGen: 224032K->11520K(283648K)] 672299K->463595K(983040K), 0.0270650 secs] [Times: user=0.09 sys=0.00, real=0.03 secs] 
52.640: [GC [PSYoungGen: 231680K->64K(292352K)] 683755K->463643K(991744K), 0.0559220 secs] [Times: user=0.11 sys=0.00, real=0.06 secs] 
52.770: [GC [PSYoungGen: 233024K->64K(290304K)] 696603K->463659K(989696K), 0.0043050 secs] [Times: user=0.01 sys=0.00, real=0.00 secs] 
52.869: [GC [PSYoungGen: 233024K->736K(296448K)] 696619K->464347K(995840K), 0.0032940 secs] [Times: user=0.02 sys=0.00, real=0.01 secs] 
52.941: [GC [PSYoungGen: 241888K->10688K(294400K)] 705499K->474931K(993792K), 0.0076210 secs] [Times: user=0.02 sys=0.00, real=0.00 secs] 
53.000: [GC [PSYoungGen: 251840K->11552K(304128K)] 716083K->485995K(1003520K), 0.0099140 secs] [Times: user=0.03 sys=0.00, real=0.01 secs] 
53.066: [GC [PSYoungGen: 266528K->12864K(300544K)] 740971K->498891K(999936K), 0.0098660 secs] [Times: user=0.04 sys=0.00, real=0.01 secs] 
53.133: [GC [PSYoungGen: 267840K->16128K(308224K)] 753867K->515003K(1007616K), 0.0150260 secs] [Times: user=0.06 sys=0.00, real=0.01 secs] 
53.209: [GC [PSYoungGen: 281856K->15168K(307200K)] 780731K->530195K(1006592K), 0.0123860 secs] [Times: user=0.05 sys=0.00, real=0.02 secs] 
53.288: [GC [PSYoungGen: 280896K->19072K(310272K)] 795923K->549315K(1009664K), 0.0166380 secs] [Times: user=0.06 sys=0.00, real=0.02 secs] 
53.389: [GC [PSYoungGen: 289920K->23008K(293888K)] 820163K->572347K(993280K), 0.0165940 secs] [Times: user=0.06 sys=0.00, real=0.02 secs] 
53.483: [GC [PSYoungGen: 293856K->18880K(309760K)] 843195K->591315K(1009152K), 0.0379430 secs] [Times: user=0.15 sys=0.00, real=0.04 secs] 
53.591: [GC [PSYoungGen: 288192K->16608K(309248K)] 860627K->607995K(1008640K), 0.0330330 secs] [Times: user=0.12 sys=0.00, real=0.03 secs] 
53.687: [GC [PSYoungGen: 285920K->2848K(311808K)] 877307K->610883K(1011200K), 0.0210210 secs] [Times: user=0.07 sys=0.00, real=0.02 secs] 
53.763: [GC [PSYoungGen: 276768K->64K(311808K)] 884803K->610891K(1011200K), 0.0075400 secs] [Times: user=0.03 sys=0.00, real=0.01 secs] 
53.831: [GC [PSYoungGen: 273984K->64K(312320K)] 884811K->610899K(1011712K), 0.0055260 secs] [Times: user=0.02 sys=0.00, real=0.00 secs] 
53.893: [GC [PSYoungGen: 275008K->64K(312320K)] 885843K->610907K(1011712K), 0.0039430 secs] [Times: user=0.01 sys=0.00, real=0.00 secs] 
53.956: [GC [PSYoungGen: 275008K->64K(314368K)] 885851K->610915K(1013760K), 0.0036460 secs] [Times: user=0.01 sys=0.00, real=0.01 secs] 
54.019: [GC [PSYoungGen: 278080K->96K(313344K)] 888931K->610955K(1012736K), 0.0035500 secs] [Times: user=0.01 sys=0.00, real=0.01 secs] 
54.082: [GC [PSYoungGen: 278112K->96K(316928K)] 888971K->610963K(1016320K), 0.0034820 secs] [Times: user=0.01 sys=0.00, real=0.00 secs] 
54.149: [GC [PSYoungGen: 282720K->64K(315392K)] 893587K->610939K(1014784K), 0.0045010 secs] [Times: user=0.02 sys=0.00, real=0.01 secs] 
54.234: [GC [PSYoungGen: 282688K->96K(319488K)] 893563K->610979K(1018880K), 0.0073110 secs] [Times: user=0.02 sys=0.00, real=0.01 secs] 
54.317: [GC [PSYoungGen: 287840K->96K(317952K)] 898723K->610987K(1017344K), 0.0035080 secs] [Times: user=0.01 sys=0.00, real=0.01 secs] 
54.407: [GC [PSYoungGen: 287840K->96K(322560K)] 898731K->610987K(1021952K), 0.0070590 secs] [Times: user=0.02 sys=0.00, real=0.01 secs] 
54.571: [GC [PSYoungGen: 293984K->4544K(321024K)] 904875K->615435K(1020416K), 0.0066960 secs] [Times: user=0.02 sys=0.00, real=0.00 secs] 
54.722: [GC [PSYoungGen: 298432K->25056K(295936K)] 909323K->659044K(995328K), 0.0187030 secs] [Times: user=0.07 sys=0.00, real=0.02 secs] 
54.829: [GC [PSYoungGen: 295904K->39392K(310272K)] 929892K->717908K(1009664K), 0.0292440 secs] [Times: user=0.11 sys=0.00, real=0.03 secs] 
54.858: [Full GC [PSYoungGen: 39392K->0K(310272K)] [ParOldGen: 678515K->255650K(699392K)] 717908K->255650K(1009664K) [PSPermGen: 44809K->44808K(100864K)], 0.1759430 secs] [Times: user=0.45 sys=0.00, real=0.18 secs] 
55.119: [GC [PSYoungGen: 270848K->39392K(236544K)] 526498K->318146K(935936K), 0.0368800 secs] [Times: user=0.12 sys=0.00, real=0.03 secs] 
55.215: [GC [PSYoungGen: 236512K->49216K(246784K)] 515266K->367562K(946176K), 0.0335730 secs] [Times: user=0.13 sys=0.00, real=0.03 secs] 
55.306: [GC [PSYoungGen: 246336K->43616K(264704K)] 564682K->411338K(964096K), 0.0327920 secs] [Times: user=0.13 sys=0.00, real=0.04 secs] 
55.397: [GC [PSYoungGen: 227424K->30688K(266752K)] 595146K->442234K(966144K), 0.0398930 secs] [Times: user=0.15 sys=0.00, real=0.04 secs] 
55.478: [GC [PSYoungGen: 214496K->13024K(273920K)] 626042K->455354K(973312K), 0.0215040 secs] [Times: user=0.08 sys=0.00, real=0.03 secs] 
55.538: [GC [PSYoungGen: 208096K->32K(270848K)] 650426K->455386K(970240K), 0.0099450 secs] [Times: user=0.03 sys=0.00, real=0.01 secs] 
55.582: [GC [PSYoungGen: 195104K->64K(275968K)] 650458K->455426K(975360K), 0.0032170 secs] [Times: user=0.01 sys=0.00, real=0.00 secs] 
55.627: [GC [PSYoungGen: 200768K->64K(274432K)] 656130K->455434K(973824K), 0.0030970 secs] [Times: user=0.01 sys=0.00, real=0.01 secs] 
55.671: [GC [PSYoungGen: 200768K->32K(280064K)] 656138K->455410K(979456K), 0.0030030 secs] [Times: user=0.01 sys=0.00, real=0.00 secs] 
55.708: [GC [PSYoungGen: 208416K->32K(278016K)] 663794K->455418K(977408K), 0.0030620 secs] [Times: user=0.01 sys=0.00, real=0.01 secs] 
55.748: [GC [PSYoungGen: 208416K->64K(285184K)] 663802K->455458K(984576K), 0.0037930 secs] [Times: user=0.01 sys=0.00, real=0.01 secs] 
55.816: [GC [PSYoungGen: 218176K->128K(282624K)] 673570K->455538K(982016K), 0.0050120 secs] [Times: user=0.02 sys=0.00, real=0.01 secs] 
55.871: [GC [PSYoungGen: 218240K->4288K(291840K)] 673650K->459770K(991232K), 0.0038990 secs] [Times: user=0.01 sys=0.00, real=0.00 secs] 
55.947: [GC [PSYoungGen: 234688K->11168K(288256K)] 690170K->470754K(987648K), 0.0068770 secs] [Times: user=0.03 sys=0.00, real=0.01 secs] 
56.014: [GC [PSYoungGen: 241568K->13920K(299520K)] 701154K->484162K(998912K), 0.0109480 secs] [Times: user=0.04 sys=0.00, real=0.01 secs] 
56.113: [GC [PSYoungGen: 260192K->21120K(296448K)] 730434K->504258K(995840K), 0.0134440 secs] [Times: user=0.05 sys=0.00, real=0.01 secs] 
56.197: [GC [PSYoungGen: 267392K->30112K(293888K)] 750530K->534282K(993280K), 0.0201810 secs] [Times: user=0.08 sys=0.00, real=0.02 secs] 
56.283: [GC [PSYoungGen: 274336K->36448K(281088K)] 778506K->570314K(980480K), 0.0276550 secs] [Times: user=0.11 sys=0.00, real=0.03 secs] 
56.382: [GC [PSYoungGen: 280672K->34976K(286720K)] 814538K->604394K(986112K), 0.0229180 secs] [Times: user=0.09 sys=0.00, real=0.02 secs] 
56.465: [GC [PSYoungGen: 264864K->30528K(260608K)] 834282K->635050K(960000K), 0.0367110 secs] [Times: user=0.14 sys=0.00, real=0.04 secs] 
56.565: [GC [PSYoungGen: 260416K->36128K(285184K)] 864938K->671274K(984576K), 0.0402200 secs] [Times: user=0.16 sys=0.00, real=0.04 secs] 
56.677: [GC [PSYoungGen: 260896K->29920K(287232K)] 896042K->701322K(986624K), 0.0331540 secs] [Times: user=0.13 sys=0.00, real=0.04 secs] 
56.710: [Full GC [PSYoungGen: 29920K->0K(287232K)] [ParOldGen: 671402K->363979K(699392K)] 701322K->363979K(986624K) [PSPermGen: 44839K->44839K(97280K)], 0.4689410 secs] [Times: user=1.25 sys=0.00, real=0.46 secs] 
57.223: [GC [PSYoungGen: 224768K->96K(288256K)] 588747K->364075K(987648K), 0.0048030 secs] [Times: user=0.01 sys=0.00, real=0.00 secs] 
57.269: [GC [PSYoungGen: 226912K->96K(288256K)] 590891K->364091K(987648K), 0.0038060 secs] [Times: user=0.01 sys=0.00, real=0.01 secs] 
57.316: [GC [PSYoungGen: 226912K->96K(290304K)] 590907K->364107K(989696K), 0.0057860 secs] [Times: user=0.02 sys=0.00, real=0.01 secs] 
57.372: [GC [PSYoungGen: 229984K->64K(289280K)] 593995K->364083K(988672K), 0.0033200 secs] [Times: user=0.01 sys=0.00, real=0.00 secs] 
57.429: [GC [PSYoungGen: 229952K->96K(293888K)] 593971K->364131K(993280K), 0.0051610 secs] [Times: user=0.02 sys=0.00, real=0.01 secs] 
57.479: [GC [PSYoungGen: 236128K->96K(291840K)] 600163K->364163K(991232K), 0.0027820 secs] [Times: user=0.01 sys=0.00, real=0.01 secs] 
57.540: [GC [PSYoungGen: 236128K->96K(297984K)] 600195K->364171K(997376K), 0.0034840 secs] [Times: user=0.01 sys=0.00, real=0.00 secs] 
57.597: [GC [PSYoungGen: 244320K->64K(295936K)] 608395K->364139K(995328K), 0.0039360 secs] [Times: user=0.01 sys=0.00, real=0.01 secs] 
57.663: [GC [PSYoungGen: 244288K->64K(302592K)] 608363K->364139K(1001984K), 0.0034970 secs] [Times: user=0.00 sys=0.00, real=0.00 secs] 
57.724: [GC [PSYoungGen: 253504K->128K(300544K)] 617579K->364203K(999936K), 0.0035960 secs] [Times: user=0.01 sys=0.00, real=0.00 secs] 
57.786: [GC [PSYoungGen: 253568K->64K(307200K)] 617643K->364139K(1006592K), 0.0034770 secs] [Times: user=0.00 sys=0.00, real=0.01 secs] 
57.849: [GC [PSYoungGen: 262720K->96K(305152K)] 626795K->364171K(1004544K), 0.0039060 secs] [Times: user=0.01 sys=0.00, real=0.00 secs] 
57.913: [GC [PSYoungGen: 262752K->128K(311808K)] 626827K->364203K(1011200K), 0.0026970 secs] [Times: user=0.01 sys=0.00, real=0.00 secs] 
57.983: [GC [PSYoungGen: 272000K->128K(309760K)] 636075K->364203K(1009152K), 0.0125060 secs] [Times: user=0.04 sys=0.00, real=0.01 secs] 
58.086: [GC [PSYoungGen: 272000K->7872K(316416K)] 636075K->371947K(1015808K), 0.0063960 secs] [Times: user=0.02 sys=0.00, real=0.01 secs] 
58.204: [GC [PSYoungGen: 288960K->25536K(306688K)] 653035K->389611K(1006080K), 0.0181750 secs] [Times: user=0.07 sys=0.00, real=0.02 secs] 
58.314: [GC [PSYoungGen: 306624K->37856K(279040K)] 670699K->423883K(978432K), 0.0246340 secs] [Times: user=0.08 sys=0.00, real=0.02 secs] 
58.416: [GC [PSYoungGen: 279008K->54240K(295424K)] 665035K->453979K(994816K), 0.0224380 secs] [Times: user=0.08 sys=0.00, real=0.02 secs] 
58.531: [GC [PSYoungGen: 295392K->54240K(219648K)] 695131K->490531K(919040K), 0.0327420 secs] [Times: user=0.13 sys=0.00, real=0.03 secs] 
58.625: [GC [PSYoungGen: 219616K->76928K(242688K)] 655907K->513235K(942080K), 0.0287010 secs] [Times: user=0.11 sys=0.00, real=0.03 secs] 
58.712: [GC [PSYoungGen: 242304K->95936K(222208K)] 678611K->532267K(921600K), 0.0344720 secs] [Times: user=0.11 sys=0.00, real=0.03 secs] 
58.786: [GC [PSYoungGen: 213184K->103424K(233472K)] 649515K->540011K(932864K), 0.0421170 secs] [Times: user=0.16 sys=0.00, real=0.04 secs] 
58.906: [GC [PSYoungGen: 220672K->99776K(233472K)] 657259K->551027K(932864K), 0.0504610 secs] [Times: user=0.19 sys=0.00, real=0.05 secs] 
58.989: [GC [PSYoungGen: 217024K->42144K(233472K)] 668275K->553667K(932864K), 0.0306940 secs] [Times: user=0.12 sys=0.00, real=0.04 secs] 
59.046: [GC [PSYoungGen: 159392K->17024K(233472K)] 670915K->557507K(932864K), 0.0216360 secs] [Times: user=0.06 sys=0.00, real=0.02 secs] 
59.093: [GC [PSYoungGen: 134272K->3744K(233472K)] 674755K->557571K(932864K), 0.0155180 secs] [Times: user=0.05 sys=0.00, real=0.01 secs] 
59.140: [GC [PSYoungGen: 120992K->64K(233472K)] 674819K->557619K(932864K), 0.0114590 secs] [Times: user=0.04 sys=0.00, real=0.01 secs] 
59.187: [GC [PSYoungGen: 117312K->64K(233472K)] 674867K->557627K(932864K), 0.0215190 secs] [Times: user=0.09 sys=0.00, real=0.02 secs] 
59.232: [GC [PSYoungGen: 117312K->96K(233472K)] 674875K->557667K(932864K), 0.0040610 secs] [Times: user=0.01 sys=0.00, real=0.00 secs] 
59.263: [GC [PSYoungGen: 117344K->64K(233472K)] 674915K->557643K(932864K), 0.0039750 secs] [Times: user=0.02 sys=0.00, real=0.00 secs] 
59.289: [GC [PSYoungGen: 117312K->64K(233472K)] 674891K->557651K(932864K), 0.0030870 secs] [Times: user=0.01 sys=0.00, real=0.01 secs] 
59.320: [GC [PSYoungGen: 117312K->96K(233472K)] 674899K->557691K(932864K), 0.0032420 secs] [Times: user=0.01 sys=0.00, real=0.00 secs] 
59.366: [GC [PSYoungGen: 117344K->224K(243712K)] 674939K->557827K(943104K), 0.0034950 secs] [Times: user=0.01 sys=0.00, real=0.01 secs] 
59.401: [GC [PSYoungGen: 132832K->2752K(238592K)] 690435K->560483K(937984K), 0.0035660 secs] [Times: user=0.01 sys=0.00, real=0.00 secs] 
59.436: [GC [PSYoungGen: 135360K->5728K(255488K)] 693091K->566027K(954880K), 0.0049540 secs] [Times: user=0.01 sys=0.00, real=0.01 secs] 
59.478: [GC [PSYoungGen: 160864K->6880K(249344K)] 721163K->572611K(948736K), 0.0084510 secs] [Times: user=0.03 sys=0.00, real=0.01 secs] 
59.526: [GC [PSYoungGen: 162016K->9088K(267776K)] 727747K->581131K(967168K), 0.0090440 secs] [Times: user=0.03 sys=0.00, real=0.01 secs] 
59.652: [GC [PSYoungGen: 188800K->12704K(261632K)] 760843K->593835K(961024K), 0.0144360 secs] [Times: user=0.06 sys=0.00, real=0.01 secs] 
59.735: [GC [PSYoungGen: 192416K->23840K(276480K)] 773547K->617611K(975872K), 0.0201070 secs] [Times: user=0.07 sys=0.00, real=0.02 secs] 
59.819: [GC [PSYoungGen: 224544K->23744K(273920K)] 818315K->640883K(973312K), 0.0311150 secs] [Times: user=0.12 sys=0.00, real=0.04 secs] 
59.928: [GC [PSYoungGen: 224448K->27616K(280576K)] 841587K->668579K(979968K), 0.0329000 secs] [Times: user=0.13 sys=0.00, real=0.04 secs] 
60.025: [GC [PSYoungGen: 238048K->29376K(279552K)] 879011K->698027K(978944K), 0.0241170 secs] [Times: user=0.09 sys=0.00, real=0.02 secs] 
60.049: [Full GC [PSYoungGen: 29376K->0K(279552K)] [ParOldGen: 668651K->259294K(699392K)] 698027K->259294K(978944K) [PSPermGen: 44852K->44852K(92672K)], 0.2373990 secs] [Times: user=0.64 sys=0.00, real=0.24 secs] 
60.344: [GC [PSYoungGen: 210432K->27712K(283136K)] 469726K->287006K(982528K), 0.0149060 secs] [Times: user=0.05 sys=0.00, real=0.01 secs] 
60.419: [GC [PSYoungGen: 242752K->30144K(281600K)] 502046K->317246K(980992K), 0.0303470 secs] [Times: user=0.12 sys=0.00, real=0.03 secs] 
60.510: [GC [PSYoungGen: 245184K->31680K(284160K)] 532286K->349006K(983552K), 0.0293390 secs] [Times: user=0.11 sys=0.00, real=0.03 secs] 
60.598: [GC [PSYoungGen: 250304K->23264K(284160K)] 567630K->372358K(983552K), 0.0263750 secs] [Times: user=0.10 sys=0.00, real=0.03 secs] 
60.666: [GC [PSYoungGen: 241888K->8320K(289792K)] 590982K->380766K(989184K), 0.0176470 secs] [Times: user=0.06 sys=0.00, real=0.02 secs] 
60.727: [GC [PSYoungGen: 236672K->64K(288256K)] 609118K->380758K(987648K), 0.0086290 secs] [Times: user=0.03 sys=0.00, real=0.01 secs] 
60.780: [GC [PSYoungGen: 228416K->64K(291328K)] 609110K->380766K(990720K), 0.0029730 secs] [Times: user=0.00 sys=0.00, real=0.01 secs] 
60.827: [GC [PSYoungGen: 232000K->64K(290304K)] 612702K->380774K(989696K), 0.0029470 secs] [Times: user=0.01 sys=0.00, real=0.00 secs] 
60.873: [GC [PSYoungGen: 232000K->64K(293888K)] 612710K->380782K(993280K), 0.0085390 secs] [Times: user=0.04 sys=0.00, real=0.01 secs] 
60.931: [GC [PSYoungGen: 236608K->64K(292352K)] 617326K->380790K(991744K), 0.0027920 secs] [Times: user=0.01 sys=0.00, real=0.00 secs] 
60.980: [GC [PSYoungGen: 236608K->64K(297984K)] 617334K->380798K(997376K), 0.0028350 secs] [Times: user=0.01 sys=0.00, real=0.01 secs] 
61.036: [GC [PSYoungGen: 244288K->64K(295936K)] 625022K->380806K(995328K), 0.0035850 secs] [Times: user=0.01 sys=0.00, real=0.00 secs] 
61.094: [GC [PSYoungGen: 244288K->64K(302592K)] 625030K->380822K(1001984K), 0.0031920 secs] [Times: user=0.01 sys=0.00, real=0.00 secs] 
61.153: [GC [PSYoungGen: 252992K->96K(300032K)] 633750K->380854K(999424K), 0.0032790 secs] [Times: user=0.00 sys=0.00, real=0.00 secs] 
61.213: [GC [PSYoungGen: 253024K->64K(307200K)] 633782K->380822K(1006592K), 0.0028130 secs] [Times: user=0.01 sys=0.00, real=0.00 secs] 
61.276: [GC [PSYoungGen: 262208K->96K(304640K)] 642966K->380854K(1004032K), 0.0028540 secs] [Times: user=0.01 sys=0.00, real=0.00 secs] 
61.338: [GC [PSYoungGen: 262240K->96K(311808K)] 642998K->380854K(1011200K), 0.0029110 secs] [Times: user=0.01 sys=0.00, real=0.01 secs] 
61.406: [GC [PSYoungGen: 271456K->96K(309248K)] 652214K->380854K(1008640K), 0.0030820 secs] [Times: user=0.01 sys=0.00, real=0.00 secs] 
61.504: [GC [PSYoungGen: 271456K->4576K(316928K)] 652214K->385334K(1016320K), 0.0039390 secs] [Times: user=0.01 sys=0.00, real=0.00 secs] 
61.599: [GC [PSYoungGen: 285664K->24704K(306176K)] 666422K->405462K(1005568K), 0.0087680 secs] [Times: user=0.03 sys=0.00, real=0.01 secs] 
61.719: [GC [PSYoungGen: 305792K->37344K(287744K)] 686550K->429230K(987136K), 0.0257300 secs] [Times: user=0.05 sys=0.00, real=0.03 secs] 
61.830: [GC [PSYoungGen: 287712K->49632K(300032K)] 679598K->450966K(999424K), 0.0195070 secs] [Times: user=0.07 sys=0.00, real=0.01 secs] 
61.932: [GC [PSYoungGen: 300000K->49632K(240640K)] 701334K->473302K(940032K), 0.0231140 secs] [Times: user=0.09 sys=0.00, real=0.02 secs] 
62.018: [GC [PSYoungGen: 240608K->67072K(258560K)] 664278K->490758K(957952K), 0.0207680 secs] [Times: user=0.08 sys=0.00, real=0.02 secs] 
62.101: [GC [PSYoungGen: 258048K->83776K(229376K)] 681734K->507590K(928768K), 0.0256830 secs] [Times: user=0.10 sys=0.00, real=0.02 secs] 
62.170: [GC [PSYoungGen: 222528K->68194K(207360K)] 646342K->517408K(906752K), 0.0337380 secs] [Times: user=0.13 sys=0.00, real=0.03 secs] 
62.244: [GC [PSYoungGen: 206946K->26562K(244224K)] 656160K->517600K(943616K), 0.0273130 secs] [Times: user=0.10 sys=0.00, real=0.03 secs] 
62.305: [GC [PSYoungGen: 159170K->96K(238080K)] 650208K->517760K(937472K), 0.0139320 secs] [Times: user=0.05 sys=0.00, real=0.01 secs] 
62.356: [GC [PSYoungGen: 132704K->128K(247296K)] 650368K->517801K(946688K), 0.0044190 secs] [Times: user=0.01 sys=0.00, real=0.00 secs] 
62.413: [GC [PSYoungGen: 142976K->96K(245248K)] 660649K->517776K(944640K), 0.0048640 secs] [Times: user=0.01 sys=0.00, real=0.00 secs] 
62.468: [GC [PSYoungGen: 142944K->64K(252928K)] 660624K->517760K(952320K), 0.0050110 secs] [Times: user=0.02 sys=0.00, real=0.01 secs] 
62.525: [GC [PSYoungGen: 153152K->64K(249856K)] 670848K->517768K(949248K), 0.0048950 secs] [Times: user=0.01 sys=0.00, real=0.01 secs] 
62.603: [GC [PSYoungGen: 153152K->96K(260608K)] 670856K->517808K(960000K), 0.0046670 secs] [Times: user=0.02 sys=0.00, real=0.00 secs] 
63.214: [GC [PSYoungGen: 167520K->860K(256512K)] 685232K->518605K(955904K), 0.0046560 secs] [Times: user=0.01 sys=0.00, real=0.00 secs] 
63.317: [GC [PSYoungGen: 168284K->576K(268288K)] 686029K->518529K(967680K), 0.0046560 secs] [Times: user=0.02 sys=0.00, real=0.01 secs] 
63.395: [GC [PSYoungGen: 183360K->21664K(264192K)] 701313K->539617K(963584K), 0.0129150 secs] [Times: user=0.03 sys=0.00, real=0.01 secs] 
63.459: [GC [PSYoungGen: 204448K->52416K(257536K)] 722401K->570841K(956928K), 0.0162950 secs] [Times: user=0.06 sys=0.00, real=0.02 secs] 
63.524: [GC [PSYoungGen: 233152K->32864K(265216K)] 751577K->602857K(964608K), 0.0285500 secs] [Times: user=0.11 sys=0.00, real=0.03 secs] 
63.603: [GC [PSYoungGen: 213600K->37280K(266752K)] 783593K->639233K(966144K), 0.0326890 secs] [Times: user=0.12 sys=0.00, real=0.03 secs] 
63.711: [GC [PSYoungGen: 221088K->33824K(266752K)] 823041K->673169K(966144K), 0.0327880 secs] [Times: user=0.10 sys=0.00, real=0.03 secs] 
63.822: [GC [PSYoungGen: 217632K->40608K(266752K)] 856977K->713881K(966144K), 0.0969350 secs] [Times: user=0.38 sys=0.00, real=0.09 secs] 
63.919: [Full GC [PSYoungGen: 40608K->0K(266752K)] [ParOldGen: 673273K->444549K(699392K)] 713881K->444549K(966144K) [PSPermGen: 45308K->45307K(89088K)], 0.5409250 secs] [Times: user=1.47 sys=0.00, real=0.55 secs] 
64.515: [GC [PSYoungGen: 185856K->39552K(267776K)] 630405K->484101K(967168K), 0.0212650 secs] [Times: user=0.06 sys=0.00, real=0.02 secs] 
64.613: [GC [PSYoungGen: 225408K->42400K(267264K)] 669957K->526581K(966656K), 0.0321840 secs] [Times: user=0.09 sys=0.00, real=0.03 secs] 
64.793: [GC [PSYoungGen: 228256K->37280K(267776K)] 712437K->563997K(967168K), 0.0506810 secs] [Times: user=0.16 sys=0.00, real=0.05 secs] 
64.897: [GC [PSYoungGen: 223136K->11008K(271872K)] 749853K->574997K(971264K), 0.0362200 secs] [Times: user=0.10 sys=0.00, real=0.04 secs] 
64.993: [GC [PSYoungGen: 203008K->11008K(269824K)] 766997K->586045K(969216K), 0.0248790 secs] [Times: user=0.08 sys=0.00, real=0.02 secs] 
65.070: [GC [PSYoungGen: 203008K->10688K(276480K)] 778045K->596725K(975872K), 0.0216550 secs] [Times: user=0.06 sys=0.00, real=0.03 secs] 
65.141: [GC [PSYoungGen: 211392K->7296K(273920K)] 797429K->603989K(973312K), 0.0229660 secs] [Times: user=0.08 sys=0.00, real=0.02 secs] 
65.209: [GC [PSYoungGen: 208000K->32K(279552K)] 804693K->604021K(978944K), 0.0125870 secs] [Times: user=0.04 sys=0.00, real=0.02 secs] 
65.270: [GC [PSYoungGen: 208416K->96K(278528K)] 812405K->604101K(977920K), 0.0046090 secs] [Times: user=0.01 sys=0.00, real=0.01 secs] 
65.320: [GC [PSYoungGen: 208480K->96K(283136K)] 812485K->604117K(982528K), 0.0123480 secs] [Times: user=0.05 sys=0.00, real=0.01 secs] 
65.378: [GC [PSYoungGen: 214624K->64K(281088K)] 818645K->604109K(980480K), 0.0044150 secs] [Times: user=0.01 sys=0.00, real=0.01 secs] 
65.428: [GC [PSYoungGen: 214592K->64K(287744K)] 818637K->604125K(987136K), 0.0039850 secs] [Times: user=0.02 sys=0.00, real=0.01 secs] 
65.479: [GC [PSYoungGen: 223296K->32K(285184K)] 827357K->604101K(984576K), 0.0062010 secs] [Times: user=0.01 sys=0.00, real=0.01 secs] 
65.533: [GC [PSYoungGen: 223264K->96K(292864K)] 827333K->604181K(992256K), 0.0066260 secs] [Times: user=0.01 sys=0.00, real=0.00 secs] 
65.595: [GC [PSYoungGen: 233568K->64K(290304K)] 837653K->604157K(989696K), 0.0046800 secs] [Times: user=0.01 sys=0.00, real=0.00 secs] 
65.650: [GC [PSYoungGen: 233536K->96K(298496K)] 837629K->604197K(997888K), 0.0045170 secs] [Times: user=0.01 sys=0.00, real=0.01 secs] 
65.709: [GC [PSYoungGen: 244832K->64K(295936K)] 848933K->604181K(995328K), 0.0041220 secs] [Times: user=0.01 sys=0.00, real=0.01 secs] 
65.775: [GC [PSYoungGen: 244800K->64K(304128K)] 848917K->604189K(1003520K), 0.0040300 secs] [Times: user=0.01 sys=0.00, real=0.00 secs] 
65.842: [GC [PSYoungGen: 255552K->64K(301056K)] 859677K->604189K(1000448K), 0.0046180 secs] [Times: user=0.02 sys=0.00, real=0.00 secs] 
65.916: [GC [PSYoungGen: 255552K->64K(309248K)] 859677K->604189K(1008640K), 0.0040640 secs] [Times: user=0.02 sys=0.00, real=0.01 secs] 
65.985: [GC [PSYoungGen: 266304K->64K(306688K)] 870429K->604189K(1006080K), 0.0042940 secs] [Times: user=0.02 sys=0.00, real=0.00 secs] 
66.053: [GC [PSYoungGen: 266304K->96K(313856K)] 870429K->604221K(1013248K), 0.0044990 secs] [Times: user=0.01 sys=0.00, real=0.00 secs] 
66.124: [GC [PSYoungGen: 276064K->96K(311808K)] 880189K->604221K(1011200K), 0.0042860 secs] [Times: user=0.01 sys=0.00, real=0.00 secs] 
66.208: [GC [PSYoungGen: 276064K->128K(318464K)] 880189K->604253K(1017856K), 0.0196030 secs] [Times: user=0.08 sys=0.00, real=0.02 secs] 
66.313: [GC [PSYoungGen: 285312K->64K(316416K)] 889437K->604189K(1015808K), 0.0050400 secs] [Times: user=0.02 sys=0.00, real=0.00 secs] 
66.386: [GC [PSYoungGen: 285248K->64K(322560K)] 889373K->604189K(1021952K), 0.0040220 secs] [Times: user=0.01 sys=0.00, real=0.00 secs] 
66.466: [GC [PSYoungGen: 293440K->96K(320512K)] 897565K->604221K(1019904K), 0.0070640 secs] [Times: user=0.03 sys=0.00, real=0.01 secs] 
66.560: [GC [PSYoungGen: 293472K->96K(326144K)] 897597K->604221K(1025536K), 0.0052510 secs] [Times: user=0.02 sys=0.00, real=0.01 secs] 
66.641: [GC [PSYoungGen: 301152K->128K(324608K)] 905277K->604253K(1024000K), 0.0059720 secs] [Times: user=0.01 sys=0.00, real=0.00 secs] 
66.722: [GC [PSYoungGen: 301184K->64K(329216K)] 905309K->604189K(1028608K), 0.0041420 secs] [Times: user=0.01 sys=0.00, real=0.00 secs] 
66.800: [GC [PSYoungGen: 307264K->96K(327680K)] 911389K->604221K(1027072K), 0.0162240 secs] [Times: user=0.05 sys=0.00, real=0.02 secs] 
66.899: [GC [PSYoungGen: 307296K->128K(332288K)] 911421K->604253K(1031680K), 0.0040750 secs] [Times: user=0.01 sys=0.00, real=0.01 secs] 
66.990: [GC [PSYoungGen: 313472K->96K(330752K)] 917597K->604237K(1030144K), 0.0040460 secs] [Times: user=0.02 sys=0.00, real=0.01 secs] 
67.243: [GC [PSYoungGen: 313440K->1024K(334848K)] 917581K->605190K(1034240K), 0.0061970 secs] [Times: user=0.02 sys=0.00, real=0.00 secs] 
67.382: [GC [PSYoungGen: 319488K->14816K(333312K)] 923654K->649470K(1032704K), 0.0201730 secs] [Times: user=0.08 sys=0.00, real=0.02 secs] 
67.497: [GC-- [PSYoungGen: 333280K->333280K(333312K)] 967934K->1032670K(1032704K), 0.0971500 secs] [Times: user=0.20 sys=0.00, real=0.10 secs] 
67.594: [Full GC [PSYoungGen: 333280K->0K(333312K)] [ParOldGen: 699389K->366795K(699392K)] 1032670K->366795K(1032704K) [PSPermGen: 45409K->45409K(84992K)], 0.3003650 secs] [Times: user=0.89 sys=0.00, real=0.30 secs] 
67.998: [GC [PSYoungGen: 318464K->16352K(262656K)] 685259K->437899K(962048K), 0.0330310 secs] [Times: user=0.13 sys=0.00, real=0.03 secs] 
68.136: [GC [PSYoungGen: 262624K->51680K(297984K)] 684171K->512291K(997376K), 0.0334800 secs] [Times: user=0.13 sys=0.00, real=0.03 secs] 
68.246: [GC [PSYoungGen: 297952K->51680K(196608K)] 758563K->565771K(896000K), 0.0436630 secs] [Times: user=0.15 sys=0.00, real=0.04 secs] 
68.325: [GC [PSYoungGen: 196576K->64544K(209920K)] 710667K->578635K(909312K), 0.0235010 secs] [Times: user=0.09 sys=0.00, real=0.02 secs] 
68.379: [GC [PSYoungGen: 209440K->71808K(227840K)] 723531K->585899K(927232K), 0.0243960 secs] [Times: user=0.09 sys=0.00, real=0.03 secs] 
68.426: [GC [PSYoungGen: 191104K->77696K(197120K)] 705195K->591787K(896512K), 0.0244850 secs] [Times: user=0.09 sys=0.00, real=0.02 secs] 
68.478: [GC [PSYoungGen: 196992K->82880K(233472K)] 711083K->596971K(932864K), 0.0270870 secs] [Times: user=0.10 sys=0.00, real=0.03 secs] 
68.525: [GC [PSYoungGen: 200128K->79488K(233472K)] 714219K->597011K(932864K), 0.0266330 secs] [Times: user=0.10 sys=0.00, real=0.03 secs] 
68.574: [GC [PSYoungGen: 196736K->31744K(233472K)] 714259K->597279K(932864K), 0.0294800 secs] [Times: user=0.11 sys=0.00, real=0.03 secs] 
68.624: [GC [PSYoungGen: 148992K->12192K(233472K)] 714527K->597383K(932864K), 0.0124410 secs] [Times: user=0.05 sys=0.00, real=0.01 secs] 
68.660: [GC [PSYoungGen: 129440K->64K(233472K)] 714631K->597431K(932864K), 0.0097730 secs] [Times: user=0.04 sys=0.00, real=0.01 secs] 
68.691: [GC [PSYoungGen: 117312K->32K(233472K)] 714679K->597407K(932864K), 0.0047750 secs] [Times: user=0.01 sys=0.00, real=0.01 secs] 
68.716: [GC [PSYoungGen: 117280K->32K(233472K)] 714655K->597415K(932864K), 0.0045320 secs] [Times: user=0.01 sys=0.00, real=0.00 secs] 
68.745: [GC [PSYoungGen: 117280K->96K(233472K)] 714663K->597503K(932864K), 0.0037880 secs] [Times: user=0.01 sys=0.00, real=0.00 secs] 
68.771: [GC [PSYoungGen: 117344K->96K(237056K)] 714751K->597519K(936448K), 0.0037910 secs] [Times: user=0.01 sys=0.00, real=0.01 secs] 
68.798: [GC [PSYoungGen: 120928K->96K(233472K)] 718351K->597527K(932864K), 0.0051760 secs] [Times: user=0.01 sys=0.00, real=0.01 secs] 
68.827: [GC [PSYoungGen: 120928K->64K(245760K)] 718359K->597503K(945152K), 0.0048070 secs] [Times: user=0.01 sys=0.00, real=0.01 secs] 
68.863: [GC [PSYoungGen: 137280K->96K(241152K)] 734719K->597551K(940544K), 0.0037470 secs] [Times: user=0.01 sys=0.00, real=0.00 secs] 
68.900: [GC [PSYoungGen: 137312K->96K(255488K)] 734767K->597567K(954880K), 0.0037930 secs] [Times: user=0.01 sys=0.00, real=0.01 secs] 
68.938: [GC [PSYoungGen: 156768K->96K(250880K)] 754239K->597583K(950272K), 0.0044910 secs] [Times: user=0.02 sys=0.00, real=0.01 secs] 
68.985: [GC [PSYoungGen: 156768K->96K(265216K)] 754255K->597599K(964608K), 0.0038370 secs] [Times: user=0.02 sys=0.00, real=0.00 secs] 
69.033: [GC [PSYoungGen: 176224K->96K(260608K)] 773727K->597607K(960000K), 0.0037590 secs] [Times: user=0.02 sys=0.00, real=0.00 secs] 
69.079: [GC [PSYoungGen: 176224K->64K(274944K)] 773735K->597583K(974336K), 0.0049720 secs] [Times: user=0.02 sys=0.00, real=0.01 secs] 
69.147: [GC [PSYoungGen: 195136K->96K(269824K)] 792655K->597631K(969216K), 0.0042250 secs] [Times: user=0.02 sys=0.00, real=0.01 secs] 
69.217: [GC [PSYoungGen: 195168K->32K(283648K)] 792703K->597575K(983040K), 0.0049690 secs] [Times: user=0.01 sys=0.00, real=0.01 secs] 
69.278: [GC [PSYoungGen: 213024K->64K(279040K)] 810567K->597607K(978432K), 0.0038410 secs] [Times: user=0.02 sys=0.00, real=0.01 secs] 
69.333: [GC [PSYoungGen: 213056K->128K(291840K)] 810599K->597671K(991232K), 0.0038400 secs] [Times: user=0.02 sys=0.00, real=0.00 secs] 
69.391: [GC [PSYoungGen: 230016K->96K(287744K)] 827559K->597639K(987136K), 0.0045070 secs] [Times: user=0.01 sys=0.00, real=0.01 secs] 
69.455: [GC [PSYoungGen: 229984K->128K(299008K)] 827527K->597671K(998400K), 0.0040830 secs] [Times: user=0.02 sys=0.00, real=0.00 secs] 
69.518: [GC [PSYoungGen: 244864K->128K(295424K)] 842407K->597671K(994816K), 0.0037740 secs] [Times: user=0.01 sys=0.00, real=0.01 secs] 
69.581: [GC [PSYoungGen: 244864K->96K(306176K)] 842407K->597639K(1005568K), 0.0043790 secs] [Times: user=0.01 sys=0.00, real=0.01 secs] 
69.650: [GC [PSYoungGen: 259168K->128K(302592K)] 856711K->597671K(1001984K), 0.0038260 secs] [Times: user=0.01 sys=0.00, real=0.01 secs] 
69.720: [GC [PSYoungGen: 259200K->128K(311808K)] 856743K->597671K(1011200K), 0.0039330 secs] [Times: user=0.01 sys=0.00, real=0.01 secs] 
69.787: [GC [PSYoungGen: 271488K->128K(309248K)] 869031K->597671K(1008640K), 0.0038010 secs] [Times: user=0.01 sys=0.00, real=0.01 secs] 
69.859: [GC [PSYoungGen: 271488K->128K(317440K)] 869031K->597671K(1016832K), 0.0048530 secs] [Times: user=0.02 sys=0.00, real=0.01 secs] 
69.935: [GC [PSYoungGen: 282752K->128K(314880K)] 880295K->597671K(1014272K), 0.0038630 secs] [Times: user=0.01 sys=0.00, real=0.00 secs] 
70.009: [GC [PSYoungGen: 282752K->128K(322048K)] 880295K->597671K(1021440K), 0.0038150 secs] [Times: user=0.01 sys=0.00, real=0.01 secs] 
70.084: [GC [PSYoungGen: 291968K->128K(319488K)] 889511K->597671K(1018880K), 0.0037480 secs] [Times: user=0.02 sys=0.00, real=0.00 secs] 
70.158: [GC [PSYoungGen: 291968K->96K(325632K)] 889511K->597639K(1025024K), 0.0053800 secs] [Times: user=0.01 sys=0.00, real=0.01 secs] 
70.241: [GC [PSYoungGen: 300128K->96K(324096K)] 897671K->597655K(1023488K), 0.0045150 secs] [Times: user=0.01 sys=0.00, real=0.00 secs] 
70.318: [GC [PSYoungGen: 300128K->96K(329216K)] 897687K->597663K(1028608K), 0.0048880 secs] [Times: user=0.02 sys=0.00, real=0.01 secs] 
70.408: [GC [PSYoungGen: 307296K->96K(327680K)] 904863K->597671K(1027072K), 0.0086600 secs] [Times: user=0.03 sys=0.00, real=0.01 secs] 
70.548: [GC [PSYoungGen: 307296K->288K(332288K)] 904871K->597871K(1031680K), 0.0072080 secs] [Times: user=0.03 sys=0.00, real=0.01 secs] 
70.741: [GC [PSYoungGen: 313632K->17376K(330752K)] 911215K->646703K(1030144K), 0.0228640 secs] [Times: user=0.07 sys=0.00, real=0.03 secs] 
70.862: [GC [PSYoungGen: 330720K->18912K(247808K)] 960047K->715671K(947200K), 0.0290040 secs] [Times: user=0.11 sys=0.00, real=0.02 secs] 
70.891: [Full GC [PSYoungGen: 18912K->0K(247808K)] [ParOldGen: 696759K->369678K(699392K)] 715671K->369678K(947200K) [PSPermGen: 45422K->45422K(80384K)], 0.2967040 secs] [Times: user=0.89 sys=0.00, real=0.30 secs] 
71.260: [GC [PSYoungGen: 228864K->53120K(282112K)] 598542K->422798K(981504K), 0.0228330 secs] [Times: user=0.09 sys=0.00, real=0.03 secs] 
71.368: [GC [PSYoungGen: 281984K->67552K(215552K)] 651662K->484406K(914944K), 0.0398730 secs] [Times: user=0.16 sys=0.00, real=0.04 secs] 
71.468: [GC [PSYoungGen: 215520K->100832K(248832K)] 632374K->519406K(948224K), 0.0302100 secs] [Times: user=0.11 sys=0.00, real=0.03 secs] 
71.547: [GC [PSYoungGen: 248800K->100832K(218112K)] 667374K->547302K(917504K), 0.0396550 secs] [Times: user=0.15 sys=0.00, real=0.04 secs] 
71.620: [GC [PSYoungGen: 218080K->116192K(233472K)] 664550K->567734K(932864K), 0.0348940 secs] [Times: user=0.14 sys=0.00, real=0.04 secs] 
71.685: [GC [PSYoungGen: 233440K->116192K(233472K)] 684982K->579782K(932864K), 0.0359250 secs] [Times: user=0.14 sys=0.00, real=0.03 secs] 
71.748: [GC [PSYoungGen: 233440K->116192K(233472K)] 697030K->587142K(932864K), 0.0353130 secs] [Times: user=0.13 sys=0.00, real=0.04 secs] 
71.807: [GC [PSYoungGen: 233440K->100960K(233472K)] 704390K->593038K(932864K), 0.0321390 secs] [Times: user=0.13 sys=0.00, real=0.03 secs] 
71.865: [GC [PSYoungGen: 218208K->56576K(233472K)] 710286K->596070K(932864K), 0.0262970 secs] [Times: user=0.10 sys=0.00, real=0.02 secs] 
71.911: [GC [PSYoungGen: 173824K->27168K(233472K)] 713318K->596214K(932864K), 0.0219790 secs] [Times: user=0.08 sys=0.00, real=0.02 secs] 
71.959: [GC [PSYoungGen: 144416K->9632K(233472K)] 713462K->596334K(932864K), 0.0120320 secs] [Times: user=0.04 sys=0.00, real=0.01 secs] 
71.994: [GC [PSYoungGen: 126880K->96K(233472K)] 713582K->596406K(932864K), 0.0071230 secs] [Times: user=0.03 sys=0.00, real=0.01 secs] 
72.021: [GC [PSYoungGen: 117344K->64K(233472K)] 713654K->596382K(932864K), 0.0030260 secs] [Times: user=0.01 sys=0.00, real=0.00 secs] 
72.045: [GC [PSYoungGen: 117312K->96K(233472K)] 713630K->596422K(932864K), 0.0051990 secs] [Times: user=0.02 sys=0.00, real=0.00 secs] 
72.074: [GC [PSYoungGen: 117344K->64K(233472K)] 713670K->596398K(932864K), 0.0030550 secs] [Times: user=0.01 sys=0.00, real=0.00 secs] 
72.101: [GC [PSYoungGen: 117312K->96K(233472K)] 713646K->596438K(932864K), 0.0049990 secs] [Times: user=0.01 sys=0.00, real=0.00 secs] 
72.131: [GC [PSYoungGen: 117344K->32K(233472K)] 713686K->596382K(932864K), 0.0031540 secs] [Times: user=0.01 sys=0.00, real=0.01 secs] 
72.161: [GC [PSYoungGen: 117280K->64K(233472K)] 713630K->596422K(932864K), 0.0033680 secs] [Times: user=0.01 sys=0.00, real=0.01 secs] 
72.188: [GC [PSYoungGen: 117312K->64K(233472K)] 713670K->596430K(932864K), 0.0031700 secs] [Times: user=0.01 sys=0.00, real=0.00 secs] 
72.218: [GC [PSYoungGen: 117312K->32K(233472K)] 713678K->596406K(932864K), 0.0032800 secs] [Times: user=0.01 sys=0.00, real=0.01 secs] 
72.247: [GC [PSYoungGen: 117280K->64K(233472K)] 713654K->596446K(932864K), 0.0030710 secs] [Times: user=0.01 sys=0.00, real=0.00 secs] 
72.277: [GC [PSYoungGen: 117312K->64K(233472K)] 713694K->596454K(932864K), 0.0031730 secs] [Times: user=0.01 sys=0.00, real=0.00 secs] 
72.311: [GC [PSYoungGen: 117312K->64K(233472K)] 713702K->596462K(932864K), 0.0044240 secs] [Times: user=0.01 sys=0.00, real=0.01 secs] 
72.341: [GC [PSYoungGen: 117312K->64K(246272K)] 713710K->596470K(945664K), 0.0031140 secs] [Times: user=0.01 sys=0.00, real=0.00 secs] 
72.380: [GC [PSYoungGen: 136256K->96K(239616K)] 732662K->596518K(939008K), 0.0038630 secs] [Times: user=0.02 sys=0.00, real=0.01 secs] 
72.429: [GC [PSYoungGen: 136288K->128K(258560K)] 732710K->596558K(957952K), 0.0032170 secs] [Times: user=0.01 sys=0.00, real=0.01 secs] 
72.485: [GC [PSYoungGen: 161408K->1984K(252416K)] 757838K->598462K(951808K), 0.0040950 secs] [Times: user=0.01 sys=0.00, real=0.00 secs] 
72.540: [GC [PSYoungGen: 163264K->5120K(270848K)] 759742K->603486K(970240K), 0.0049110 secs] [Times: user=0.02 sys=0.00, real=0.01 secs] 
72.591: [GC [PSYoungGen: 190976K->9888K(264704K)] 789342K->613054K(964096K), 0.0074660 secs] [Times: user=0.03 sys=0.00, real=0.01 secs] 
72.651: [GC [PSYoungGen: 195744K->9600K(283648K)] 798910K->622174K(983040K), 0.0107360 secs] [Times: user=0.03 sys=0.00, real=0.01 secs] 
72.720: [GC [PSYoungGen: 221056K->14272K(277504K)] 833630K->635430K(976896K), 0.0118410 secs] [Times: user=0.05 sys=0.00, real=0.01 secs] 
72.784: [GC [PSYoungGen: 225728K->12352K(292352K)] 846886K->647758K(991744K), 0.0134390 secs] [Times: user=0.05 sys=0.00, real=0.01 secs] 
72.861: [GC [PSYoungGen: 242752K->13536K(287744K)] 878158K->661302K(987136K), 0.0221520 secs] [Times: user=0.09 sys=0.00, real=0.03 secs] 
72.956: [GC [PSYoungGen: 243936K->9568K(300032K)] 891702K->670854K(999424K), 0.0198950 secs] [Times: user=0.07 sys=0.00, real=0.02 secs] 
73.038: [GC [PSYoungGen: 255840K->16320K(295936K)] 917126K->687166K(995328K), 0.0139090 secs] [Times: user=0.05 sys=0.00, real=0.01 secs] 
73.113: [GC [PSYoungGen: 262592K->8224K(304640K)] 933438K->695430K(1004032K), 0.0122530 secs] [Times: user=0.05 sys=0.00, real=0.01 secs] 
73.125: [Full GC [PSYoungGen: 8224K->0K(304640K)] [ParOldGen: 687206K->348700K(699392K)] 695430K->348700K(1004032K) [PSPermGen: 45426K->45426K(76288K)], 0.2881890 secs] [Times: user=0.87 sys=0.00, real=0.29 secs] 
73.469: [GC [PSYoungGen: 256512K->128K(301568K)] 605212K->348828K(1000960K), 0.0028820 secs] [Times: user=0.01 sys=0.00, real=0.00 secs] 
73.528: [GC [PSYoungGen: 256640K->128K(307712K)] 605340K->348852K(1007104K), 0.0018140 secs] [Times: user=0.01 sys=0.00, real=0.00 secs] 
73.588: [GC [PSYoungGen: 264320K->128K(306176K)] 613044K->348868K(1005568K), 0.0017380 secs] [Times: user=0.00 sys=0.00, real=0.00 secs] 
73.646: [GC [PSYoungGen: 264320K->64K(311296K)] 613060K->348804K(1010688K), 0.0025250 secs] [Times: user=0.00 sys=0.00, real=0.00 secs] 
73.708: [GC [PSYoungGen: 271424K->64K(309760K)] 620164K->348804K(1009152K), 0.0018850 secs] [Times: user=0.00 sys=0.00, real=0.00 secs] 
73.768: [GC [PSYoungGen: 271424K->128K(314880K)] 620164K->348868K(1014272K), 0.0021850 secs] [Times: user=0.01 sys=0.00, real=0.00 secs] 
73.840: [GC [PSYoungGen: 278656K->64K(313344K)] 627396K->348804K(1012736K), 0.0027210 secs] [Times: user=0.01 sys=0.00, real=0.01 secs] 
73.909: [GC [PSYoungGen: 278592K->128K(318464K)] 627332K->348868K(1017856K), 0.0018850 secs] [Times: user=0.01 sys=0.00, real=0.00 secs] 
73.979: [GC [PSYoungGen: 285824K->64K(316928K)] 634564K->348804K(1016320K), 0.0040880 secs] [Times: user=0.01 sys=0.00, real=0.01 secs] 
74.055: [GC [PSYoungGen: 285760K->128K(322048K)] 634500K->348868K(1021440K), 0.0018380 secs] [Times: user=0.00 sys=0.00, real=0.00 secs] 
74.128: [GC [PSYoungGen: 292992K->128K(320512K)] 641732K->348868K(1019904K), 0.0018730 secs] [Times: user=0.00 sys=0.00, real=0.00 secs] 
74.221: [GC [PSYoungGen: 292992K->2208K(325632K)] 641732K->350948K(1025024K), 0.0026920 secs] [Times: user=0.01 sys=0.00, real=0.01 secs] 
74.335: [GC [PSYoungGen: 302240K->24032K(324096K)] 650980K->375060K(1023488K), 0.0090820 secs] [Times: user=0.03 sys=0.00, real=0.01 secs] 
74.427: [GC [PSYoungGen: 324064K->25568K(276992K)] 675092K->413932K(976384K), 0.0206560 secs] [Times: user=0.08 sys=0.00, real=0.02 secs] 
74.529: [GC [PSYoungGen: 276960K->49120K(300544K)] 665324K->452644K(999936K), 0.0215430 secs] [Times: user=0.08 sys=0.00, real=0.02 secs] 
74.636: [GC [PSYoungGen: 300512K->49120K(218624K)] 704036K->501372K(918016K), 0.0314720 secs] [Times: user=0.12 sys=0.00, real=0.03 secs] 
74.740: [GC [PSYoungGen: 218592K->90080K(259584K)] 670844K->544236K(958976K), 0.0276300 secs] [Times: user=0.09 sys=0.00, real=0.03 secs] 
74.821: [GC [PSYoungGen: 259552K->90080K(207360K)] 713708K->570988K(906752K), 0.0335220 secs] [Times: user=0.12 sys=0.00, real=0.04 secs] 
74.890: [GC [PSYoungGen: 207328K->104224K(233472K)] 688236K->585284K(932864K), 0.0283540 secs] [Times: user=0.11 sys=0.00, real=0.03 secs] 
74.944: [GC [PSYoungGen: 221472K->86784K(233472K)] 702532K->590108K(932864K), 0.0287800 secs] [Times: user=0.10 sys=0.00, real=0.03 secs] 
74.994: [GC [PSYoungGen: 204032K->18976K(233472K)] 707356K->590420K(932864K), 0.0284600 secs] [Times: user=0.11 sys=0.00, real=0.03 secs] 
75.049: [GC [PSYoungGen: 136224K->96K(233472K)] 707668K->590564K(932864K), 0.0177180 secs] [Times: user=0.07 sys=0.00, real=0.02 secs] 
75.089: [GC [PSYoungGen: 117344K->96K(233472K)] 707812K->590580K(932864K), 0.0031440 secs] [Times: user=0.01 sys=0.00, real=0.01 secs] 
75.122: [GC [PSYoungGen: 117344K->64K(233472K)] 707828K->590564K(932864K), 0.0030350 secs] [Times: user=0.01 sys=0.00, real=0.01 secs] 
75.149: [GC [PSYoungGen: 117312K->96K(233472K)] 707812K->590612K(932864K), 0.0030870 secs] [Times: user=0.01 sys=0.00, real=0.00 secs] 
75.174: [GC [PSYoungGen: 117344K->96K(233472K)] 707860K->590628K(932864K), 0.0030310 secs] [Times: user=0.01 sys=0.00, real=0.00 secs] 
75.199: [GC [PSYoungGen: 117344K->96K(233472K)] 707876K->590644K(932864K), 0.0030990 secs] [Times: user=0.01 sys=0.00, real=0.00 secs] 
75.225: [GC [PSYoungGen: 117344K->32K(233472K)] 707892K->590588K(932864K), 0.0037010 secs] [Times: user=0.01 sys=0.00, real=0.00 secs] 
75.255: [GC [PSYoungGen: 117280K->96K(233472K)] 707836K->590668K(932864K), 0.0038440 secs] [Times: user=0.02 sys=0.00, real=0.00 secs] 
75.281: [GC [PSYoungGen: 117344K->64K(243200K)] 707916K->590652K(942592K), 0.0032470 secs] [Times: user=0.01 sys=0.00, real=0.01 secs] 
75.311: [GC [PSYoungGen: 131136K->64K(237568K)] 721724K->590660K(936960K), 0.0035600 secs] [Times: user=0.01 sys=0.00, real=0.01 secs] 
75.342: [GC [PSYoungGen: 131136K->64K(254464K)] 721732K->590668K(953856K), 0.0042850 secs] [Times: user=0.01 sys=0.00, real=0.00 secs] 
75.380: [GC [PSYoungGen: 153664K->96K(248832K)] 744268K->590716K(948224K), 0.0039430 secs] [Times: user=0.02 sys=0.00, real=0.01 secs] 
75.417: [GC [PSYoungGen: 153696K->96K(265216K)] 744316K->590732K(964608K), 0.0031370 secs] [Times: user=0.01 sys=0.00, real=0.00 secs] 
75.462: [GC [PSYoungGen: 175712K->96K(260096K)] 766348K->590740K(959488K), 0.0030790 secs] [Times: user=0.01 sys=0.00, real=0.01 secs] 
75.509: [GC [PSYoungGen: 175712K->96K(275456K)] 766356K->590764K(974848K), 0.0031350 secs] [Times: user=0.01 sys=0.00, real=0.00 secs] 
75.558: [GC [PSYoungGen: 196192K->96K(270336K)] 786860K->590764K(969728K), 0.0031160 secs] [Times: user=0.01 sys=0.00, real=0.00 secs] 
75.623: [GC [PSYoungGen: 196192K->128K(284672K)] 786860K->590796K(984064K), 0.0032330 secs] [Times: user=0.01 sys=0.00, real=0.00 secs] 
75.689: [GC [PSYoungGen: 215168K->7424K(280064K)] 805836K->598092K(979456K), 0.0067480 secs] [Times: user=0.02 sys=0.00, real=0.01 secs] 
75.784: [GC [PSYoungGen: 222464K->20576K(290816K)] 813132K->611244K(990208K), 0.0130510 secs] [Times: user=0.04 sys=0.00, real=0.01 secs] 
75.870: [GC [PSYoungGen: 252000K->33888K(265728K)] 842668K->624556K(965120K), 0.0165270 secs] [Times: user=0.06 sys=0.00, real=0.02 secs] 
75.967: [GC [PSYoungGen: 265312K->46240K(271360K)] 855980K->636924K(970752K), 0.0340020 secs] [Times: user=0.13 sys=0.00, real=0.03 secs] 
76.074: [GC [PSYoungGen: 254624K->59008K(267776K)] 845308K->649748K(967168K), 0.0208400 secs] [Times: user=0.06 sys=0.00, real=0.02 secs] 
76.167: [GC [PSYoungGen: 267392K->66016K(245760K)] 858132K->676300K(945152K), 0.0318060 secs] [Times: user=0.11 sys=0.00, real=0.03 secs] 
76.255: [GC [PSYoungGen: 230368K->37696K(257024K)] 840652K->672772K(956416K), 0.0456890 secs] [Times: user=0.17 sys=0.00, real=0.04 secs] 
76.360: [GC [PSYoungGen: 202048K->16896K(264192K)] 837124K->685260K(963584K), 0.0248680 secs] [Times: user=0.09 sys=0.00, real=0.03 secs] 
76.385: [Full GC [PSYoungGen: 16896K->0K(264192K)] [ParOldGen: 668364K->346519K(699392K)] 685260K->346519K(963584K) [PSPermGen: 45428K->45428K(72704K)], 0.2792200 secs] [Times: user=0.81 sys=0.00, real=0.28 secs] 
76.707: [GC [PSYoungGen: 173568K->2080K(259072K)] 520087K->348599K(958464K), 0.0058150 secs] [Times: user=0.01 sys=0.00, real=0.01 secs] 
76.753: [GC [PSYoungGen: 175648K->96K(268288K)] 522167K->348639K(967680K), 0.0061080 secs] [Times: user=0.02 sys=0.00, real=0.00 secs] 
76.801: [GC [PSYoungGen: 184928K->128K(266240K)] 533471K->348679K(965632K), 0.0028240 secs] [Times: user=0.00 sys=0.00, real=0.01 secs] 
76.845: [GC [PSYoungGen: 184960K->128K(273920K)] 533511K->348695K(973312K), 0.0030820 secs] [Times: user=0.00 sys=0.00, real=0.00 secs] 
76.899: [GC [PSYoungGen: 195712K->128K(271360K)] 544279K->348711K(970752K), 0.0029830 secs] [Times: user=0.00 sys=0.00, real=0.00 secs] 
76.947: [GC [PSYoungGen: 195712K->64K(280576K)] 544295K->348655K(979968K), 0.0021840 secs] [Times: user=0.00 sys=0.00, real=0.00 secs] 
77.000: [GC [PSYoungGen: 208448K->128K(277504K)] 557039K->348735K(976896K), 0.0018650 secs] [Times: user=0.01 sys=0.00, real=0.00 secs] 
77.049: [GC [PSYoungGen: 208512K->96K(287232K)] 557119K->348703K(986624K), 0.0033180 secs] [Times: user=0.01 sys=0.00, real=0.01 secs] 
77.109: [GC [PSYoungGen: 221280K->96K(283648K)] 569887K->348703K(983040K), 0.0034500 secs] [Times: user=0.01 sys=0.00, real=0.01 secs] 
77.168: [GC [PSYoungGen: 221280K->96K(293888K)] 569887K->348703K(993280K), 0.0020270 secs] [Times: user=0.00 sys=0.00, real=0.00 secs] 
77.231: [GC [PSYoungGen: 234592K->96K(290304K)] 583199K->348703K(989696K), 0.0021510 secs] [Times: user=0.01 sys=0.00, real=0.01 secs] 
77.292: [GC [PSYoungGen: 234592K->32K(300032K)] 583199K->348639K(999424K), 0.0045700 secs] [Times: user=0.00 sys=0.00, real=0.01 secs] 
77.357: [GC [PSYoungGen: 247328K->96K(296960K)] 595935K->348703K(996352K), 0.0048280 secs] [Times: user=0.01 sys=0.00, real=0.01 secs] 
77.424: [GC [PSYoungGen: 247392K->64K(306176K)] 595999K->348671K(1005568K), 0.0033590 secs] [Times: user=0.00 sys=0.00, real=0.00 secs] 
77.491: [GC [PSYoungGen: 259648K->128K(303104K)] 608255K->348735K(1002496K), 0.0029220 secs] [Times: user=0.01 sys=0.00, real=0.01 secs] 
77.564: [GC [PSYoungGen: 259712K->96K(311808K)] 608319K->348703K(1011200K), 0.0044950 secs] [Times: user=0.01 sys=0.00, real=0.00 secs] 
77.674: [GC [PSYoungGen: 270944K->128K(308736K)] 619551K->348735K(1008128K), 0.0023280 secs] [Times: user=0.00 sys=0.00, real=0.00 secs] 
77.843: [GC [PSYoungGen: 270976K->160K(316416K)] 619583K->348767K(1015808K), 0.0036360 secs] [Times: user=0.01 sys=0.00, real=0.00 secs] 
78.073: [GC [PSYoungGen: 280736K->96K(313856K)] 629343K->348703K(1013248K), 0.0034450 secs] [Times: user=0.00 sys=0.00, real=0.00 secs] 
78.303: [GC [PSYoungGen: 280672K->96K(321024K)] 629279K->348703K(1020416K), 0.0022150 secs] [Times: user=0.01 sys=0.00, real=0.00 secs] 
79.697: [GC [PSYoungGen: 290400K->4919K(318976K)] 639007K->353527K(1018368K), 0.0091950 secs] [Times: user=0.01 sys=0.00, real=0.01 secs] 
Heap
 PSYoungGen      total 318976K, used 27873K [0x00000000eaa80000, 0x0000000100000000, 0x0000000100000000)
  eden space 290304K, 7% used [0x00000000eaa80000,0x00000000ec0ea698,0x00000000fc600000)
  from space 28672K, 17% used [0x00000000fc600000,0x00000000fcacdf48,0x00000000fe200000)
  to   space 26624K, 0% used [0x00000000fe600000,0x00000000fe600000,0x0000000100000000)
 ParOldGen       total 699392K, used 348607K [0x00000000bff80000, 0x00000000eaa80000, 0x00000000eaa80000)
  object space 699392K, 49% used [0x00000000bff80000,0x00000000d53efe30,0x00000000eaa80000)
 PSPermGen       total 72704K, used 46473K [0x00000000aff80000, 0x00000000b4680000, 0x00000000bff80000)
  object space 72704K, 63% used [0x00000000aff80000,0x00000000b2ce2640,0x00000000b4680000)
  
#-XX:InitialHeapSize=1073741824 -XX:MaxHeapSize=1073741824 -XX:MaxPermSize=268435456

